23:23:13 **** Build of configuration Debug for project MK64F12_Project ****
make -r -j2 all 
Building file: ../utilities/fsl_debug_console.c
Building file: ../utilities/fsl_str.c
Invoking: MCU C Compiler
arm-none-eabi-gcc -DCPU_MK64FN1M0VLL12 -DCPU_MK64FN1M0VLL12_cm4 -DFSL_RTOS_BM -DSDK_OS_BAREMETAL -DSDK_DEBUGCONSOLE=0 -DCR_INTEGER_PRINTF -DPRINTF_FLOAT_ENABLE=0 -DSERIAL_PORT_TYPE_UART=1 -D__MCUXPRESSO -D__USE_CMSIS -DDEBUG -D__REDLIB__ -I"C:\Users\Matias\Desktop\ITBA\TPF-LABmicros\TPFworkspace\flash\workspace\MK64F12_Project\board" -I"C:\Users\Matias\Desktop\ITBA\TPF-LABmicros\TPFworkspace\flash\workspace\MK64F12_Project\source" -I"C:\Users\Matias\Desktop\ITBA\TPF-LABmicros\TPFworkspace\flash\workspace\MK64F12_Project" -I"C:\Users\Matias\Desktop\ITBA\TPF-LABmicros\TPFworkspace\flash\workspace\MK64F12_Project\drivers" -I"C:\Users\Matias\Desktop\ITBA\TPF-LABmicros\TPFworkspace\flash\workspace\MK64F12_Project\utilities" -I"C:\Users\Matias\Desktop\ITBA\TPF-LABmicros\TPFworkspace\flash\workspace\MK64F12_Project\component\serial_manager" -I"C:\Users\Matias\Desktop\ITBA\TPF-LABmicros\TPFworkspace\flash\workspace\MK64F12_Project\component\uart" -I"C:\Users\Matias\Desktop\ITBA\TPF-LABmicros\TPFworkspace\flash\workspace\MK64F12_Project\component\lists" -I"C:\Users\Matias\Desktop\ITBA\TPF-LABmicros\TPFworkspace\flash\workspace\MK64F12_Project\device" -I"C:\Users\Matias\Desktop\ITBA\TPF-LABmicros\TPFworkspace\flash\workspace\MK64F12_Project\CMSIS" -O0 -fno-common -g3 -Wall -c -ffunction-sections -fdata-sections -ffreestanding -fno-builtin -fmerge-constants -fmacro-prefix-map="../utilities/"=. -mcpu=cortex-m4 -mfpu=fpv4-sp-d16 -mfloat-abi=hard -mthumb -D__REDLIB__ -fstack-usage -specs=redlib.specs -MMD -MP -MF"utilities/fsl_str.d" -MT"utilities/fsl_str.o" -MT"utilities/fsl_str.d" -o "utilities/fsl_str.o" "../utilities/fsl_str.c"
Invoking: MCU C Compiler
arm-none-eabi-gcc -DCPU_MK64FN1M0VLL12 -DCPU_MK64FN1M0VLL12_cm4 -DFSL_RTOS_BM -DSDK_OS_BAREMETAL -DSDK_DEBUGCONSOLE=0 -DCR_INTEGER_PRINTF -DPRINTF_FLOAT_ENABLE=0 -DSERIAL_PORT_TYPE_UART=1 -D__MCUXPRESSO -D__USE_CMSIS -DDEBUG -D__REDLIB__ -I"C:\Users\Matias\Desktop\ITBA\TPF-LABmicros\TPFworkspace\flash\workspace\MK64F12_Project\board" -I"C:\Users\Matias\Desktop\ITBA\TPF-LABmicros\TPFworkspace\flash\workspace\MK64F12_Project\source" -I"C:\Users\Matias\Desktop\ITBA\TPF-LABmicros\TPFworkspace\flash\workspace\MK64F12_Project" -I"C:\Users\Matias\Desktop\ITBA\TPF-LABmicros\TPFworkspace\flash\workspace\MK64F12_Project\drivers" -I"C:\Users\Matias\Desktop\ITBA\TPF-LABmicros\TPFworkspace\flash\workspace\MK64F12_Project\utilities" -I"C:\Users\Matias\Desktop\ITBA\TPF-LABmicros\TPFworkspace\flash\workspace\MK64F12_Project\component\serial_manager" -I"C:\Users\Matias\Desktop\ITBA\TPF-LABmicros\TPFworkspace\flash\workspace\MK64F12_Project\component\uart" -I"C:\Users\Matias\Desktop\ITBA\TPF-LABmicros\TPFworkspace\flash\workspace\MK64F12_Project\component\lists" -I"C:\Users\Matias\Desktop\ITBA\TPF-LABmicros\TPFworkspace\flash\workspace\MK64F12_Project\device" -I"C:\Users\Matias\Desktop\ITBA\TPF-LABmicros\TPFworkspace\flash\workspace\MK64F12_Project\CMSIS" -O0 -fno-common -g3 -Wall -c -ffunction-sections -fdata-sections -ffreestanding -fno-builtin -fmerge-constants -fmacro-prefix-map="../utilities/"=. -mcpu=cortex-m4 -mfpu=fpv4-sp-d16 -mfloat-abi=hard -mthumb -D__REDLIB__ -fstack-usage -specs=redlib.specs -MMD -MP -MF"utilities/fsl_debug_console.d" -MT"utilities/fsl_debug_console.o" -MT"utilities/fsl_debug_console.d" -o "utilities/fsl_debug_console.o" "../utilities/fsl_debug_console.c"
Finished building: ../utilities/fsl_str.c
 
Finished building: ../utilities/fsl_debug_console.c
 
Building file: ../startup/startup_mk64f12.c
Invoking: MCU C Compiler
Building file: ../source/MK64F12_Project.c
arm-none-eabi-gcc -DCPU_MK64FN1M0VLL12 -DCPU_MK64FN1M0VLL12_cm4 -DFSL_RTOS_BM -DSDK_OS_BAREMETAL -DSDK_DEBUGCONSOLE=0 -DCR_INTEGER_PRINTF -DPRINTF_FLOAT_ENABLE=0 -DSERIAL_PORT_TYPE_UART=1 -D__MCUXPRESSO -D__USE_CMSIS -DDEBUG -D__REDLIB__ -I"C:\Users\Matias\Desktop\ITBA\TPF-LABmicros\TPFworkspace\flash\workspace\MK64F12_Project\board" -I"C:\Users\Matias\Desktop\ITBA\TPF-LABmicros\TPFworkspace\flash\workspace\MK64F12_Project\source" -I"C:\Users\Matias\Desktop\ITBA\TPF-LABmicros\TPFworkspace\flash\workspace\MK64F12_Project" -I"C:\Users\Matias\Desktop\ITBA\TPF-LABmicros\TPFworkspace\flash\workspace\MK64F12_Project\drivers" -I"C:\Users\Matias\Desktop\ITBA\TPF-LABmicros\TPFworkspace\flash\workspace\MK64F12_Project\utilities" -I"C:\Users\Matias\Desktop\ITBA\TPF-LABmicros\TPFworkspace\flash\workspace\MK64F12_Project\component\serial_manager" -I"C:\Users\Matias\Desktop\ITBA\TPF-LABmicros\TPFworkspace\flash\workspace\MK64F12_Project\component\uart" -I"C:\Users\Matias\Desktop\ITBA\TPF-LABmicros\TPFworkspace\flash\workspace\MK64F12_Project\component\lists" -I"C:\Users\Matias\Desktop\ITBA\TPF-LABmicros\TPFworkspace\flash\workspace\MK64F12_Project\device" -I"C:\Users\Matias\Desktop\ITBA\TPF-LABmicros\TPFworkspace\flash\workspace\MK64F12_Project\CMSIS" -O0 -fno-common -g3 -Wall -c -ffunction-sections -fdata-sections -ffreestanding -fno-builtin -fmerge-constants -fmacro-prefix-map="../startup/"=. -mcpu=cortex-m4 -mfpu=fpv4-sp-d16 -mfloat-abi=hard -mthumb -D__REDLIB__ -fstack-usage -specs=redlib.specs -MMD -MP -MF"startup/startup_mk64f12.d" -MT"startup/startup_mk64f12.o" -MT"startup/startup_mk64f12.d" -o "startup/startup_mk64f12.o" "../startup/startup_mk64f12.c"
Invoking: MCU C Compiler
arm-none-eabi-gcc -DCPU_MK64FN1M0VLL12 -DCPU_MK64FN1M0VLL12_cm4 -DFSL_RTOS_BM -DSDK_OS_BAREMETAL -DSDK_DEBUGCONSOLE=0 -DCR_INTEGER_PRINTF -DPRINTF_FLOAT_ENABLE=0 -DSERIAL_PORT_TYPE_UART=1 -D__MCUXPRESSO -D__USE_CMSIS -DDEBUG -D__REDLIB__ -I"C:\Users\Matias\Desktop\ITBA\TPF-LABmicros\TPFworkspace\flash\workspace\MK64F12_Project\board" -I"C:\Users\Matias\Desktop\ITBA\TPF-LABmicros\TPFworkspace\flash\workspace\MK64F12_Project\source" -I"C:\Users\Matias\Desktop\ITBA\TPF-LABmicros\TPFworkspace\flash\workspace\MK64F12_Project" -I"C:\Users\Matias\Desktop\ITBA\TPF-LABmicros\TPFworkspace\flash\workspace\MK64F12_Project\drivers" -I"C:\Users\Matias\Desktop\ITBA\TPF-LABmicros\TPFworkspace\flash\workspace\MK64F12_Project\utilities" -I"C:\Users\Matias\Desktop\ITBA\TPF-LABmicros\TPFworkspace\flash\workspace\MK64F12_Project\component\serial_manager" -I"C:\Users\Matias\Desktop\ITBA\TPF-LABmicros\TPFworkspace\flash\workspace\MK64F12_Project\component\uart" -I"C:\Users\Matias\Desktop\ITBA\TPF-LABmicros\TPFworkspace\flash\workspace\MK64F12_Project\component\lists" -I"C:\Users\Matias\Desktop\ITBA\TPF-LABmicros\TPFworkspace\flash\workspace\MK64F12_Project\device" -I"C:\Users\Matias\Desktop\ITBA\TPF-LABmicros\TPFworkspace\flash\workspace\MK64F12_Project\CMSIS" -O0 -fno-common -g3 -Wall -c -ffunction-sections -fdata-sections -ffreestanding -fno-builtin -fmerge-constants -fmacro-prefix-map="../source/"=. -mcpu=cortex-m4 -mfpu=fpv4-sp-d16 -mfloat-abi=hard -mthumb -D__REDLIB__ -fstack-usage -specs=redlib.specs -MMD -MP -MF"source/MK64F12_Project.d" -MT"source/MK64F12_Project.o" -MT"source/MK64F12_Project.d" -o "source/MK64F12_Project.o" "../source/MK64F12_Project.c"
../source/MK64F12_Project.c: In function 'main':
../source/MK64F12_Project.c:64:18: warning: assignment to 'uint8_t *' {aka 'unsigned char *'} from incompatible pointer type 'uint16_t *' {aka 'short unsigned int *'} [-Wincompatible-pointer-types]
   64 |     xfer[0].data = buffer;
      |                  ^
Finished building: ../startup/startup_mk64f12.c
 
Building file: ../source/UDA.c
Invoking: MCU C Compiler
arm-none-eabi-gcc -DCPU_MK64FN1M0VLL12 -DCPU_MK64FN1M0VLL12_cm4 -DFSL_RTOS_BM -DSDK_OS_BAREMETAL -DSDK_DEBUGCONSOLE=0 -DCR_INTEGER_PRINTF -DPRINTF_FLOAT_ENABLE=0 -DSERIAL_PORT_TYPE_UART=1 -D__MCUXPRESSO -D__USE_CMSIS -DDEBUG -D__REDLIB__ -I"C:\Users\Matias\Desktop\ITBA\TPF-LABmicros\TPFworkspace\flash\workspace\MK64F12_Project\board" -I"C:\Users\Matias\Desktop\ITBA\TPF-LABmicros\TPFworkspace\flash\workspace\MK64F12_Project\source" -I"C:\Users\Matias\Desktop\ITBA\TPF-LABmicros\TPFworkspace\flash\workspace\MK64F12_Project" -I"C:\Users\Matias\Desktop\ITBA\TPF-LABmicros\TPFworkspace\flash\workspace\MK64F12_Project\drivers" -I"C:\Users\Matias\Desktop\ITBA\TPF-LABmicros\TPFworkspace\flash\workspace\MK64F12_Project\utilities" -I"C:\Users\Matias\Desktop\ITBA\TPF-LABmicros\TPFworkspace\flash\workspace\MK64F12_Project\component\serial_manager" -I"C:\Users\Matias\Desktop\ITBA\TPF-LABmicros\TPFworkspace\flash\workspace\MK64F12_Project\component\uart" -I"C:\Users\Matias\Desktop\ITBA\TPF-LABmicros\TPFworkspace\flash\workspace\MK64F12_Project\component\lists" -I"C:\Users\Matias\Desktop\ITBA\TPF-LABmicros\TPFworkspace\flash\workspace\MK64F12_Project\device" -I"C:\Users\Matias\Desktop\ITBA\TPF-LABmicros\TPFworkspace\flash\workspace\MK64F12_Project\CMSIS" -O0 -fno-common -g3 -Wall -c -ffunction-sections -fdata-sections -ffreestanding -fno-builtin -fmerge-constants -fmacro-prefix-map="../source/"=. -mcpu=cortex-m4 -mfpu=fpv4-sp-d16 -mfloat-abi=hard -mthumb -D__REDLIB__ -fstack-usage -specs=redlib.specs -MMD -MP -MF"source/UDA.d" -MT"source/UDA.o" -MT"source/UDA.d" -o "source/UDA.o" "../source/UDA.c"
Finished building: ../source/MK64F12_Project.c
 
Building file: ../source/semihost_hardfault.c
Invoking: MCU C Compiler
arm-none-eabi-gcc -DCPU_MK64FN1M0VLL12 -DCPU_MK64FN1M0VLL12_cm4 -DFSL_RTOS_BM -DSDK_OS_BAREMETAL -DSDK_DEBUGCONSOLE=0 -DCR_INTEGER_PRINTF -DPRINTF_FLOAT_ENABLE=0 -DSERIAL_PORT_TYPE_UART=1 -D__MCUXPRESSO -D__USE_CMSIS -DDEBUG -D__REDLIB__ -I"C:\Users\Matias\Desktop\ITBA\TPF-LABmicros\TPFworkspace\flash\workspace\MK64F12_Project\board" -I"C:\Users\Matias\Desktop\ITBA\TPF-LABmicros\TPFworkspace\flash\workspace\MK64F12_Project\source" -I"C:\Users\Matias\Desktop\ITBA\TPF-LABmicros\TPFworkspace\flash\workspace\MK64F12_Project" -I"C:\Users\Matias\Desktop\ITBA\TPF-LABmicros\TPFworkspace\flash\workspace\MK64F12_Project\drivers" -I"C:\Users\Matias\Desktop\ITBA\TPF-LABmicros\TPFworkspace\flash\workspace\MK64F12_Project\utilities" -I"C:\Users\Matias\Desktop\ITBA\TPF-LABmicros\TPFworkspace\flash\workspace\MK64F12_Project\component\serial_manager" -I"C:\Users\Matias\Desktop\ITBA\TPF-LABmicros\TPFworkspace\flash\workspace\MK64F12_Project\component\uart" -I"C:\Users\Matias\Desktop\ITBA\TPF-LABmicros\TPFworkspace\flash\workspace\MK64F12_Project\component\lists" -I"C:\Users\Matias\Desktop\ITBA\TPF-LABmicros\TPFworkspace\flash\workspace\MK64F12_Project\device" -I"C:\Users\Matias\Desktop\ITBA\TPF-LABmicros\TPFworkspace\flash\workspace\MK64F12_Project\CMSIS" -O0 -fno-common -g3 -Wall -c -ffunction-sections -fdata-sections -ffreestanding -fno-builtin -fmerge-constants -fmacro-prefix-map="../source/"=. -mcpu=cortex-m4 -mfpu=fpv4-sp-d16 -mfloat-abi=hard -mthumb -D__REDLIB__ -fstack-usage -specs=redlib.specs -MMD -MP -MF"source/semihost_hardfault.d" -MT"source/semihost_hardfault.o" -MT"source/semihost_hardfault.d" -o "source/semihost_hardfault.o" "../source/semihost_hardfault.c"
Finished building: ../source/semihost_hardfault.c
 
Building file: ../drivers/fsl_adc16.c
Invoking: MCU C Compiler
arm-none-eabi-gcc -DCPU_MK64FN1M0VLL12 -DCPU_MK64FN1M0VLL12_cm4 -DFSL_RTOS_BM -DSDK_OS_BAREMETAL -DSDK_DEBUGCONSOLE=0 -DCR_INTEGER_PRINTF -DPRINTF_FLOAT_ENABLE=0 -DSERIAL_PORT_TYPE_UART=1 -D__MCUXPRESSO -D__USE_CMSIS -DDEBUG -D__REDLIB__ -I"C:\Users\Matias\Desktop\ITBA\TPF-LABmicros\TPFworkspace\flash\workspace\MK64F12_Project\board" -I"C:\Users\Matias\Desktop\ITBA\TPF-LABmicros\TPFworkspace\flash\workspace\MK64F12_Project\source" -I"C:\Users\Matias\Desktop\ITBA\TPF-LABmicros\TPFworkspace\flash\workspace\MK64F12_Project" -I"C:\Users\Matias\Desktop\ITBA\TPF-LABmicros\TPFworkspace\flash\workspace\MK64F12_Project\drivers" -I"C:\Users\Matias\Desktop\ITBA\TPF-LABmicros\TPFworkspace\flash\workspace\MK64F12_Project\utilities" -I"C:\Users\Matias\Desktop\ITBA\TPF-LABmicros\TPFworkspace\flash\workspace\MK64F12_Project\component\serial_manager" -I"C:\Users\Matias\Desktop\ITBA\TPF-LABmicros\TPFworkspace\flash\workspace\MK64F12_Project\component\uart" -I"C:\Users\Matias\Desktop\ITBA\TPF-LABmicros\TPFworkspace\flash\workspace\MK64F12_Project\component\lists" -I"C:\Users\Matias\Desktop\ITBA\TPF-LABmicros\TPFworkspace\flash\workspace\MK64F12_Project\device" -I"C:\Users\Matias\Desktop\ITBA\TPF-LABmicros\TPFworkspace\flash\workspace\MK64F12_Project\CMSIS" -O0 -fno-common -g3 -Wall -c -ffunction-sections -fdata-sections -ffreestanding -fno-builtin -fmerge-constants -fmacro-prefix-map="../drivers/"=. -mcpu=cortex-m4 -mfpu=fpv4-sp-d16 -mfloat-abi=hard -mthumb -D__REDLIB__ -fstack-usage -specs=redlib.specs -MMD -MP -MF"drivers/fsl_adc16.d" -MT"drivers/fsl_adc16.o" -MT"drivers/fsl_adc16.d" -o "drivers/fsl_adc16.o" "../drivers/fsl_adc16.c"
Finished building: ../source/UDA.c
 
Building file: ../drivers/fsl_clock.c
Invoking: MCU C Compiler
arm-none-eabi-gcc -DCPU_MK64FN1M0VLL12 -DCPU_MK64FN1M0VLL12_cm4 -DFSL_RTOS_BM -DSDK_OS_BAREMETAL -DSDK_DEBUGCONSOLE=0 -DCR_INTEGER_PRINTF -DPRINTF_FLOAT_ENABLE=0 -DSERIAL_PORT_TYPE_UART=1 -D__MCUXPRESSO -D__USE_CMSIS -DDEBUG -D__REDLIB__ -I"C:\Users\Matias\Desktop\ITBA\TPF-LABmicros\TPFworkspace\flash\workspace\MK64F12_Project\board" -I"C:\Users\Matias\Desktop\ITBA\TPF-LABmicros\TPFworkspace\flash\workspace\MK64F12_Project\source" -I"C:\Users\Matias\Desktop\ITBA\TPF-LABmicros\TPFworkspace\flash\workspace\MK64F12_Project" -I"C:\Users\Matias\Desktop\ITBA\TPF-LABmicros\TPFworkspace\flash\workspace\MK64F12_Project\drivers" -I"C:\Users\Matias\Desktop\ITBA\TPF-LABmicros\TPFworkspace\flash\workspace\MK64F12_Project\utilities" -I"C:\Users\Matias\Desktop\ITBA\TPF-LABmicros\TPFworkspace\flash\workspace\MK64F12_Project\component\serial_manager" -I"C:\Users\Matias\Desktop\ITBA\TPF-LABmicros\TPFworkspace\flash\workspace\MK64F12_Project\component\uart" -I"C:\Users\Matias\Desktop\ITBA\TPF-LABmicros\TPFworkspace\flash\workspace\MK64F12_Project\component\lists" -I"C:\Users\Matias\Desktop\ITBA\TPF-LABmicros\TPFworkspace\flash\workspace\MK64F12_Project\device" -I"C:\Users\Matias\Desktop\ITBA\TPF-LABmicros\TPFworkspace\flash\workspace\MK64F12_Project\CMSIS" -O0 -fno-common -g3 -Wall -c -ffunction-sections -fdata-sections -ffreestanding -fno-builtin -fmerge-constants -fmacro-prefix-map="../drivers/"=. -mcpu=cortex-m4 -mfpu=fpv4-sp-d16 -mfloat-abi=hard -mthumb -D__REDLIB__ -fstack-usage -specs=redlib.specs -MMD -MP -MF"drivers/fsl_clock.d" -MT"drivers/fsl_clock.o" -MT"drivers/fsl_clock.d" -o "drivers/fsl_clock.o" "../drivers/fsl_clock.c"
Finished building: ../drivers/fsl_adc16.c
 
Building file: ../drivers/fsl_common.c
Invoking: MCU C Compiler
arm-none-eabi-gcc -DCPU_MK64FN1M0VLL12 -DCPU_MK64FN1M0VLL12_cm4 -DFSL_RTOS_BM -DSDK_OS_BAREMETAL -DSDK_DEBUGCONSOLE=0 -DCR_INTEGER_PRINTF -DPRINTF_FLOAT_ENABLE=0 -DSERIAL_PORT_TYPE_UART=1 -D__MCUXPRESSO -D__USE_CMSIS -DDEBUG -D__REDLIB__ -I"C:\Users\Matias\Desktop\ITBA\TPF-LABmicros\TPFworkspace\flash\workspace\MK64F12_Project\board" -I"C:\Users\Matias\Desktop\ITBA\TPF-LABmicros\TPFworkspace\flash\workspace\MK64F12_Project\source" -I"C:\Users\Matias\Desktop\ITBA\TPF-LABmicros\TPFworkspace\flash\workspace\MK64F12_Project" -I"C:\Users\Matias\Desktop\ITBA\TPF-LABmicros\TPFworkspace\flash\workspace\MK64F12_Project\drivers" -I"C:\Users\Matias\Desktop\ITBA\TPF-LABmicros\TPFworkspace\flash\workspace\MK64F12_Project\utilities" -I"C:\Users\Matias\Desktop\ITBA\TPF-LABmicros\TPFworkspace\flash\workspace\MK64F12_Project\component\serial_manager" -I"C:\Users\Matias\Desktop\ITBA\TPF-LABmicros\TPFworkspace\flash\workspace\MK64F12_Project\component\uart" -I"C:\Users\Matias\Desktop\ITBA\TPF-LABmicros\TPFworkspace\flash\workspace\MK64F12_Project\component\lists" -I"C:\Users\Matias\Desktop\ITBA\TPF-LABmicros\TPFworkspace\flash\workspace\MK64F12_Project\device" -I"C:\Users\Matias\Desktop\ITBA\TPF-LABmicros\TPFworkspace\flash\workspace\MK64F12_Project\CMSIS" -O0 -fno-common -g3 -Wall -c -ffunction-sections -fdata-sections -ffreestanding -fno-builtin -fmerge-constants -fmacro-prefix-map="../drivers/"=. -mcpu=cortex-m4 -mfpu=fpv4-sp-d16 -mfloat-abi=hard -mthumb -D__REDLIB__ -fstack-usage -specs=redlib.specs -MMD -MP -MF"drivers/fsl_common.d" -MT"drivers/fsl_common.o" -MT"drivers/fsl_common.d" -o "drivers/fsl_common.o" "../drivers/fsl_common.c"
Finished building: ../drivers/fsl_clock.c
 
Building file: ../drivers/fsl_dmamux.c
Invoking: MCU C Compiler
arm-none-eabi-gcc -DCPU_MK64FN1M0VLL12 -DCPU_MK64FN1M0VLL12_cm4 -DFSL_RTOS_BM -DSDK_OS_BAREMETAL -DSDK_DEBUGCONSOLE=0 -DCR_INTEGER_PRINTF -DPRINTF_FLOAT_ENABLE=0 -DSERIAL_PORT_TYPE_UART=1 -D__MCUXPRESSO -D__USE_CMSIS -DDEBUG -D__REDLIB__ -I"C:\Users\Matias\Desktop\ITBA\TPF-LABmicros\TPFworkspace\flash\workspace\MK64F12_Project\board" -I"C:\Users\Matias\Desktop\ITBA\TPF-LABmicros\TPFworkspace\flash\workspace\MK64F12_Project\source" -I"C:\Users\Matias\Desktop\ITBA\TPF-LABmicros\TPFworkspace\flash\workspace\MK64F12_Project" -I"C:\Users\Matias\Desktop\ITBA\TPF-LABmicros\TPFworkspace\flash\workspace\MK64F12_Project\drivers" -I"C:\Users\Matias\Desktop\ITBA\TPF-LABmicros\TPFworkspace\flash\workspace\MK64F12_Project\utilities" -I"C:\Users\Matias\Desktop\ITBA\TPF-LABmicros\TPFworkspace\flash\workspace\MK64F12_Project\component\serial_manager" -I"C:\Users\Matias\Desktop\ITBA\TPF-LABmicros\TPFworkspace\flash\workspace\MK64F12_Project\component\uart" -I"C:\Users\Matias\Desktop\ITBA\TPF-LABmicros\TPFworkspace\flash\workspace\MK64F12_Project\component\lists" -I"C:\Users\Matias\Desktop\ITBA\TPF-LABmicros\TPFworkspace\flash\workspace\MK64F12_Project\device" -I"C:\Users\Matias\Desktop\ITBA\TPF-LABmicros\TPFworkspace\flash\workspace\MK64F12_Project\CMSIS" -O0 -fno-common -g3 -Wall -c -ffunction-sections -fdata-sections -ffreestanding -fno-builtin -fmerge-constants -fmacro-prefix-map="../drivers/"=. -mcpu=cortex-m4 -mfpu=fpv4-sp-d16 -mfloat-abi=hard -mthumb -D__REDLIB__ -fstack-usage -specs=redlib.specs -MMD -MP -MF"drivers/fsl_dmamux.d" -MT"drivers/fsl_dmamux.o" -MT"drivers/fsl_dmamux.d" -o "drivers/fsl_dmamux.o" "../drivers/fsl_dmamux.c"
Finished building: ../drivers/fsl_common.c
 
Building file: ../drivers/fsl_edma.c
Invoking: MCU C Compiler
arm-none-eabi-gcc -DCPU_MK64FN1M0VLL12 -DCPU_MK64FN1M0VLL12_cm4 -DFSL_RTOS_BM -DSDK_OS_BAREMETAL -DSDK_DEBUGCONSOLE=0 -DCR_INTEGER_PRINTF -DPRINTF_FLOAT_ENABLE=0 -DSERIAL_PORT_TYPE_UART=1 -D__MCUXPRESSO -D__USE_CMSIS -DDEBUG -D__REDLIB__ -I"C:\Users\Matias\Desktop\ITBA\TPF-LABmicros\TPFworkspace\flash\workspace\MK64F12_Project\board" -I"C:\Users\Matias\Desktop\ITBA\TPF-LABmicros\TPFworkspace\flash\workspace\MK64F12_Project\source" -I"C:\Users\Matias\Desktop\ITBA\TPF-LABmicros\TPFworkspace\flash\workspace\MK64F12_Project" -I"C:\Users\Matias\Desktop\ITBA\TPF-LABmicros\TPFworkspace\flash\workspace\MK64F12_Project\drivers" -I"C:\Users\Matias\Desktop\ITBA\TPF-LABmicros\TPFworkspace\flash\workspace\MK64F12_Project\utilities" -I"C:\Users\Matias\Desktop\ITBA\TPF-LABmicros\TPFworkspace\flash\workspace\MK64F12_Project\component\serial_manager" -I"C:\Users\Matias\Desktop\ITBA\TPF-LABmicros\TPFworkspace\flash\workspace\MK64F12_Project\component\uart" -I"C:\Users\Matias\Desktop\ITBA\TPF-LABmicros\TPFworkspace\flash\workspace\MK64F12_Project\component\lists" -I"C:\Users\Matias\Desktop\ITBA\TPF-LABmicros\TPFworkspace\flash\workspace\MK64F12_Project\device" -I"C:\Users\Matias\Desktop\ITBA\TPF-LABmicros\TPFworkspace\flash\workspace\MK64F12_Project\CMSIS" -O0 -fno-common -g3 -Wall -c -ffunction-sections -fdata-sections -ffreestanding -fno-builtin -fmerge-constants -fmacro-prefix-map="../drivers/"=. -mcpu=cortex-m4 -mfpu=fpv4-sp-d16 -mfloat-abi=hard -mthumb -D__REDLIB__ -fstack-usage -specs=redlib.specs -MMD -MP -MF"drivers/fsl_edma.d" -MT"drivers/fsl_edma.o" -MT"drivers/fsl_edma.d" -o "drivers/fsl_edma.o" "../drivers/fsl_edma.c"
Finished building: ../drivers/fsl_dmamux.c
 
Building file: ../drivers/fsl_ftfx_cache.c
Invoking: MCU C Compiler
arm-none-eabi-gcc -DCPU_MK64FN1M0VLL12 -DCPU_MK64FN1M0VLL12_cm4 -DFSL_RTOS_BM -DSDK_OS_BAREMETAL -DSDK_DEBUGCONSOLE=0 -DCR_INTEGER_PRINTF -DPRINTF_FLOAT_ENABLE=0 -DSERIAL_PORT_TYPE_UART=1 -D__MCUXPRESSO -D__USE_CMSIS -DDEBUG -D__REDLIB__ -I"C:\Users\Matias\Desktop\ITBA\TPF-LABmicros\TPFworkspace\flash\workspace\MK64F12_Project\board" -I"C:\Users\Matias\Desktop\ITBA\TPF-LABmicros\TPFworkspace\flash\workspace\MK64F12_Project\source" -I"C:\Users\Matias\Desktop\ITBA\TPF-LABmicros\TPFworkspace\flash\workspace\MK64F12_Project" -I"C:\Users\Matias\Desktop\ITBA\TPF-LABmicros\TPFworkspace\flash\workspace\MK64F12_Project\drivers" -I"C:\Users\Matias\Desktop\ITBA\TPF-LABmicros\TPFworkspace\flash\workspace\MK64F12_Project\utilities" -I"C:\Users\Matias\Desktop\ITBA\TPF-LABmicros\TPFworkspace\flash\workspace\MK64F12_Project\component\serial_manager" -I"C:\Users\Matias\Desktop\ITBA\TPF-LABmicros\TPFworkspace\flash\workspace\MK64F12_Project\component\uart" -I"C:\Users\Matias\Desktop\ITBA\TPF-LABmicros\TPFworkspace\flash\workspace\MK64F12_Project\component\lists" -I"C:\Users\Matias\Desktop\ITBA\TPF-LABmicros\TPFworkspace\flash\workspace\MK64F12_Project\device" -I"C:\Users\Matias\Desktop\ITBA\TPF-LABmicros\TPFworkspace\flash\workspace\MK64F12_Project\CMSIS" -O0 -fno-common -g3 -Wall -c -ffunction-sections -fdata-sections -ffreestanding -fno-builtin -fmerge-constants -fmacro-prefix-map="../drivers/"=. -mcpu=cortex-m4 -mfpu=fpv4-sp-d16 -mfloat-abi=hard -mthumb -D__REDLIB__ -fstack-usage -specs=redlib.specs -MMD -MP -MF"drivers/fsl_ftfx_cache.d" -MT"drivers/fsl_ftfx_cache.o" -MT"drivers/fsl_ftfx_cache.d" -o "drivers/fsl_ftfx_cache.o" "../drivers/fsl_ftfx_cache.c"
Finished building: ../drivers/fsl_edma.c
 
Building file: ../drivers/fsl_ftfx_controller.c
Invoking: MCU C Compiler
arm-none-eabi-gcc -DCPU_MK64FN1M0VLL12 -DCPU_MK64FN1M0VLL12_cm4 -DFSL_RTOS_BM -DSDK_OS_BAREMETAL -DSDK_DEBUGCONSOLE=0 -DCR_INTEGER_PRINTF -DPRINTF_FLOAT_ENABLE=0 -DSERIAL_PORT_TYPE_UART=1 -D__MCUXPRESSO -D__USE_CMSIS -DDEBUG -D__REDLIB__ -I"C:\Users\Matias\Desktop\ITBA\TPF-LABmicros\TPFworkspace\flash\workspace\MK64F12_Project\board" -I"C:\Users\Matias\Desktop\ITBA\TPF-LABmicros\TPFworkspace\flash\workspace\MK64F12_Project\source" -I"C:\Users\Matias\Desktop\ITBA\TPF-LABmicros\TPFworkspace\flash\workspace\MK64F12_Project" -I"C:\Users\Matias\Desktop\ITBA\TPF-LABmicros\TPFworkspace\flash\workspace\MK64F12_Project\drivers" -I"C:\Users\Matias\Desktop\ITBA\TPF-LABmicros\TPFworkspace\flash\workspace\MK64F12_Project\utilities" -I"C:\Users\Matias\Desktop\ITBA\TPF-LABmicros\TPFworkspace\flash\workspace\MK64F12_Project\component\serial_manager" -I"C:\Users\Matias\Desktop\ITBA\TPF-LABmicros\TPFworkspace\flash\workspace\MK64F12_Project\component\uart" -I"C:\Users\Matias\Desktop\ITBA\TPF-LABmicros\TPFworkspace\flash\workspace\MK64F12_Project\component\lists" -I"C:\Users\Matias\Desktop\ITBA\TPF-LABmicros\TPFworkspace\flash\workspace\MK64F12_Project\device" -I"C:\Users\Matias\Desktop\ITBA\TPF-LABmicros\TPFworkspace\flash\workspace\MK64F12_Project\CMSIS" -O0 -fno-common -g3 -Wall -c -ffunction-sections -fdata-sections -ffreestanding -fno-builtin -fmerge-constants -fmacro-prefix-map="../drivers/"=. -mcpu=cortex-m4 -mfpu=fpv4-sp-d16 -mfloat-abi=hard -mthumb -D__REDLIB__ -fstack-usage -specs=redlib.specs -MMD -MP -MF"drivers/fsl_ftfx_controller.d" -MT"drivers/fsl_ftfx_controller.o" -MT"drivers/fsl_ftfx_controller.d" -o "drivers/fsl_ftfx_controller.o" "../drivers/fsl_ftfx_controller.c"
Finished building: ../drivers/fsl_ftfx_cache.c
 
Building file: ../drivers/fsl_ftfx_flash.c
Invoking: MCU C Compiler
arm-none-eabi-gcc -DCPU_MK64FN1M0VLL12 -DCPU_MK64FN1M0VLL12_cm4 -DFSL_RTOS_BM -DSDK_OS_BAREMETAL -DSDK_DEBUGCONSOLE=0 -DCR_INTEGER_PRINTF -DPRINTF_FLOAT_ENABLE=0 -DSERIAL_PORT_TYPE_UART=1 -D__MCUXPRESSO -D__USE_CMSIS -DDEBUG -D__REDLIB__ -I"C:\Users\Matias\Desktop\ITBA\TPF-LABmicros\TPFworkspace\flash\workspace\MK64F12_Project\board" -I"C:\Users\Matias\Desktop\ITBA\TPF-LABmicros\TPFworkspace\flash\workspace\MK64F12_Project\source" -I"C:\Users\Matias\Desktop\ITBA\TPF-LABmicros\TPFworkspace\flash\workspace\MK64F12_Project" -I"C:\Users\Matias\Desktop\ITBA\TPF-LABmicros\TPFworkspace\flash\workspace\MK64F12_Project\drivers" -I"C:\Users\Matias\Desktop\ITBA\TPF-LABmicros\TPFworkspace\flash\workspace\MK64F12_Project\utilities" -I"C:\Users\Matias\Desktop\ITBA\TPF-LABmicros\TPFworkspace\flash\workspace\MK64F12_Project\component\serial_manager" -I"C:\Users\Matias\Desktop\ITBA\TPF-LABmicros\TPFworkspace\flash\workspace\MK64F12_Project\component\uart" -I"C:\Users\Matias\Desktop\ITBA\TPF-LABmicros\TPFworkspace\flash\workspace\MK64F12_Project\component\lists" -I"C:\Users\Matias\Desktop\ITBA\TPF-LABmicros\TPFworkspace\flash\workspace\MK64F12_Project\device" -I"C:\Users\Matias\Desktop\ITBA\TPF-LABmicros\TPFworkspace\flash\workspace\MK64F12_Project\CMSIS" -O0 -fno-common -g3 -Wall -c -ffunction-sections -fdata-sections -ffreestanding -fno-builtin -fmerge-constants -fmacro-prefix-map="../drivers/"=. -mcpu=cortex-m4 -mfpu=fpv4-sp-d16 -mfloat-abi=hard -mthumb -D__REDLIB__ -fstack-usage -specs=redlib.specs -MMD -MP -MF"drivers/fsl_ftfx_flash.d" -MT"drivers/fsl_ftfx_flash.o" -MT"drivers/fsl_ftfx_flash.d" -o "drivers/fsl_ftfx_flash.o" "../drivers/fsl_ftfx_flash.c"
Finished building: ../drivers/fsl_ftfx_controller.c
 
Building file: ../drivers/fsl_ftfx_flexnvm.c
Invoking: MCU C Compiler
arm-none-eabi-gcc -DCPU_MK64FN1M0VLL12 -DCPU_MK64FN1M0VLL12_cm4 -DFSL_RTOS_BM -DSDK_OS_BAREMETAL -DSDK_DEBUGCONSOLE=0 -DCR_INTEGER_PRINTF -DPRINTF_FLOAT_ENABLE=0 -DSERIAL_PORT_TYPE_UART=1 -D__MCUXPRESSO -D__USE_CMSIS -DDEBUG -D__REDLIB__ -I"C:\Users\Matias\Desktop\ITBA\TPF-LABmicros\TPFworkspace\flash\workspace\MK64F12_Project\board" -I"C:\Users\Matias\Desktop\ITBA\TPF-LABmicros\TPFworkspace\flash\workspace\MK64F12_Project\source" -I"C:\Users\Matias\Desktop\ITBA\TPF-LABmicros\TPFworkspace\flash\workspace\MK64F12_Project" -I"C:\Users\Matias\Desktop\ITBA\TPF-LABmicros\TPFworkspace\flash\workspace\MK64F12_Project\drivers" -I"C:\Users\Matias\Desktop\ITBA\TPF-LABmicros\TPFworkspace\flash\workspace\MK64F12_Project\utilities" -I"C:\Users\Matias\Desktop\ITBA\TPF-LABmicros\TPFworkspace\flash\workspace\MK64F12_Project\component\serial_manager" -I"C:\Users\Matias\Desktop\ITBA\TPF-LABmicros\TPFworkspace\flash\workspace\MK64F12_Project\component\uart" -I"C:\Users\Matias\Desktop\ITBA\TPF-LABmicros\TPFworkspace\flash\workspace\MK64F12_Project\component\lists" -I"C:\Users\Matias\Desktop\ITBA\TPF-LABmicros\TPFworkspace\flash\workspace\MK64F12_Project\device" -I"C:\Users\Matias\Desktop\ITBA\TPF-LABmicros\TPFworkspace\flash\workspace\MK64F12_Project\CMSIS" -O0 -fno-common -g3 -Wall -c -ffunction-sections -fdata-sections -ffreestanding -fno-builtin -fmerge-constants -fmacro-prefix-map="../drivers/"=. -mcpu=cortex-m4 -mfpu=fpv4-sp-d16 -mfloat-abi=hard -mthumb -D__REDLIB__ -fstack-usage -specs=redlib.specs -MMD -MP -MF"drivers/fsl_ftfx_flexnvm.d" -MT"drivers/fsl_ftfx_flexnvm.o" -MT"drivers/fsl_ftfx_flexnvm.d" -o "drivers/fsl_ftfx_flexnvm.o" "../drivers/fsl_ftfx_flexnvm.c"
Finished building: ../drivers/fsl_ftfx_flash.c
 
Finished building: ../drivers/fsl_ftfx_flexnvm.c
Building file: ../drivers/fsl_gpio.c
 
Invoking: MCU C Compiler
arm-none-eabi-gcc -DCPU_MK64FN1M0VLL12 -DCPU_MK64FN1M0VLL12_cm4 -DFSL_RTOS_BM -DSDK_OS_BAREMETAL -DSDK_DEBUGCONSOLE=0 -DCR_INTEGER_PRINTF -DPRINTF_FLOAT_ENABLE=0 -DSERIAL_PORT_TYPE_UART=1 -D__MCUXPRESSO -D__USE_CMSIS -DDEBUG -D__REDLIB__ -I"C:\Users\Matias\Desktop\ITBA\TPF-LABmicros\TPFworkspace\flash\workspace\MK64F12_Project\board" -I"C:\Users\Matias\Desktop\ITBA\TPF-LABmicros\TPFworkspace\flash\workspace\MK64F12_Project\source" -I"C:\Users\Matias\Desktop\ITBA\TPF-LABmicros\TPFworkspace\flash\workspace\MK64F12_Project" -I"C:\Users\Matias\Desktop\ITBA\TPF-LABmicros\TPFworkspace\flash\workspace\MK64F12_Project\drivers" -I"C:\Users\Matias\Desktop\ITBA\TPF-LABmicros\TPFworkspace\flash\workspace\MK64F12_Project\utilities" -I"C:\Users\Matias\Desktop\ITBA\TPF-LABmicros\TPFworkspace\flash\workspace\MK64F12_Project\component\serial_manager" -I"C:\Users\Matias\Desktop\ITBA\TPF-LABmicros\TPFworkspace\flash\workspace\MK64F12_Project\component\uart" -I"C:\Users\Matias\Desktop\ITBA\TPF-LABmicros\TPFworkspace\flash\workspace\MK64F12_Project\component\lists" -I"C:\Users\Matias\Desktop\ITBA\TPF-LABmicros\TPFworkspace\flash\workspace\MK64F12_Project\device" -I"C:\Users\Matias\Desktop\ITBA\TPF-LABmicros\TPFworkspace\flash\workspace\MK64F12_Project\CMSIS" -O0 -fno-common -g3 -Wall -c -ffunction-sections -fdata-sections -ffreestanding -fno-builtin -fmerge-constants -fmacro-prefix-map="../drivers/"=. -mcpu=cortex-m4 -mfpu=fpv4-sp-d16 -mfloat-abi=hard -mthumb -D__REDLIB__ -fstack-usage -specs=redlib.specs -MMD -MP -MF"drivers/fsl_gpio.d" -MT"drivers/fsl_gpio.o" -MT"drivers/fsl_gpio.d" -o "drivers/fsl_gpio.o" "../drivers/fsl_gpio.c"
Building file: ../drivers/fsl_i2c.c
Invoking: MCU C Compiler
arm-none-eabi-gcc -DCPU_MK64FN1M0VLL12 -DCPU_MK64FN1M0VLL12_cm4 -DFSL_RTOS_BM -DSDK_OS_BAREMETAL -DSDK_DEBUGCONSOLE=0 -DCR_INTEGER_PRINTF -DPRINTF_FLOAT_ENABLE=0 -DSERIAL_PORT_TYPE_UART=1 -D__MCUXPRESSO -D__USE_CMSIS -DDEBUG -D__REDLIB__ -I"C:\Users\Matias\Desktop\ITBA\TPF-LABmicros\TPFworkspace\flash\workspace\MK64F12_Project\board" -I"C:\Users\Matias\Desktop\ITBA\TPF-LABmicros\TPFworkspace\flash\workspace\MK64F12_Project\source" -I"C:\Users\Matias\Desktop\ITBA\TPF-LABmicros\TPFworkspace\flash\workspace\MK64F12_Project" -I"C:\Users\Matias\Desktop\ITBA\TPF-LABmicros\TPFworkspace\flash\workspace\MK64F12_Project\drivers" -I"C:\Users\Matias\Desktop\ITBA\TPF-LABmicros\TPFworkspace\flash\workspace\MK64F12_Project\utilities" -I"C:\Users\Matias\Desktop\ITBA\TPF-LABmicros\TPFworkspace\flash\workspace\MK64F12_Project\component\serial_manager" -I"C:\Users\Matias\Desktop\ITBA\TPF-LABmicros\TPFworkspace\flash\workspace\MK64F12_Project\component\uart" -I"C:\Users\Matias\Desktop\ITBA\TPF-LABmicros\TPFworkspace\flash\workspace\MK64F12_Project\component\lists" -I"C:\Users\Matias\Desktop\ITBA\TPF-LABmicros\TPFworkspace\flash\workspace\MK64F12_Project\device" -I"C:\Users\Matias\Desktop\ITBA\TPF-LABmicros\TPFworkspace\flash\workspace\MK64F12_Project\CMSIS" -O0 -fno-common -g3 -Wall -c -ffunction-sections -fdata-sections -ffreestanding -fno-builtin -fmerge-constants -fmacro-prefix-map="../drivers/"=. -mcpu=cortex-m4 -mfpu=fpv4-sp-d16 -mfloat-abi=hard -mthumb -D__REDLIB__ -fstack-usage -specs=redlib.specs -MMD -MP -MF"drivers/fsl_i2c.d" -MT"drivers/fsl_i2c.o" -MT"drivers/fsl_i2c.d" -o "drivers/fsl_i2c.o" "../drivers/fsl_i2c.c"
Finished building: ../drivers/fsl_gpio.c
 
Building file: ../drivers/fsl_pit.c
Invoking: MCU C Compiler
arm-none-eabi-gcc -DCPU_MK64FN1M0VLL12 -DCPU_MK64FN1M0VLL12_cm4 -DFSL_RTOS_BM -DSDK_OS_BAREMETAL -DSDK_DEBUGCONSOLE=0 -DCR_INTEGER_PRINTF -DPRINTF_FLOAT_ENABLE=0 -DSERIAL_PORT_TYPE_UART=1 -D__MCUXPRESSO -D__USE_CMSIS -DDEBUG -D__REDLIB__ -I"C:\Users\Matias\Desktop\ITBA\TPF-LABmicros\TPFworkspace\flash\workspace\MK64F12_Project\board" -I"C:\Users\Matias\Desktop\ITBA\TPF-LABmicros\TPFworkspace\flash\workspace\MK64F12_Project\source" -I"C:\Users\Matias\Desktop\ITBA\TPF-LABmicros\TPFworkspace\flash\workspace\MK64F12_Project" -I"C:\Users\Matias\Desktop\ITBA\TPF-LABmicros\TPFworkspace\flash\workspace\MK64F12_Project\drivers" -I"C:\Users\Matias\Desktop\ITBA\TPF-LABmicros\TPFworkspace\flash\workspace\MK64F12_Project\utilities" -I"C:\Users\Matias\Desktop\ITBA\TPF-LABmicros\TPFworkspace\flash\workspace\MK64F12_Project\component\serial_manager" -I"C:\Users\Matias\Desktop\ITBA\TPF-LABmicros\TPFworkspace\flash\workspace\MK64F12_Project\component\uart" -I"C:\Users\Matias\Desktop\ITBA\TPF-LABmicros\TPFworkspace\flash\workspace\MK64F12_Project\component\lists" -I"C:\Users\Matias\Desktop\ITBA\TPF-LABmicros\TPFworkspace\flash\workspace\MK64F12_Project\device" -I"C:\Users\Matias\Desktop\ITBA\TPF-LABmicros\TPFworkspace\flash\workspace\MK64F12_Project\CMSIS" -O0 -fno-common -g3 -Wall -c -ffunction-sections -fdata-sections -ffreestanding -fno-builtin -fmerge-constants -fmacro-prefix-map="../drivers/"=. -mcpu=cortex-m4 -mfpu=fpv4-sp-d16 -mfloat-abi=hard -mthumb -D__REDLIB__ -fstack-usage -specs=redlib.specs -MMD -MP -MF"drivers/fsl_pit.d" -MT"drivers/fsl_pit.o" -MT"drivers/fsl_pit.d" -o "drivers/fsl_pit.o" "../drivers/fsl_pit.c"
Finished building: ../drivers/fsl_i2c.c
 
Building file: ../drivers/fsl_sai.c
Invoking: MCU C Compiler
arm-none-eabi-gcc -DCPU_MK64FN1M0VLL12 -DCPU_MK64FN1M0VLL12_cm4 -DFSL_RTOS_BM -DSDK_OS_BAREMETAL -DSDK_DEBUGCONSOLE=0 -DCR_INTEGER_PRINTF -DPRINTF_FLOAT_ENABLE=0 -DSERIAL_PORT_TYPE_UART=1 -D__MCUXPRESSO -D__USE_CMSIS -DDEBUG -D__REDLIB__ -I"C:\Users\Matias\Desktop\ITBA\TPF-LABmicros\TPFworkspace\flash\workspace\MK64F12_Project\board" -I"C:\Users\Matias\Desktop\ITBA\TPF-LABmicros\TPFworkspace\flash\workspace\MK64F12_Project\source" -I"C:\Users\Matias\Desktop\ITBA\TPF-LABmicros\TPFworkspace\flash\workspace\MK64F12_Project" -I"C:\Users\Matias\Desktop\ITBA\TPF-LABmicros\TPFworkspace\flash\workspace\MK64F12_Project\drivers" -I"C:\Users\Matias\Desktop\ITBA\TPF-LABmicros\TPFworkspace\flash\workspace\MK64F12_Project\utilities" -I"C:\Users\Matias\Desktop\ITBA\TPF-LABmicros\TPFworkspace\flash\workspace\MK64F12_Project\component\serial_manager" -I"C:\Users\Matias\Desktop\ITBA\TPF-LABmicros\TPFworkspace\flash\workspace\MK64F12_Project\component\uart" -I"C:\Users\Matias\Desktop\ITBA\TPF-LABmicros\TPFworkspace\flash\workspace\MK64F12_Project\component\lists" -I"C:\Users\Matias\Desktop\ITBA\TPF-LABmicros\TPFworkspace\flash\workspace\MK64F12_Project\device" -I"C:\Users\Matias\Desktop\ITBA\TPF-LABmicros\TPFworkspace\flash\workspace\MK64F12_Project\CMSIS" -O0 -fno-common -g3 -Wall -c -ffunction-sections -fdata-sections -ffreestanding -fno-builtin -fmerge-constants -fmacro-prefix-map="../drivers/"=. -mcpu=cortex-m4 -mfpu=fpv4-sp-d16 -mfloat-abi=hard -mthumb -D__REDLIB__ -fstack-usage -specs=redlib.specs -MMD -MP -MF"drivers/fsl_sai.d" -MT"drivers/fsl_sai.o" -MT"drivers/fsl_sai.d" -o "drivers/fsl_sai.o" "../drivers/fsl_sai.c"
Finished building: ../drivers/fsl_pit.c
 
Building file: ../drivers/fsl_sai_edma.c
Invoking: MCU C Compiler
arm-none-eabi-gcc -DCPU_MK64FN1M0VLL12 -DCPU_MK64FN1M0VLL12_cm4 -DFSL_RTOS_BM -DSDK_OS_BAREMETAL -DSDK_DEBUGCONSOLE=0 -DCR_INTEGER_PRINTF -DPRINTF_FLOAT_ENABLE=0 -DSERIAL_PORT_TYPE_UART=1 -D__MCUXPRESSO -D__USE_CMSIS -DDEBUG -D__REDLIB__ -I"C:\Users\Matias\Desktop\ITBA\TPF-LABmicros\TPFworkspace\flash\workspace\MK64F12_Project\board" -I"C:\Users\Matias\Desktop\ITBA\TPF-LABmicros\TPFworkspace\flash\workspace\MK64F12_Project\source" -I"C:\Users\Matias\Desktop\ITBA\TPF-LABmicros\TPFworkspace\flash\workspace\MK64F12_Project" -I"C:\Users\Matias\Desktop\ITBA\TPF-LABmicros\TPFworkspace\flash\workspace\MK64F12_Project\drivers" -I"C:\Users\Matias\Desktop\ITBA\TPF-LABmicros\TPFworkspace\flash\workspace\MK64F12_Project\utilities" -I"C:\Users\Matias\Desktop\ITBA\TPF-LABmicros\TPFworkspace\flash\workspace\MK64F12_Project\component\serial_manager" -I"C:\Users\Matias\Desktop\ITBA\TPF-LABmicros\TPFworkspace\flash\workspace\MK64F12_Project\component\uart" -I"C:\Users\Matias\Desktop\ITBA\TPF-LABmicros\TPFworkspace\flash\workspace\MK64F12_Project\component\lists" -I"C:\Users\Matias\Desktop\ITBA\TPF-LABmicros\TPFworkspace\flash\workspace\MK64F12_Project\device" -I"C:\Users\Matias\Desktop\ITBA\TPF-LABmicros\TPFworkspace\flash\workspace\MK64F12_Project\CMSIS" -O0 -fno-common -g3 -Wall -c -ffunction-sections -fdata-sections -ffreestanding -fno-builtin -fmerge-constants -fmacro-prefix-map="../drivers/"=. -mcpu=cortex-m4 -mfpu=fpv4-sp-d16 -mfloat-abi=hard -mthumb -D__REDLIB__ -fstack-usage -specs=redlib.specs -MMD -MP -MF"drivers/fsl_sai_edma.d" -MT"drivers/fsl_sai_edma.o" -MT"drivers/fsl_sai_edma.d" -o "drivers/fsl_sai_edma.o" "../drivers/fsl_sai_edma.c"
Finished building: ../drivers/fsl_sai.c
 
Building file: ../drivers/fsl_smc.c
Invoking: MCU C Compiler
arm-none-eabi-gcc -DCPU_MK64FN1M0VLL12 -DCPU_MK64FN1M0VLL12_cm4 -DFSL_RTOS_BM -DSDK_OS_BAREMETAL -DSDK_DEBUGCONSOLE=0 -DCR_INTEGER_PRINTF -DPRINTF_FLOAT_ENABLE=0 -DSERIAL_PORT_TYPE_UART=1 -D__MCUXPRESSO -D__USE_CMSIS -DDEBUG -D__REDLIB__ -I"C:\Users\Matias\Desktop\ITBA\TPF-LABmicros\TPFworkspace\flash\workspace\MK64F12_Project\board" -I"C:\Users\Matias\Desktop\ITBA\TPF-LABmicros\TPFworkspace\flash\workspace\MK64F12_Project\source" -I"C:\Users\Matias\Desktop\ITBA\TPF-LABmicros\TPFworkspace\flash\workspace\MK64F12_Project" -I"C:\Users\Matias\Desktop\ITBA\TPF-LABmicros\TPFworkspace\flash\workspace\MK64F12_Project\drivers" -I"C:\Users\Matias\Desktop\ITBA\TPF-LABmicros\TPFworkspace\flash\workspace\MK64F12_Project\utilities" -I"C:\Users\Matias\Desktop\ITBA\TPF-LABmicros\TPFworkspace\flash\workspace\MK64F12_Project\component\serial_manager" -I"C:\Users\Matias\Desktop\ITBA\TPF-LABmicros\TPFworkspace\flash\workspace\MK64F12_Project\component\uart" -I"C:\Users\Matias\Desktop\ITBA\TPF-LABmicros\TPFworkspace\flash\workspace\MK64F12_Project\component\lists" -I"C:\Users\Matias\Desktop\ITBA\TPF-LABmicros\TPFworkspace\flash\workspace\MK64F12_Project\device" -I"C:\Users\Matias\Desktop\ITBA\TPF-LABmicros\TPFworkspace\flash\workspace\MK64F12_Project\CMSIS" -O0 -fno-common -g3 -Wall -c -ffunction-sections -fdata-sections -ffreestanding -fno-builtin -fmerge-constants -fmacro-prefix-map="../drivers/"=. -mcpu=cortex-m4 -mfpu=fpv4-sp-d16 -mfloat-abi=hard -mthumb -D__REDLIB__ -fstack-usage -specs=redlib.specs -MMD -MP -MF"drivers/fsl_smc.d" -MT"drivers/fsl_smc.o" -MT"drivers/fsl_smc.d" -o "drivers/fsl_smc.o" "../drivers/fsl_smc.c"
Finished building: ../drivers/fsl_sai_edma.c
 
Building file: ../drivers/fsl_uart.c
Invoking: MCU C Compiler
arm-none-eabi-gcc -DCPU_MK64FN1M0VLL12 -DCPU_MK64FN1M0VLL12_cm4 -DFSL_RTOS_BM -DSDK_OS_BAREMETAL -DSDK_DEBUGCONSOLE=0 -DCR_INTEGER_PRINTF -DPRINTF_FLOAT_ENABLE=0 -DSERIAL_PORT_TYPE_UART=1 -D__MCUXPRESSO -D__USE_CMSIS -DDEBUG -D__REDLIB__ -I"C:\Users\Matias\Desktop\ITBA\TPF-LABmicros\TPFworkspace\flash\workspace\MK64F12_Project\board" -I"C:\Users\Matias\Desktop\ITBA\TPF-LABmicros\TPFworkspace\flash\workspace\MK64F12_Project\source" -I"C:\Users\Matias\Desktop\ITBA\TPF-LABmicros\TPFworkspace\flash\workspace\MK64F12_Project" -I"C:\Users\Matias\Desktop\ITBA\TPF-LABmicros\TPFworkspace\flash\workspace\MK64F12_Project\drivers" -I"C:\Users\Matias\Desktop\ITBA\TPF-LABmicros\TPFworkspace\flash\workspace\MK64F12_Project\utilities" -I"C:\Users\Matias\Desktop\ITBA\TPF-LABmicros\TPFworkspace\flash\workspace\MK64F12_Project\component\serial_manager" -I"C:\Users\Matias\Desktop\ITBA\TPF-LABmicros\TPFworkspace\flash\workspace\MK64F12_Project\component\uart" -I"C:\Users\Matias\Desktop\ITBA\TPF-LABmicros\TPFworkspace\flash\workspace\MK64F12_Project\component\lists" -I"C:\Users\Matias\Desktop\ITBA\TPF-LABmicros\TPFworkspace\flash\workspace\MK64F12_Project\device" -I"C:\Users\Matias\Desktop\ITBA\TPF-LABmicros\TPFworkspace\flash\workspace\MK64F12_Project\CMSIS" -O0 -fno-common -g3 -Wall -c -ffunction-sections -fdata-sections -ffreestanding -fno-builtin -fmerge-constants -fmacro-prefix-map="../drivers/"=. -mcpu=cortex-m4 -mfpu=fpv4-sp-d16 -mfloat-abi=hard -mthumb -D__REDLIB__ -fstack-usage -specs=redlib.specs -MMD -MP -MF"drivers/fsl_uart.d" -MT"drivers/fsl_uart.o" -MT"drivers/fsl_uart.d" -o "drivers/fsl_uart.o" "../drivers/fsl_uart.c"
Finished building: ../drivers/fsl_smc.c
 
Building file: ../device/system_MK64F12.c
Invoking: MCU C Compiler
arm-none-eabi-gcc -DCPU_MK64FN1M0VLL12 -DCPU_MK64FN1M0VLL12_cm4 -DFSL_RTOS_BM -DSDK_OS_BAREMETAL -DSDK_DEBUGCONSOLE=0 -DCR_INTEGER_PRINTF -DPRINTF_FLOAT_ENABLE=0 -DSERIAL_PORT_TYPE_UART=1 -D__MCUXPRESSO -D__USE_CMSIS -DDEBUG -D__REDLIB__ -I"C:\Users\Matias\Desktop\ITBA\TPF-LABmicros\TPFworkspace\flash\workspace\MK64F12_Project\board" -I"C:\Users\Matias\Desktop\ITBA\TPF-LABmicros\TPFworkspace\flash\workspace\MK64F12_Project\source" -I"C:\Users\Matias\Desktop\ITBA\TPF-LABmicros\TPFworkspace\flash\workspace\MK64F12_Project" -I"C:\Users\Matias\Desktop\ITBA\TPF-LABmicros\TPFworkspace\flash\workspace\MK64F12_Project\drivers" -I"C:\Users\Matias\Desktop\ITBA\TPF-LABmicros\TPFworkspace\flash\workspace\MK64F12_Project\utilities" -I"C:\Users\Matias\Desktop\ITBA\TPF-LABmicros\TPFworkspace\flash\workspace\MK64F12_Project\component\serial_manager" -I"C:\Users\Matias\Desktop\ITBA\TPF-LABmicros\TPFworkspace\flash\workspace\MK64F12_Project\component\uart" -I"C:\Users\Matias\Desktop\ITBA\TPF-LABmicros\TPFworkspace\flash\workspace\MK64F12_Project\component\lists" -I"C:\Users\Matias\Desktop\ITBA\TPF-LABmicros\TPFworkspace\flash\workspace\MK64F12_Project\device" -I"C:\Users\Matias\Desktop\ITBA\TPF-LABmicros\TPFworkspace\flash\workspace\MK64F12_Project\CMSIS" -O0 -fno-common -g3 -Wall -c -ffunction-sections -fdata-sections -ffreestanding -fno-builtin -fmerge-constants -fmacro-prefix-map="../device/"=. -mcpu=cortex-m4 -mfpu=fpv4-sp-d16 -mfloat-abi=hard -mthumb -D__REDLIB__ -fstack-usage -specs=redlib.specs -MMD -MP -MF"device/system_MK64F12.d" -MT"device/system_MK64F12.o" -MT"device/system_MK64F12.d" -o "device/system_MK64F12.o" "../device/system_MK64F12.c"
Finished building: ../device/system_MK64F12.c
Finished building: ../drivers/fsl_uart.c
 
 
Building file: ../component/uart/uart_adapter.c
Building file: ../component/serial_manager/serial_manager.c
Invoking: MCU C Compiler
Invoking: MCU C Compiler
arm-none-eabi-gcc -DCPU_MK64FN1M0VLL12 -DCPU_MK64FN1M0VLL12_cm4 -DFSL_RTOS_BM -DSDK_OS_BAREMETAL -DSDK_DEBUGCONSOLE=0 -DCR_INTEGER_PRINTF -DPRINTF_FLOAT_ENABLE=0 -DSERIAL_PORT_TYPE_UART=1 -D__MCUXPRESSO -D__USE_CMSIS -DDEBUG -D__REDLIB__ -I"C:\Users\Matias\Desktop\ITBA\TPF-LABmicros\TPFworkspace\flash\workspace\MK64F12_Project\board" -I"C:\Users\Matias\Desktop\ITBA\TPF-LABmicros\TPFworkspace\flash\workspace\MK64F12_Project\source" -I"C:\Users\Matias\Desktop\ITBA\TPF-LABmicros\TPFworkspace\flash\workspace\MK64F12_Project" -I"C:\Users\Matias\Desktop\ITBA\TPF-LABmicros\TPFworkspace\flash\workspace\MK64F12_Project\drivers" -I"C:\Users\Matias\Desktop\ITBA\TPF-LABmicros\TPFworkspace\flash\workspace\MK64F12_Project\utilities" -I"C:\Users\Matias\Desktop\ITBA\TPF-LABmicros\TPFworkspace\flash\workspace\MK64F12_Project\component\serial_manager" -I"C:\Users\Matias\Desktop\ITBA\TPF-LABmicros\TPFworkspace\flash\workspace\MK64F12_Project\component\uart" -I"C:\Users\Matias\Desktop\ITBA\TPF-LABmicros\TPFworkspace\flash\workspace\MK64F12_Project\component\lists" -I"C:\Users\Matias\Desktop\ITBA\TPF-LABmicros\TPFworkspace\flash\workspace\MK64F12_Project\device" -I"C:\Users\Matias\Desktop\ITBA\TPF-LABmicros\TPFworkspace\flash\workspace\MK64F12_Project\CMSIS" -O0 -fno-common -g3 -Wall -c -ffunction-sections -fdata-sections -ffreestanding -fno-builtin -fmerge-constants -fmacro-prefix-map="../component/uart/"=. -mcpu=cortex-m4 -mfpu=fpv4-sp-d16 -mfloat-abi=hard -mthumb -D__REDLIB__ -fstack-usage -specs=redlib.specs -MMD -MP -MF"component/uart/uart_adapter.d" -MT"component/uart/uart_adapter.o" -MT"component/uart/uart_adapter.d" -o "component/uart/uart_adapter.o" "../component/uart/uart_adapter.c"
arm-none-eabi-gcc -DCPU_MK64FN1M0VLL12 -DCPU_MK64FN1M0VLL12_cm4 -DFSL_RTOS_BM -DSDK_OS_BAREMETAL -DSDK_DEBUGCONSOLE=0 -DCR_INTEGER_PRINTF -DPRINTF_FLOAT_ENABLE=0 -DSERIAL_PORT_TYPE_UART=1 -D__MCUXPRESSO -D__USE_CMSIS -DDEBUG -D__REDLIB__ -I"C:\Users\Matias\Desktop\ITBA\TPF-LABmicros\TPFworkspace\flash\workspace\MK64F12_Project\board" -I"C:\Users\Matias\Desktop\ITBA\TPF-LABmicros\TPFworkspace\flash\workspace\MK64F12_Project\source" -I"C:\Users\Matias\Desktop\ITBA\TPF-LABmicros\TPFworkspace\flash\workspace\MK64F12_Project" -I"C:\Users\Matias\Desktop\ITBA\TPF-LABmicros\TPFworkspace\flash\workspace\MK64F12_Project\drivers" -I"C:\Users\Matias\Desktop\ITBA\TPF-LABmicros\TPFworkspace\flash\workspace\MK64F12_Project\utilities" -I"C:\Users\Matias\Desktop\ITBA\TPF-LABmicros\TPFworkspace\flash\workspace\MK64F12_Project\component\serial_manager" -I"C:\Users\Matias\Desktop\ITBA\TPF-LABmicros\TPFworkspace\flash\workspace\MK64F12_Project\component\uart" -I"C:\Users\Matias\Desktop\ITBA\TPF-LABmicros\TPFworkspace\flash\workspace\MK64F12_Project\component\lists" -I"C:\Users\Matias\Desktop\ITBA\TPF-LABmicros\TPFworkspace\flash\workspace\MK64F12_Project\device" -I"C:\Users\Matias\Desktop\ITBA\TPF-LABmicros\TPFworkspace\flash\workspace\MK64F12_Project\CMSIS" -O0 -fno-common -g3 -Wall -c -ffunction-sections -fdata-sections -ffreestanding -fno-builtin -fmerge-constants -fmacro-prefix-map="../component/serial_manager/"=. -mcpu=cortex-m4 -mfpu=fpv4-sp-d16 -mfloat-abi=hard -mthumb -D__REDLIB__ -fstack-usage -specs=redlib.specs -MMD -MP -MF"component/serial_manager/serial_manager.d" -MT"component/serial_manager/serial_manager.o" -MT"component/serial_manager/serial_manager.d" -o "component/serial_manager/serial_manager.o" "../component/serial_manager/serial_manager.c"
Finished building: ../component/serial_manager/serial_manager.c
Finished building: ../component/uart/uart_adapter.c
 
Building file: ../component/serial_manager/serial_port_uart.c
 
Invoking: MCU C Compiler
Building file: ../component/lists/generic_list.c
arm-none-eabi-gcc -DCPU_MK64FN1M0VLL12 -DCPU_MK64FN1M0VLL12_cm4 -DFSL_RTOS_BM -DSDK_OS_BAREMETAL -DSDK_DEBUGCONSOLE=0 -DCR_INTEGER_PRINTF -DPRINTF_FLOAT_ENABLE=0 -DSERIAL_PORT_TYPE_UART=1 -D__MCUXPRESSO -D__USE_CMSIS -DDEBUG -D__REDLIB__ -I"C:\Users\Matias\Desktop\ITBA\TPF-LABmicros\TPFworkspace\flash\workspace\MK64F12_Project\board" -I"C:\Users\Matias\Desktop\ITBA\TPF-LABmicros\TPFworkspace\flash\workspace\MK64F12_Project\source" -I"C:\Users\Matias\Desktop\ITBA\TPF-LABmicros\TPFworkspace\flash\workspace\MK64F12_Project" -I"C:\Users\Matias\Desktop\ITBA\TPF-LABmicros\TPFworkspace\flash\workspace\MK64F12_Project\drivers" -I"C:\Users\Matias\Desktop\ITBA\TPF-LABmicros\TPFworkspace\flash\workspace\MK64F12_Project\utilities" -I"C:\Users\Matias\Desktop\ITBA\TPF-LABmicros\TPFworkspace\flash\workspace\MK64F12_Project\component\serial_manager" -I"C:\Users\Matias\Desktop\ITBA\TPF-LABmicros\TPFworkspace\flash\workspace\MK64F12_Project\component\uart" -I"C:\Users\Matias\Desktop\ITBA\TPF-LABmicros\TPFworkspace\flash\workspace\MK64F12_Project\component\lists" -I"C:\Users\Matias\Desktop\ITBA\TPF-LABmicros\TPFworkspace\flash\workspace\MK64F12_Project\device" -I"C:\Users\Matias\Desktop\ITBA\TPF-LABmicros\TPFworkspace\flash\workspace\MK64F12_Project\CMSIS" -O0 -fno-common -g3 -Wall -c -ffunction-sections -fdata-sections -ffreestanding -fno-builtin -fmerge-constants -fmacro-prefix-map="../component/serial_manager/"=. -mcpu=cortex-m4 -mfpu=fpv4-sp-d16 -mfloat-abi=hard -mthumb -D__REDLIB__ -fstack-usage -specs=redlib.specs -MMD -MP -MF"component/serial_manager/serial_port_uart.d" -MT"component/serial_manager/serial_port_uart.o" -MT"component/serial_manager/serial_port_uart.d" -o "component/serial_manager/serial_port_uart.o" "../component/serial_manager/serial_port_uart.c"
Invoking: MCU C Compiler
arm-none-eabi-gcc -DCPU_MK64FN1M0VLL12 -DCPU_MK64FN1M0VLL12_cm4 -DFSL_RTOS_BM -DSDK_OS_BAREMETAL -DSDK_DEBUGCONSOLE=0 -DCR_INTEGER_PRINTF -DPRINTF_FLOAT_ENABLE=0 -DSERIAL_PORT_TYPE_UART=1 -D__MCUXPRESSO -D__USE_CMSIS -DDEBUG -D__REDLIB__ -I"C:\Users\Matias\Desktop\ITBA\TPF-LABmicros\TPFworkspace\flash\workspace\MK64F12_Project\board" -I"C:\Users\Matias\Desktop\ITBA\TPF-LABmicros\TPFworkspace\flash\workspace\MK64F12_Project\source" -I"C:\Users\Matias\Desktop\ITBA\TPF-LABmicros\TPFworkspace\flash\workspace\MK64F12_Project" -I"C:\Users\Matias\Desktop\ITBA\TPF-LABmicros\TPFworkspace\flash\workspace\MK64F12_Project\drivers" -I"C:\Users\Matias\Desktop\ITBA\TPF-LABmicros\TPFworkspace\flash\workspace\MK64F12_Project\utilities" -I"C:\Users\Matias\Desktop\ITBA\TPF-LABmicros\TPFworkspace\flash\workspace\MK64F12_Project\component\serial_manager" -I"C:\Users\Matias\Desktop\ITBA\TPF-LABmicros\TPFworkspace\flash\workspace\MK64F12_Project\component\uart" -I"C:\Users\Matias\Desktop\ITBA\TPF-LABmicros\TPFworkspace\flash\workspace\MK64F12_Project\component\lists" -I"C:\Users\Matias\Desktop\ITBA\TPF-LABmicros\TPFworkspace\flash\workspace\MK64F12_Project\device" -I"C:\Users\Matias\Desktop\ITBA\TPF-LABmicros\TPFworkspace\flash\workspace\MK64F12_Project\CMSIS" -O0 -fno-common -g3 -Wall -c -ffunction-sections -fdata-sections -ffreestanding -fno-builtin -fmerge-constants -fmacro-prefix-map="../component/lists/"=. -mcpu=cortex-m4 -mfpu=fpv4-sp-d16 -mfloat-abi=hard -mthumb -D__REDLIB__ -fstack-usage -specs=redlib.specs -MMD -MP -MF"component/lists/generic_list.d" -MT"component/lists/generic_list.o" -MT"component/lists/generic_list.d" -o "component/lists/generic_list.o" "../component/lists/generic_list.c"
Finished building: ../component/serial_manager/serial_port_uart.c
 
Building file: ../board/board.c
Invoking: MCU C Compiler
Finished building: ../component/lists/generic_list.c
arm-none-eabi-gcc -DCPU_MK64FN1M0VLL12 -DCPU_MK64FN1M0VLL12_cm4 -DFSL_RTOS_BM -DSDK_OS_BAREMETAL -DSDK_DEBUGCONSOLE=0 -DCR_INTEGER_PRINTF -DPRINTF_FLOAT_ENABLE=0 -DSERIAL_PORT_TYPE_UART=1 -D__MCUXPRESSO -D__USE_CMSIS -DDEBUG -D__REDLIB__ -I"C:\Users\Matias\Desktop\ITBA\TPF-LABmicros\TPFworkspace\flash\workspace\MK64F12_Project\board" -I"C:\Users\Matias\Desktop\ITBA\TPF-LABmicros\TPFworkspace\flash\workspace\MK64F12_Project\source" -I"C:\Users\Matias\Desktop\ITBA\TPF-LABmicros\TPFworkspace\flash\workspace\MK64F12_Project" -I"C:\Users\Matias\Desktop\ITBA\TPF-LABmicros\TPFworkspace\flash\workspace\MK64F12_Project\drivers" -I"C:\Users\Matias\Desktop\ITBA\TPF-LABmicros\TPFworkspace\flash\workspace\MK64F12_Project\utilities" -I"C:\Users\Matias\Desktop\ITBA\TPF-LABmicros\TPFworkspace\flash\workspace\MK64F12_Project\component\serial_manager" -I"C:\Users\Matias\Desktop\ITBA\TPF-LABmicros\TPFworkspace\flash\workspace\MK64F12_Project\component\uart" -I"C:\Users\Matias\Desktop\ITBA\TPF-LABmicros\TPFworkspace\flash\workspace\MK64F12_Project\component\lists" -I"C:\Users\Matias\Desktop\ITBA\TPF-LABmicros\TPFworkspace\flash\workspace\MK64F12_Project\device" -I"C:\Users\Matias\Desktop\ITBA\TPF-LABmicros\TPFworkspace\flash\workspace\MK64F12_Project\CMSIS" -O0 -fno-common -g3 -Wall -c -ffunction-sections -fdata-sections -ffreestanding -fno-builtin -fmerge-constants -fmacro-prefix-map="../board/"=. -mcpu=cortex-m4 -mfpu=fpv4-sp-d16 -mfloat-abi=hard -mthumb -D__REDLIB__ -fstack-usage -specs=redlib.specs -MMD -MP -MF"board/board.d" -MT"board/board.o" -MT"board/board.d" -o "board/board.o" "../board/board.c"
 
Building file: ../board/clock_config.c
Invoking: MCU C Compiler
arm-none-eabi-gcc -DCPU_MK64FN1M0VLL12 -DCPU_MK64FN1M0VLL12_cm4 -DFSL_RTOS_BM -DSDK_OS_BAREMETAL -DSDK_DEBUGCONSOLE=0 -DCR_INTEGER_PRINTF -DPRINTF_FLOAT_ENABLE=0 -DSERIAL_PORT_TYPE_UART=1 -D__MCUXPRESSO -D__USE_CMSIS -DDEBUG -D__REDLIB__ -I"C:\Users\Matias\Desktop\ITBA\TPF-LABmicros\TPFworkspace\flash\workspace\MK64F12_Project\board" -I"C:\Users\Matias\Desktop\ITBA\TPF-LABmicros\TPFworkspace\flash\workspace\MK64F12_Project\source" -I"C:\Users\Matias\Desktop\ITBA\TPF-LABmicros\TPFworkspace\flash\workspace\MK64F12_Project" -I"C:\Users\Matias\Desktop\ITBA\TPF-LABmicros\TPFworkspace\flash\workspace\MK64F12_Project\drivers" -I"C:\Users\Matias\Desktop\ITBA\TPF-LABmicros\TPFworkspace\flash\workspace\MK64F12_Project\utilities" -I"C:\Users\Matias\Desktop\ITBA\TPF-LABmicros\TPFworkspace\flash\workspace\MK64F12_Project\component\serial_manager" -I"C:\Users\Matias\Desktop\ITBA\TPF-LABmicros\TPFworkspace\flash\workspace\MK64F12_Project\component\uart" -I"C:\Users\Matias\Desktop\ITBA\TPF-LABmicros\TPFworkspace\flash\workspace\MK64F12_Project\component\lists" -I"C:\Users\Matias\Desktop\ITBA\TPF-LABmicros\TPFworkspace\flash\workspace\MK64F12_Project\device" -I"C:\Users\Matias\Desktop\ITBA\TPF-LABmicros\TPFworkspace\flash\workspace\MK64F12_Project\CMSIS" -O0 -fno-common -g3 -Wall -c -ffunction-sections -fdata-sections -ffreestanding -fno-builtin -fmerge-constants -fmacro-prefix-map="../board/"=. -mcpu=cortex-m4 -mfpu=fpv4-sp-d16 -mfloat-abi=hard -mthumb -D__REDLIB__ -fstack-usage -specs=redlib.specs -MMD -MP -MF"board/clock_config.d" -MT"board/clock_config.o" -MT"board/clock_config.d" -o "board/clock_config.o" "../board/clock_config.c"
Finished building: ../board/clock_config.c
 
Building file: ../board/peripherals.c
Invoking: MCU C Compiler
arm-none-eabi-gcc -DCPU_MK64FN1M0VLL12 -DCPU_MK64FN1M0VLL12_cm4 -DFSL_RTOS_BM -DSDK_OS_BAREMETAL -DSDK_DEBUGCONSOLE=0 -DCR_INTEGER_PRINTF -DPRINTF_FLOAT_ENABLE=0 -DSERIAL_PORT_TYPE_UART=1 -D__MCUXPRESSO -D__USE_CMSIS -DDEBUG -D__REDLIB__ -I"C:\Users\Matias\Desktop\ITBA\TPF-LABmicros\TPFworkspace\flash\workspace\MK64F12_Project\board" -I"C:\Users\Matias\Desktop\ITBA\TPF-LABmicros\TPFworkspace\flash\workspace\MK64F12_Project\source" -I"C:\Users\Matias\Desktop\ITBA\TPF-LABmicros\TPFworkspace\flash\workspace\MK64F12_Project" -I"C:\Users\Matias\Desktop\ITBA\TPF-LABmicros\TPFworkspace\flash\workspace\MK64F12_Project\drivers" -I"C:\Users\Matias\Desktop\ITBA\TPF-LABmicros\TPFworkspace\flash\workspace\MK64F12_Project\utilities" -I"C:\Users\Matias\Desktop\ITBA\TPF-LABmicros\TPFworkspace\flash\workspace\MK64F12_Project\component\serial_manager" -I"C:\Users\Matias\Desktop\ITBA\TPF-LABmicros\TPFworkspace\flash\workspace\MK64F12_Project\component\uart" -I"C:\Users\Matias\Desktop\ITBA\TPF-LABmicros\TPFworkspace\flash\workspace\MK64F12_Project\component\lists" -I"C:\Users\Matias\Desktop\ITBA\TPF-LABmicros\TPFworkspace\flash\workspace\MK64F12_Project\device" -I"C:\Users\Matias\Desktop\ITBA\TPF-LABmicros\TPFworkspace\flash\workspace\MK64F12_Project\CMSIS" -O0 -fno-common -g3 -Wall -c -ffunction-sections -fdata-sections -ffreestanding -fno-builtin -fmerge-constants -fmacro-prefix-map="../board/"=. -mcpu=cortex-m4 -mfpu=fpv4-sp-d16 -mfloat-abi=hard -mthumb -D__REDLIB__ -fstack-usage -specs=redlib.specs -MMD -MP -MF"board/peripherals.d" -MT"board/peripherals.o" -MT"board/peripherals.d" -o "board/peripherals.o" "../board/peripherals.c"
Finished building: ../board/board.c
 
Building file: ../board/pin_mux.c
Invoking: MCU C Compiler
arm-none-eabi-gcc -DCPU_MK64FN1M0VLL12 -DCPU_MK64FN1M0VLL12_cm4 -DFSL_RTOS_BM -DSDK_OS_BAREMETAL -DSDK_DEBUGCONSOLE=0 -DCR_INTEGER_PRINTF -DPRINTF_FLOAT_ENABLE=0 -DSERIAL_PORT_TYPE_UART=1 -D__MCUXPRESSO -D__USE_CMSIS -DDEBUG -D__REDLIB__ -I"C:\Users\Matias\Desktop\ITBA\TPF-LABmicros\TPFworkspace\flash\workspace\MK64F12_Project\board" -I"C:\Users\Matias\Desktop\ITBA\TPF-LABmicros\TPFworkspace\flash\workspace\MK64F12_Project\source" -I"C:\Users\Matias\Desktop\ITBA\TPF-LABmicros\TPFworkspace\flash\workspace\MK64F12_Project" -I"C:\Users\Matias\Desktop\ITBA\TPF-LABmicros\TPFworkspace\flash\workspace\MK64F12_Project\drivers" -I"C:\Users\Matias\Desktop\ITBA\TPF-LABmicros\TPFworkspace\flash\workspace\MK64F12_Project\utilities" -I"C:\Users\Matias\Desktop\ITBA\TPF-LABmicros\TPFworkspace\flash\workspace\MK64F12_Project\component\serial_manager" -I"C:\Users\Matias\Desktop\ITBA\TPF-LABmicros\TPFworkspace\flash\workspace\MK64F12_Project\component\uart" -I"C:\Users\Matias\Desktop\ITBA\TPF-LABmicros\TPFworkspace\flash\workspace\MK64F12_Project\component\lists" -I"C:\Users\Matias\Desktop\ITBA\TPF-LABmicros\TPFworkspace\flash\workspace\MK64F12_Project\device" -I"C:\Users\Matias\Desktop\ITBA\TPF-LABmicros\TPFworkspace\flash\workspace\MK64F12_Project\CMSIS" -O0 -fno-common -g3 -Wall -c -ffunction-sections -fdata-sections -ffreestanding -fno-builtin -fmerge-constants -fmacro-prefix-map="../board/"=. -mcpu=cortex-m4 -mfpu=fpv4-sp-d16 -mfloat-abi=hard -mthumb -D__REDLIB__ -fstack-usage -specs=redlib.specs -MMD -MP -MF"board/pin_mux.d" -MT"board/pin_mux.o" -MT"board/pin_mux.d" -o "board/pin_mux.o" "../board/pin_mux.c"
Finished building: ../board/peripherals.c
 
Finished building: ../board/pin_mux.c
 
Building target: MK64F12_Project.axf
Invoking: MCU Linker
arm-none-eabi-gcc -nostdlib -Xlinker -Map="MK64F12_Project.map" -Xlinker --gc-sections -Xlinker -print-memory-usage -Xlinker --sort-section=alignment -Xlinker --cref -mcpu=cortex-m4 -mfpu=fpv4-sp-d16 -mfloat-abi=hard -mthumb -T MK64F12_Project_Debug.ld -o "MK64F12_Project.axf"  ./utilities/fsl_debug_console.o ./utilities/fsl_str.o  ./startup/startup_mk64f12.o  ./source/MK64F12_Project.o ./source/UDA.o ./source/semihost_hardfault.o  ./drivers/fsl_adc16.o ./drivers/fsl_clock.o ./drivers/fsl_common.o ./drivers/fsl_dmamux.o ./drivers/fsl_edma.o ./drivers/fsl_ftfx_cache.o ./drivers/fsl_ftfx_controller.o ./drivers/fsl_ftfx_flash.o ./drivers/fsl_ftfx_flexnvm.o ./drivers/fsl_gpio.o ./drivers/fsl_i2c.o ./drivers/fsl_pit.o ./drivers/fsl_sai.o ./drivers/fsl_sai_edma.o ./drivers/fsl_smc.o ./drivers/fsl_uart.o  ./device/system_MK64F12.o  ./component/uart/uart_adapter.o  ./component/serial_manager/serial_manager.o ./component/serial_manager/serial_port_uart.o  ./component/lists/generic_list.o  ./board/board.o ./board/clock_config.o ./board/peripherals.o ./board/pin_mux.o   
Memory region         Used Size  Region Size  %age Used
   PROGRAM_FLASH:       25720 B         1 MB      2.45%
      SRAM_UPPER:        8856 B       192 KB      4.50%
      SRAM_LOWER:          0 GB        64 KB      0.00%
        FLEX_RAM:          0 GB         4 KB      0.00%
Finished building target: MK64F12_Project.axf
 
make --no-print-directory post-build
Performing post-build steps
arm-none-eabi-size "MK64F12_Project.axf"; # arm-none-eabi-objcopy -v -O binary "MK64F12_Project.axf" "MK64F12_Project.bin" ; # checksum -p MK64FN1M0xxx12 -d "MK64F12_Project.bin";
   text	   data	    bss	    dec	    hex	filename
  25664	     56	   8800	  34520	   86d8	MK64F12_Project.axf
 
23:23:56 **** Incremental Build of configuration Debug for project MK64F12_Project ****
make -r -j2 all 
make: Nothing to be done for 'all'.
23:30:47 **** Incremental Build of configuration Debug for project MK64F12_Project ****
make -r -j2 all 
Building file: ../source/MK64F12_Project.c
Invoking: MCU C Compiler
arm-none-eabi-gcc -DCPU_MK64FN1M0VLL12 -DCPU_MK64FN1M0VLL12_cm4 -DFSL_RTOS_BM -DSDK_OS_BAREMETAL -DSDK_DEBUGCONSOLE=0 -DCR_INTEGER_PRINTF -DPRINTF_FLOAT_ENABLE=0 -DSERIAL_PORT_TYPE_UART=1 -D__MCUXPRESSO -D__USE_CMSIS -DDEBUG -D__REDLIB__ -I"C:\Users\Matias\Desktop\ITBA\TPF-LABmicros\TPFworkspace\flash\workspace\MK64F12_Project\board" -I"C:\Users\Matias\Desktop\ITBA\TPF-LABmicros\TPFworkspace\flash\workspace\MK64F12_Project\source" -I"C:\Users\Matias\Desktop\ITBA\TPF-LABmicros\TPFworkspace\flash\workspace\MK64F12_Project" -I"C:\Users\Matias\Desktop\ITBA\TPF-LABmicros\TPFworkspace\flash\workspace\MK64F12_Project\drivers" -I"C:\Users\Matias\Desktop\ITBA\TPF-LABmicros\TPFworkspace\flash\workspace\MK64F12_Project\utilities" -I"C:\Users\Matias\Desktop\ITBA\TPF-LABmicros\TPFworkspace\flash\workspace\MK64F12_Project\component\serial_manager" -I"C:\Users\Matias\Desktop\ITBA\TPF-LABmicros\TPFworkspace\flash\workspace\MK64F12_Project\component\uart" -I"C:\Users\Matias\Desktop\ITBA\TPF-LABmicros\TPFworkspace\flash\workspace\MK64F12_Project\component\lists" -I"C:\Users\Matias\Desktop\ITBA\TPF-LABmicros\TPFworkspace\flash\workspace\MK64F12_Project\device" -I"C:\Users\Matias\Desktop\ITBA\TPF-LABmicros\TPFworkspace\flash\workspace\MK64F12_Project\CMSIS" -O0 -fno-common -g3 -Wall -c -ffunction-sections -fdata-sections -ffreestanding -fno-builtin -fmerge-constants -fmacro-prefix-map="../source/"=. -mcpu=cortex-m4 -mfpu=fpv4-sp-d16 -mfloat-abi=hard -mthumb -D__REDLIB__ -fstack-usage -specs=redlib.specs -MMD -MP -MF"source/MK64F12_Project.d" -MT"source/MK64F12_Project.o" -MT"source/MK64F12_Project.d" -o "source/MK64F12_Project.o" "../source/MK64F12_Project.c"
../source/MK64F12_Project.c: In function 'main':
../source/MK64F12_Project.c:64:18: warning: assignment to 'uint8_t *' {aka 'unsigned char *'} from incompatible pointer type 'uint16_t *' {aka 'short unsigned int *'} [-Wincompatible-pointer-types]
   64 |     xfer[0].data = buffer;
      |                  ^
Finished building: ../source/MK64F12_Project.c
 
Building target: MK64F12_Project.axf
Invoking: MCU Linker
arm-none-eabi-gcc -nostdlib -Xlinker -Map="MK64F12_Project.map" -Xlinker --gc-sections -Xlinker -print-memory-usage -Xlinker --sort-section=alignment -Xlinker --cref -mcpu=cortex-m4 -mfpu=fpv4-sp-d16 -mfloat-abi=hard -mthumb -T MK64F12_Project_Debug.ld -o "MK64F12_Project.axf"  ./utilities/fsl_debug_console.o ./utilities/fsl_str.o  ./startup/startup_mk64f12.o  ./source/MK64F12_Project.o ./source/UDA.o ./source/semihost_hardfault.o  ./drivers/fsl_adc16.o ./drivers/fsl_clock.o ./drivers/fsl_common.o ./drivers/fsl_dmamux.o ./drivers/fsl_edma.o ./drivers/fsl_ftfx_cache.o ./drivers/fsl_ftfx_controller.o ./drivers/fsl_ftfx_flash.o ./drivers/fsl_ftfx_flexnvm.o ./drivers/fsl_gpio.o ./drivers/fsl_i2c.o ./drivers/fsl_pit.o ./drivers/fsl_sai.o ./drivers/fsl_sai_edma.o ./drivers/fsl_smc.o ./drivers/fsl_uart.o  ./device/system_MK64F12.o  ./component/uart/uart_adapter.o  ./component/serial_manager/serial_manager.o ./component/serial_manager/serial_port_uart.o  ./component/lists/generic_list.o  ./board/board.o ./board/clock_config.o ./board/peripherals.o ./board/pin_mux.o   
Memory region         Used Size  Region Size  %age Used
   PROGRAM_FLASH:       25944 B         1 MB      2.47%
      SRAM_UPPER:        8856 B       192 KB      4.50%
      SRAM_LOWER:          0 GB        64 KB      0.00%
        FLEX_RAM:          0 GB         4 KB      0.00%
Finished building target: MK64F12_Project.axf
 
make --no-print-directory post-build
Performing post-build steps
arm-none-eabi-size "MK64F12_Project.axf"; # arm-none-eabi-objcopy -v -O binary "MK64F12_Project.axf" "MK64F12_Project.bin" ; # checksum -p MK64FN1M0xxx12 -d "MK64F12_Project.bin";
   text	   data	    bss	    dec	    hex	filename
  25888	     56	   8800	  34744	   87b8	MK64F12_Project.axf
 
