23:30:47 **** Incremental Build of configuration Debug for project MK64F12_Project ****
make -r -j2 all 
Building file: ../source/MK64F12_Project.c
Invoking: MCU C Compiler
arm-none-eabi-gcc -DCPU_MK64FN1M0VLL12 -DCPU_MK64FN1M0VLL12_cm4 -DFSL_RTOS_BM -DSDK_OS_BAREMETAL -DSDK_DEBUGCONSOLE=0 -DCR_INTEGER_PRINTF -DPRINTF_FLOAT_ENABLE=0 -DSERIAL_PORT_TYPE_UART=1 -D__MCUXPRESSO -D__USE_CMSIS -DDEBUG -D__REDLIB__ -I"C:\Users\Matias\Desktop\ITBA\TPF-LABmicros\TPFworkspace\flash\workspace\MK64F12_Project\board" -I"C:\Users\Matias\Desktop\ITBA\TPF-LABmicros\TPFworkspace\flash\workspace\MK64F12_Project\source" -I"C:\Users\Matias\Desktop\ITBA\TPF-LABmicros\TPFworkspace\flash\workspace\MK64F12_Project" -I"C:\Users\Matias\Desktop\ITBA\TPF-LABmicros\TPFworkspace\flash\workspace\MK64F12_Project\drivers" -I"C:\Users\Matias\Desktop\ITBA\TPF-LABmicros\TPFworkspace\flash\workspace\MK64F12_Project\utilities" -I"C:\Users\Matias\Desktop\ITBA\TPF-LABmicros\TPFworkspace\flash\workspace\MK64F12_Project\component\serial_manager" -I"C:\Users\Matias\Desktop\ITBA\TPF-LABmicros\TPFworkspace\flash\workspace\MK64F12_Project\component\uart" -I"C:\Users\Matias\Desktop\ITBA\TPF-LABmicros\TPFworkspace\flash\workspace\MK64F12_Project\component\lists" -I"C:\Users\Matias\Desktop\ITBA\TPF-LABmicros\TPFworkspace\flash\workspace\MK64F12_Project\device" -I"C:\Users\Matias\Desktop\ITBA\TPF-LABmicros\TPFworkspace\flash\workspace\MK64F12_Project\CMSIS" -O0 -fno-common -g3 -Wall -c -ffunction-sections -fdata-sections -ffreestanding -fno-builtin -fmerge-constants -fmacro-prefix-map="../source/"=. -mcpu=cortex-m4 -mfpu=fpv4-sp-d16 -mfloat-abi=hard -mthumb -D__REDLIB__ -fstack-usage -specs=redlib.specs -MMD -MP -MF"source/MK64F12_Project.d" -MT"source/MK64F12_Project.o" -MT"source/MK64F12_Project.d" -o "source/MK64F12_Project.o" "../source/MK64F12_Project.c"
../source/MK64F12_Project.c: In function 'main':
../source/MK64F12_Project.c:64:18: warning: assignment to 'uint8_t *' {aka 'unsigned char *'} from incompatible pointer type 'uint16_t *' {aka 'short unsigned int *'} [-Wincompatible-pointer-types]
   64 |     xfer[0].data = buffer;
      |                  ^
Finished building: ../source/MK64F12_Project.c
 
Building target: MK64F12_Project.axf
Invoking: MCU Linker
arm-none-eabi-gcc -nostdlib -Xlinker -Map="MK64F12_Project.map" -Xlinker --gc-sections -Xlinker -print-memory-usage -Xlinker --sort-section=alignment -Xlinker --cref -mcpu=cortex-m4 -mfpu=fpv4-sp-d16 -mfloat-abi=hard -mthumb -T MK64F12_Project_Debug.ld -o "MK64F12_Project.axf"  ./utilities/fsl_debug_console.o ./utilities/fsl_str.o  ./startup/startup_mk64f12.o  ./source/MK64F12_Project.o ./source/UDA.o ./source/semihost_hardfault.o  ./drivers/fsl_adc16.o ./drivers/fsl_clock.o ./drivers/fsl_common.o ./drivers/fsl_dmamux.o ./drivers/fsl_edma.o ./drivers/fsl_ftfx_cache.o ./drivers/fsl_ftfx_controller.o ./drivers/fsl_ftfx_flash.o ./drivers/fsl_ftfx_flexnvm.o ./drivers/fsl_gpio.o ./drivers/fsl_i2c.o ./drivers/fsl_pit.o ./drivers/fsl_sai.o ./drivers/fsl_sai_edma.o ./drivers/fsl_smc.o ./drivers/fsl_uart.o  ./device/system_MK64F12.o  ./component/uart/uart_adapter.o  ./component/serial_manager/serial_manager.o ./component/serial_manager/serial_port_uart.o  ./component/lists/generic_list.o  ./board/board.o ./board/clock_config.o ./board/peripherals.o ./board/pin_mux.o   
Memory region         Used Size  Region Size  %age Used
   PROGRAM_FLASH:       25944 B         1 MB      2.47%
      SRAM_UPPER:        8856 B       192 KB      4.50%
      SRAM_LOWER:          0 GB        64 KB      0.00%
        FLEX_RAM:          0 GB         4 KB      0.00%
Finished building target: MK64F12_Project.axf
 
make --no-print-directory post-build
Performing post-build steps
arm-none-eabi-size "MK64F12_Project.axf"; # arm-none-eabi-objcopy -v -O binary "MK64F12_Project.axf" "MK64F12_Project.bin" ; # checksum -p MK64FN1M0xxx12 -d "MK64F12_Project.bin";
   text	   data	    bss	    dec	    hex	filename
  25888	     56	   8800	  34744	   87b8	MK64F12_Project.axf
 

23:30:51 Build Finished. 0 errors, 1 warnings. (took 4s.516ms)

