Archive member included to satisfy reference by file (symbol)

c:/nxp/mcuxpressoide_11.3.0_5222/ide/plugins/com.nxp.mcuxpresso.tools.win32_11.3.0.202008311133/tools/bin/../lib/gcc/arm-none-eabi/9.3.1/../../../../arm-none-eabi/lib/thumb/v7e-m+fp/hard\libcr_semihost_nf.a(_cr__main.o)
                              ./startup/startup_mk64f12.o (__main)
c:/nxp/mcuxpressoide_11.3.0_5222/ide/plugins/com.nxp.mcuxpresso.tools.win32_11.3.0.202008311133/tools/bin/../lib/gcc/arm-none-eabi/9.3.1/../../../../arm-none-eabi/lib/thumb/v7e-m+fp/hard\libcr_semihost_nf.a(_cr_assert.o)
                              ./utilities/fsl_debug_console.o (__assertion_failed)
c:/nxp/mcuxpressoide_11.3.0_5222/ide/plugins/com.nxp.mcuxpresso.tools.win32_11.3.0.202008311133/tools/bin/../lib/gcc/arm-none-eabi/9.3.1/../../../../arm-none-eabi/lib/thumb/v7e-m+fp/hard\libcr_semihost_nf.a(__ciob.o)
                              c:/nxp/mcuxpressoide_11.3.0_5222/ide/plugins/com.nxp.mcuxpresso.tools.win32_11.3.0.202008311133/tools/bin/../lib/gcc/arm-none-eabi/9.3.1/../../../../arm-none-eabi/lib/thumb/v7e-m+fp/hard\libcr_semihost_nf.a(_cr_assert.o) (__Ciob)
c:/nxp/mcuxpressoide_11.3.0_5222/ide/plugins/com.nxp.mcuxpresso.tools.win32_11.3.0.202008311133/tools/bin/../lib/gcc/arm-none-eabi/9.3.1/../../../../arm-none-eabi/lib/thumb/v7e-m+fp/hard\libcr_semihost_nf.a(__sys_appexit.o)
                              c:/nxp/mcuxpressoide_11.3.0_5222/ide/plugins/com.nxp.mcuxpresso.tools.win32_11.3.0.202008311133/tools/bin/../lib/gcc/arm-none-eabi/9.3.1/../../../../arm-none-eabi/lib/thumb/v7e-m+fp/hard\libcr_semihost_nf.a(_cr_assert.o) (__sys_appexit)
c:/nxp/mcuxpressoide_11.3.0_5222/ide/plugins/com.nxp.mcuxpresso.tools.win32_11.3.0.202008311133/tools/bin/../lib/gcc/arm-none-eabi/9.3.1/../../../../arm-none-eabi/lib/thumb/v7e-m+fp/hard\libcr_c.a(memcpy.o)
                              ./utilities/fsl_str.o (memcpy)
c:/nxp/mcuxpressoide_11.3.0_5222/ide/plugins/com.nxp.mcuxpresso.tools.win32_11.3.0.202008311133/tools/bin/../lib/gcc/arm-none-eabi/9.3.1/../../../../arm-none-eabi/lib/thumb/v7e-m+fp/hard\libcr_c.a(memset.o)
                              ./drivers/fsl_adc16.o (memset)
c:/nxp/mcuxpressoide_11.3.0_5222/ide/plugins/com.nxp.mcuxpresso.tools.win32_11.3.0.202008311133/tools/bin/../lib/gcc/arm-none-eabi/9.3.1/../../../../arm-none-eabi/lib/thumb/v7e-m+fp/hard\libcr_c.a(_deferredlazyseek.o)
                              c:/nxp/mcuxpressoide_11.3.0_5222/ide/plugins/com.nxp.mcuxpresso.tools.win32_11.3.0.202008311133/tools/bin/../lib/gcc/arm-none-eabi/9.3.1/../../../../arm-none-eabi/lib/thumb/v7e-m+fp/hard\libcr_semihost_nf.a(_cr_assert.o) (__flsbuf)
c:/nxp/mcuxpressoide_11.3.0_5222/ide/plugins/com.nxp.mcuxpresso.tools.win32_11.3.0.202008311133/tools/bin/../lib/gcc/arm-none-eabi/9.3.1/../../../../arm-none-eabi/lib/thumb/v7e-m+fp/hard\libcr_c.a(_fflush.o)
                              c:/nxp/mcuxpressoide_11.3.0_5222/ide/plugins/com.nxp.mcuxpresso.tools.win32_11.3.0.202008311133/tools/bin/../lib/gcc/arm-none-eabi/9.3.1/../../../../arm-none-eabi/lib/thumb/v7e-m+fp/hard\libcr_c.a(_deferredlazyseek.o) (_fflush)
c:/nxp/mcuxpressoide_11.3.0_5222/ide/plugins/com.nxp.mcuxpresso.tools.win32_11.3.0.202008311133/tools/bin/../lib/gcc/arm-none-eabi/9.3.1/../../../../arm-none-eabi/lib/thumb/v7e-m+fp/hard\libcr_c.a(_writebuf.o)
                              c:/nxp/mcuxpressoide_11.3.0_5222/ide/plugins/com.nxp.mcuxpresso.tools.win32_11.3.0.202008311133/tools/bin/../lib/gcc/arm-none-eabi/9.3.1/../../../../arm-none-eabi/lib/thumb/v7e-m+fp/hard\libcr_c.a(_deferredlazyseek.o) (_Cwritebuf)
c:/nxp/mcuxpressoide_11.3.0_5222/ide/plugins/com.nxp.mcuxpresso.tools.win32_11.3.0.202008311133/tools/bin/../lib/gcc/arm-none-eabi/9.3.1/../../../../arm-none-eabi/lib/thumb/v7e-m+fp/hard\libcr_c.a(alloc.o)
                              ./drivers/fsl_common.o (malloc)
c:/nxp/mcuxpressoide_11.3.0_5222/ide/plugins/com.nxp.mcuxpresso.tools.win32_11.3.0.202008311133/tools/bin/../lib/gcc/arm-none-eabi/9.3.1/../../../../arm-none-eabi/lib/thumb/v7e-m+fp/hard\libcr_c.a(fputs.o)
                              c:/nxp/mcuxpressoide_11.3.0_5222/ide/plugins/com.nxp.mcuxpresso.tools.win32_11.3.0.202008311133/tools/bin/../lib/gcc/arm-none-eabi/9.3.1/../../../../arm-none-eabi/lib/thumb/v7e-m+fp/hard\libcr_semihost_nf.a(_cr_assert.o) (fputs)
c:/nxp/mcuxpressoide_11.3.0_5222/ide/plugins/com.nxp.mcuxpresso.tools.win32_11.3.0.202008311133/tools/bin/../lib/gcc/arm-none-eabi/9.3.1/../../../../arm-none-eabi/lib/thumb/v7e-m+fp/hard\libcr_c.a(fseek.o)
                              c:/nxp/mcuxpressoide_11.3.0_5222/ide/plugins/com.nxp.mcuxpresso.tools.win32_11.3.0.202008311133/tools/bin/../lib/gcc/arm-none-eabi/9.3.1/../../../../arm-none-eabi/lib/thumb/v7e-m+fp/hard\libcr_c.a(_deferredlazyseek.o) (fseek)
c:/nxp/mcuxpressoide_11.3.0_5222/ide/plugins/com.nxp.mcuxpresso.tools.win32_11.3.0.202008311133/tools/bin/../lib/gcc/arm-none-eabi/9.3.1/../../../../arm-none-eabi/lib/thumb/v7e-m+fp/hard\libcr_c.a(ftell.o)
[...]
Memory Configuration

Name             Origin             Length             Attributes
PROGRAM_FLASH    0x00000000         0x00100000         xr
SRAM_UPPER       0x20000000         0x00030000         xrw
SRAM_LOWER       0x1fff0000         0x00010000         xrw
FLEX_RAM         0x14000000         0x00001000         xrw
*default*        0x00000000         0xffffffff

Linker script and memory map

LOAD ./utilities/fsl_debug_console.o
LOAD ./utilities/fsl_str.o
LOAD ./startup/startup_mk64f12.o
LOAD ./source/MK64F12_Project.o
LOAD ./source/UDA.o
LOAD ./source/semihost_hardfault.o
LOAD ./drivers/fsl_adc16.o
LOAD ./drivers/fsl_clock.o
LOAD ./drivers/fsl_common.o
LOAD ./drivers/fsl_dmamux.o
LOAD ./drivers/fsl_edma.o
LOAD ./drivers/fsl_ftfx_cache.o
LOAD ./drivers/fsl_ftfx_controller.o
LOAD ./drivers/fsl_ftfx_flash.o
LOAD ./drivers/fsl_ftfx_flexnvm.o
LOAD ./drivers/fsl_gpio.o
LOAD ./drivers/fsl_i2c.o
LOAD ./drivers/fsl_pit.o
LOAD ./drivers/fsl_sai.o
LOAD ./drivers/fsl_sai_edma.o
LOAD ./drivers/fsl_smc.o
LOAD ./drivers/fsl_uart.o
LOAD ./device/system_MK64F12.o
LOAD ./component/uart/uart_adapter.o
LOAD ./component/serial_manager/serial_manager.o
LOAD ./component/serial_manager/serial_port_uart.o
LOAD ./component/lists/generic_list.o
LOAD ./board/board.o
LOAD ./board/clock_config.o
LOAD ./board/peripherals.o
LOAD ./board/pin_mux.o
START GROUP
LOAD c:/nxp/mcuxpressoide_11.3.0_5222/ide/plugins/com.nxp.mcuxpresso.tools.win32_11.3.0.202008311133/tools/bin/../lib/gcc/arm-none-eabi/9.3.1/../../../../arm-none-eabi/lib/thumb/v7e-m+fp/hard\libcr_semihost_nf.a
LOAD c:/nxp/mcuxpressoide_11.3.0_5222/ide/plugins/com.nxp.mcuxpresso.tools.win32_11.3.0.202008311133/tools/bin/../lib/gcc/arm-none-eabi/9.3.1/../../../../arm-none-eabi/lib/thumb/v7e-m+fp/hard\libcr_c.a
LOAD c:/nxp/mcuxpressoide_11.3.0_5222/ide/plugins/com.nxp.mcuxpresso.tools.win32_11.3.0.202008311133/tools/bin/../lib/gcc/arm-none-eabi/9.3.1/thumb/v7e-m+fp/hard\libcr_eabihelpers.a
LOAD c:/nxp/mcuxpressoide_11.3.0_5222/ide/plugins/com.nxp.mcuxpresso.tools.win32_11.3.0.202008311133/tools/bin/../lib/gcc/arm-none-eabi/9.3.1/thumb/v7e-m+fp/hard\libgcc.a
END GROUP
                0x00000000                __base_PROGRAM_FLASH = 0x0
                0x00000000                __base_Flash = 0x0
                0x00100000                __top_PROGRAM_FLASH = 0x100000
                0x00100000                __top_Flash = 0x100000
                0x20000000                __base_SRAM_UPPER = 0x20000000
                0x20000000                __base_RAM = 0x20000000
                0x20030000                __top_SRAM_UPPER = 0x20030000
                0x20030000                __top_RAM = 0x20030000
                0x1fff0000                __base_SRAM_LOWER = 0x1fff0000
                0x1fff0000                __base_RAM2 = 0x1fff0000
                0x20000000                __top_SRAM_LOWER = 0x20000000
                0x20000000                __top_RAM2 = 0x20000000
                0x14000000                __base_FLEX_RAM = 0x14000000
                0x14000000                __base_RAM3 = 0x14000000
                0x14001000                __top_FLEX_RAM = 0x14001000
                0x14001000                __top_RAM3 = 0x14001000

.text           0x00000000     0x6520
 FILL mask 0xff
                0x00000000                __vectors_start__ = ABSOLUTE (.)
 *(SORT_BY_ALIGNMENT(.isr_vector))
 .isr_vector    0x00000000      0x198 ./startup/startup_mk64f12.o
                0x00000000                g_pfnVectors
                0x00000000                __Vectors
                0x00000198                . = ALIGN (0x4)
                0x00000198                __section_table_start = .
                0x00000198                __data_section_table = .
                0x00000198        0x4 LONG 0x6520 LOADADDR (.data)
                0x0000019c        0x4 LONG 0x20000000 ADDR (.data)
                0x000001a0        0x4 LONG 0x38 SIZEOF (.data)
                0x000001a4        0x4 LONG 0x6520 LOADADDR (.data_RAM2)
                0x000001a8        0x4 LONG 0x1fff0000 ADDR (.data_RAM2)
                0x000001ac        0x4 LONG 0x0 SIZEOF (.data_RAM2)
                0x000001b0        0x4 LONG 0x6520 LOADADDR (.data_RAM3)
                0x000001b4        0x4 LONG 0x14000000 ADDR (.data_RAM3)
                0x000001b8        0x4 LONG 0x0 SIZEOF (.data_RAM3)
                0x000001bc                __data_section_table_end = .
                0x000001bc                __bss_section_table = .
                0x000001bc        0x4 LONG 0x20000038 ADDR (.bss)
                0x000001c0        0x4 LONG 0x260 SIZEOF (.bss)
                0x000001c4        0x4 LONG 0x1fff0000 ADDR (.bss_RAM2)
                0x000001c8        0x4 LONG 0x0 SIZEOF (.bss_RAM2)
                0x000001cc        0x4 LONG 0x14000000 ADDR (.bss_RAM3)
                0x000001d0        0x4 LONG 0x0 SIZEOF (.bss_RAM3)
                0x000001d4                __bss_section_table_end = .
                0x000001d4                __section_table_end = .
 *(SORT_BY_ALIGNMENT(.after_vectors*))
 .after_vectors.reset
                0x000001d4       0x4c ./startup/startup_mk64f12.o
                0x000001d4                ResetISR
 .after_vectors.init_data
                0x00000220       0x1e ./startup/startup_mk64f12.o
                0x00000220                data_init
 .after_vectors.init_bss
                0x0000023e       0x12 ./startup/startup_mk64f12.o
                0x0000023e                bss_init
 .after_vectors
                0x00000250       0x14 ./startup/startup_mk64f12.o
                0x00000250                NMI_Handler
                0x00000254                MemManage_Handler
                0x00000256                BusFault_Handler
                0x00000258                UsageFault_Handler
                0x0000025a                SVC_Handler
                0x0000025c                DebugMon_Handler
                0x0000025e                PendSV_Handler
                0x00000260                SysTick_Handler
                0x00000262                FTM1_DriverIRQHandler
                0x00000262                FTM2_DriverIRQHandler
                0x00000262                PIT2_DriverIRQHandler
                0x00000262                SDHC_DriverIRQHandler
                0x00000262                RTC_Seconds_DriverIRQHandler
                0x00000262                LLWU_DriverIRQHandler
                0x00000262                MCM_DriverIRQHandler
                0x00000262                MCG_DriverIRQHandler
                0x00000262                ENET_1588_Timer_DriverIRQHandler
                0x00000262                DAC1_DriverIRQHandler
                0x00000262                DMA_Error_DriverIRQHandler
                0x00000262                CMP1_DriverIRQHandler
                0x00000262                FTM0_DriverIRQHandler
                0x00000262                IntDefaultHandler
                0x00000262                USB0_DriverIRQHandler
                0x00000262                UART5_ERR_DriverIRQHandler
                0x00000262                PORTC_DriverIRQHandler
                0x00000262                DAC0_DriverIRQHandler
                0x00000262                CMP2_DriverIRQHandler
                0x00000262                UART2_ERR_DriverIRQHandler
                0x00000262                SPI2_DriverIRQHandler
                0x00000262                LPTMR0_DriverIRQHandler
                0x00000262                PIT0_DriverIRQHandler
                0x00000262                RNG_DriverIRQHandler
                0x00000262                USBDCD_DriverIRQHandler
                0x00000262                UART3_ERR_DriverIRQHandler
                0x00000262                UART0_ERR_DriverIRQHandler
                0x00000262                CMT_DriverIRQHandler
                0x00000262                Reserved71_DriverIRQHandler
                0x00000262                ADC1_DriverIRQHandler
                0x00000262                PORTA_DriverIRQHandler
                0x00000262                PIT3_DriverIRQHandler
                0x00000262                PIT1_DriverIRQHandler
                0x00000262                WDOG_EWM_DriverIRQHandler
                0x00000262                PDB0_DriverIRQHandler
                0x00000262                RTC_DriverIRQHandler
                0x00000262                Read_Collision_DriverIRQHandler
                0x00000262                SWI_DriverIRQHandler
                0x00000262                UART4_ERR_DriverIRQHandler
                0x00000262                SPI1_DriverIRQHandler
                0x00000262                UART0_LON_DriverIRQHandler
                0x00000262                PORTB_DriverIRQHandler
                0x00000262                ENET_Receive_DriverIRQHandler
                0x00000262                ENET_Error_DriverIRQHandler
                0x00000262                SPI0_DriverIRQHandler
                0x00000262                ADC0_DriverIRQHandler
                0x00000262                CMP0_DriverIRQHandler
                0x00000262                CAN0_DriverIRQHandler
                0x00000262                FTM3_DriverIRQHandler
                0x00000262                LVD_LVW_DriverIRQHandler
                0x00000262                UART1_ERR_DriverIRQHandler
                0x00000262                ENET_Transmit_DriverIRQHandler
                0x00000262                PORTD_DriverIRQHandler
                0x00000262                PORTE_DriverIRQHandler
                0x00000262                FTFE_DriverIRQHandler
                0x00000400                . = 0x400
 *fill*         0x00000264      0x19c ff
                0x00000400                PROVIDE (__FLASH_CONFIG_START__ = .)
 *(SORT_BY_ALIGNMENT(.FlashConfig))
 .FlashConfig   0x00000400       0x10 ./startup/startup_mk64f12.o
                0x00000400                Flash_Config
                0x00000410                PROVIDE (__FLASH_CONFIG_END__ = .)
                0x00000001                ASSERT (! ((__FLASH_CONFIG_START__ == __FLASH_CONFIG_END__)), Linker Flash Config Support Enabled, but no .FlashConfig section provided within application)
 *(SORT_BY_ALIGNMENT(.text*))
 .text.EDMA_TriggerChannelStart
                0x00000410       0x30 ./source/MK64F12_Project.o
 .text.main     0x00000440       0x90 ./source/MK64F12_Project.o
                0x00000440                main
 .text.major_callback
                0x000004d0       0x40 ./source/MK64F12_Project.o
                0x000004d0                major_callback
 .text.i2c_write_UDA
                0x00000510       0x58 ./source/UDA.o
                0x00000510                i2c_write_UDA
 .text.CLOCK_SetEr32kClock
                0x00000568       0x30 ./drivers/fsl_clock.o
 .text.CLOCK_SetPllFllSelClock
                0x00000598       0x3c ./drivers/fsl_clock.o
 .text.CLOCK_GetMcgExtClkFreq
                0x000005d4       0x7c ./drivers/fsl_clock.o
 .text.CLOCK_GetFllExtRefClkFreq
                0x00000650       0xb0 ./drivers/fsl_clock.o
 .text.CLOCK_GetInternalRefClkSelectFreq
                0x00000700       0x4c ./drivers/fsl_clock.o
 .text.CLOCK_GetFllRefClkFreq
                0x0000074c       0x34 ./drivers/fsl_clock.o
 .text.CLOCK_GetOscRangeFromFreq
                0x00000780       0x3c ./drivers/fsl_clock.o
 .text.CLOCK_GetOsc0ErClkFreq
                0x000007bc       0x44 ./drivers/fsl_clock.o
                0x000007bc                CLOCK_GetOsc0ErClkFreq
 .text.CLOCK_GetEr32kClkFreq
                0x00000800       0x74 ./drivers/fsl_clock.o
                0x00000800                CLOCK_GetEr32kClkFreq
 .text.CLOCK_GetPllFllSelClkFreq
                0x00000874       0x58 ./drivers/fsl_clock.o
                0x00000874                CLOCK_GetPllFllSelClkFreq
 .text.CLOCK_GetCoreSysClkFreq
                0x000008cc       0x28 ./drivers/fsl_clock.o
                0x000008cc                CLOCK_GetCoreSysClkFreq
 .text.CLOCK_GetFreq
                0x000008f4      0x148 ./drivers/fsl_clock.o
                0x000008f4                CLOCK_GetFreq
 .text.CLOCK_SetSimConfig
                0x00000a3c       0x38 ./drivers/fsl_clock.o
                0x00000a3c                CLOCK_SetSimConfig
 .text.CLOCK_EnableUsbfs0Clock
                0x00000a74      0x110 ./drivers/fsl_clock.o
                0x00000a74                CLOCK_EnableUsbfs0Clock
 .text.CLOCK_GetOutClkFreq
                0x00000b84       0x64 ./drivers/fsl_clock.o
                0x00000b84                CLOCK_GetOutClkFreq
 .text.CLOCK_GetFllFreq
                0x00000be8       0x84 ./drivers/fsl_clock.o
                0x00000be8                CLOCK_GetFllFreq
 .text.CLOCK_GetInternalRefClkFreq
                0x00000c6c       0x30 ./drivers/fsl_clock.o
                0x00000c6c                CLOCK_GetInternalRefClkFreq
 .text.CLOCK_GetPll0Freq
                0x00000c9c       0x78 ./drivers/fsl_clock.o
                0x00000c9c                CLOCK_GetPll0Freq
 .text.CLOCK_SetExternalRefClkConfig
                0x00000d14       0x6c ./drivers/fsl_clock.o
                0x00000d14                CLOCK_SetExternalRefClkConfig
 .text.CLOCK_SetInternalRefClkConfig
                0x00000d80      0x104 ./drivers/fsl_clock.o
                0x00000d80                CLOCK_SetInternalRefClkConfig
 .text.CLOCK_EnablePll0
                0x00000e84       0x88 ./drivers/fsl_clock.o
                0x00000e84                CLOCK_EnablePll0
 .text.CLOCK_InitOsc0
                0x00000f0c       0x8c ./drivers/fsl_clock.o
                0x00000f0c                CLOCK_InitOsc0
 .text.CLOCK_SetPbeMode
                0x00000f98       0xa8 ./drivers/fsl_clock.o
                0x00000f98                CLOCK_SetPbeMode
 .text.CLOCK_BootToPeeMode
                0x00001040       0x64 ./drivers/fsl_clock.o
                0x00001040                CLOCK_BootToPeeMode
 .text.DMAMUX_GetInstance
                0x000010a4       0x44 ./drivers/fsl_dmamux.o
 .text.DMAMUX_Init
                0x000010e8       0x24 ./drivers/fsl_dmamux.o
                0x000010e8                DMAMUX_Init
 .text.__NVIC_EnableIRQ
                0x0000110c       0x3c ./drivers/fsl_edma.o
 .text.EDMA_GetInstance
                0x00001148       0x44 ./drivers/fsl_edma.o
 .text.EDMA_InstallTCD
                0x0000118c      0x148 ./drivers/fsl_edma.o
                0x0000118c                EDMA_InstallTCD
 .text.EDMA_Init
                0x000012d4       0x98 ./drivers/fsl_edma.o
                0x000012d4                EDMA_Init
 .text.EDMA_SetTransferConfig
                0x0000136c       0x60 ./drivers/fsl_edma.o
                0x0000136c                EDMA_SetTransferConfig
 .text.EDMA_TcdReset
                0x000013cc       0x78 ./drivers/fsl_edma.o
                0x000013cc                EDMA_TcdReset
 .text.EDMA_TcdSetTransferConfig
                0x00001444      0x12c ./drivers/fsl_edma.o
                0x00001444                EDMA_TcdSetTransferConfig
 .text.EDMA_GetInstanceOffset
                0x00001570       0x48 ./drivers/fsl_edma.o
 .text.EDMA_CreateHandle
                0x000015b8       0xe0 ./drivers/fsl_edma.o
                0x000015b8                EDMA_CreateHandle
 .text.EDMA_InstallTCDMemory
                0x00001698       0x60 ./drivers/fsl_edma.o
                0x00001698                EDMA_InstallTCDMemory
 .text.EDMA_SetCallback
                0x000016f8       0x30 ./drivers/fsl_edma.o
                0x000016f8                EDMA_SetCallback
 .text.EDMA_TransferWidthMapping
                0x00001728       0xd0 ./drivers/fsl_edma.o
 .text.EDMA_PrepareTransferConfig
                0x000017f8      0x134 ./drivers/fsl_edma.o
                0x000017f8                EDMA_PrepareTransferConfig
 .text.EDMA_PrepareTransfer
                0x0000192c       0xa4 ./drivers/fsl_edma.o
                0x0000192c                EDMA_PrepareTransfer
 .text.EDMA_SubmitTransfer
                0x000019d0      0x304 ./drivers/fsl_edma.o
                0x000019d0                EDMA_SubmitTransfer
 .text.EDMA_StartTransfer
                0x00001cd4       0xb0 ./drivers/fsl_edma.o
                0x00001cd4                EDMA_StartTransfer
 .text.EDMA_HandleIRQ
                0x00001d84      0x160 ./drivers/fsl_edma.o
                0x00001d84                EDMA_HandleIRQ
 .text.DMA0_DriverIRQHandler
                0x00001ee4       0x1c ./drivers/fsl_edma.o
                0x00001ee4                DMA0_DriverIRQHandler
 .text.DMA1_DriverIRQHandler
                0x00001f00       0x1c ./drivers/fsl_edma.o
                0x00001f00                DMA1_DriverIRQHandler
 .text.DMA2_DriverIRQHandler
                0x00001f1c       0x1c ./drivers/fsl_edma.o
                0x00001f1c                DMA2_DriverIRQHandler
 .text.DMA3_DriverIRQHandler
                0x00001f38       0x1c ./drivers/fsl_edma.o
                0x00001f38                DMA3_DriverIRQHandler
 .text.DMA4_DriverIRQHandler
                0x00001f54       0x1c ./drivers/fsl_edma.o
                0x00001f54                DMA4_DriverIRQHandler
 .text.DMA5_DriverIRQHandler
                0x00001f70       0x1c ./drivers/fsl_edma.o
                0x00001f70                DMA5_DriverIRQHandler
 .text.DMA6_DriverIRQHandler
                0x00001f8c       0x1c ./drivers/fsl_edma.o
                0x00001f8c                DMA6_DriverIRQHandler
 .text.DMA7_DriverIRQHandler
                0x00001fa8       0x1c ./drivers/fsl_edma.o
                0x00001fa8                DMA7_DriverIRQHandler
 .text.DMA8_DriverIRQHandler
                0x00001fc4       0x1c ./drivers/fsl_edma.o
                0x00001fc4                DMA8_DriverIRQHandler
 .text.DMA9_DriverIRQHandler
                0x00001fe0       0x1c ./drivers/fsl_edma.o
                0x00001fe0                DMA9_DriverIRQHandler
 .text.DMA10_DriverIRQHandler
                0x00001ffc       0x1c ./drivers/fsl_edma.o
                0x00001ffc                DMA10_DriverIRQHandler
 .text.DMA11_DriverIRQHandler
                0x00002018       0x1c ./drivers/fsl_edma.o
                0x00002018                DMA11_DriverIRQHandler
 .text.DMA12_DriverIRQHandler
                0x00002034       0x1c ./drivers/fsl_edma.o
                0x00002034                DMA12_DriverIRQHandler
 .text.DMA13_DriverIRQHandler
                0x00002050       0x1c ./drivers/fsl_edma.o
                0x00002050                DMA13_DriverIRQHandler
 .text.DMA14_DriverIRQHandler
                0x0000206c       0x1c ./drivers/fsl_edma.o
                0x0000206c                DMA14_DriverIRQHandler
 .text.DMA15_DriverIRQHandler
                0x00002088       0x1c ./drivers/fsl_edma.o
                0x00002088                DMA15_DriverIRQHandler
 .text.I2C_GetInstance
                0x000020a4       0x4c ./drivers/fsl_i2c.o
                0x000020a4                I2C_GetInstance
 .text.I2C_TransferCommonIRQHandler
                0x000020f0       0x58 ./drivers/fsl_i2c.o
 .text.I2C_MasterInit
                0x00002148       0xe4 ./drivers/fsl_i2c.o
                0x00002148                I2C_MasterInit
 .text.I2C_MasterSetBaudRate
                0x0000222c       0xe8 ./drivers/fsl_i2c.o
                0x0000222c                I2C_MasterSetBaudRate
 .text.I2C0_DriverIRQHandler
                0x00002314       0x1c ./drivers/fsl_i2c.o
                0x00002314                I2C0_DriverIRQHandler
 .text.I2C1_DriverIRQHandler
                0x00002330       0x1c ./drivers/fsl_i2c.o
                0x00002330                I2C1_DriverIRQHandler
 .text.I2C2_DriverIRQHandler
                0x0000234c       0x1c ./drivers/fsl_i2c.o
                0x0000234c                I2C2_DriverIRQHandler
 .text.SAI_SetMasterClockDivider
                0x00002368      0x120 ./drivers/fsl_sai.o
 .text.SAI_GetInstance
                0x00002488       0x44 ./drivers/fsl_sai.o
 .text.SAI_Init
                0x000024cc       0x48 ./drivers/fsl_sai.o
                0x000024cc                SAI_Init
 .text.SAI_TxSetBitClockRate
                0x00002514       0x88 ./drivers/fsl_sai.o
                0x00002514                SAI_TxSetBitClockRate
 .text.SAI_TxSetBitclockConfig
                0x0000259c       0x88 ./drivers/fsl_sai.o
                0x0000259c                SAI_TxSetBitclockConfig
 .text.SAI_SetMasterClockConfig
                0x00002624       0x80 ./drivers/fsl_sai.o
                0x00002624                SAI_SetMasterClockConfig
 .text.SAI_TxSetFifoConfig
                0x000026a4       0x58 ./drivers/fsl_sai.o
                0x000026a4                SAI_TxSetFifoConfig
 .text.SAI_TxSetFrameSyncConfig
                0x000026fc       0x98 ./drivers/fsl_sai.o
                0x000026fc                SAI_TxSetFrameSyncConfig
 .text.SAI_TxSetSerialDataConfig
                0x00002794       0x8c ./drivers/fsl_sai.o
                0x00002794                SAI_TxSetSerialDataConfig
 .text.SAI_TxSetConfig
                0x00002820      0x15c ./drivers/fsl_sai.o
                0x00002820                SAI_TxSetConfig
 .text.I2S0_Tx_DriverIRQHandler
                0x0000297c       0x3c ./drivers/fsl_sai.o
                0x0000297c                I2S0_Tx_DriverIRQHandler
 .text.I2S0_Rx_DriverIRQHandler
                0x000029b8       0x3c ./drivers/fsl_sai.o
                0x000029b8                I2S0_Rx_DriverIRQHandler
 .text.SAI_GetInstance
                0x000029f4       0x44 ./drivers/fsl_sai_edma.o
 .text.SAI_TransferTxCreateHandleEDMA
                0x00002a38       0xa0 ./drivers/fsl_sai_edma.o
                0x00002a38                SAI_TransferTxCreateHandleEDMA
 .text.SAI_TransferTxSetConfigEDMA
                0x00002ad8       0x70 ./drivers/fsl_sai_edma.o
                0x00002ad8                SAI_TransferTxSetConfigEDMA
 .text.SAI_TransferSendEDMA
                0x00002b48      0x188 ./drivers/fsl_sai_edma.o
                0x00002b48                SAI_TransferSendEDMA
 .text.UART0_DriverIRQHandler
                0x00002cd0       0x28 ./drivers/fsl_uart.o
                0x00002cd0                UART0_DriverIRQHandler
 .text.UART1_DriverIRQHandler
                0x00002cf8       0x28 ./drivers/fsl_uart.o
                0x00002cf8                UART1_DriverIRQHandler
 .text.UART2_DriverIRQHandler
                0x00002d20       0x28 ./drivers/fsl_uart.o
                0x00002d20                UART2_DriverIRQHandler
 .text.UART3_DriverIRQHandler
                0x00002d48       0x28 ./drivers/fsl_uart.o
                0x00002d48                UART3_DriverIRQHandler
 .text.UART4_DriverIRQHandler
                0x00002d70       0x28 ./drivers/fsl_uart.o
                0x00002d70                UART4_DriverIRQHandler
 .text.UART5_DriverIRQHandler
                0x00002d98       0x28 ./drivers/fsl_uart.o
                0x00002d98                UART5_DriverIRQHandler
 .text.SystemInit
                0x00002dc0       0x3c ./device/system_MK64F12.o
                0x00002dc0                SystemInit
 .text.CLOCK_SetSdhc0Clock
                0x00002dfc       0x3c ./board/clock_config.o
 .text.CLOCK_SetEnetTime0Clock
                0x00002e38       0x3c ./board/clock_config.o
 .text.CLOCK_SetRmii0Clock
                0x00002e74       0x3c ./board/clock_config.o
 .text.CLOCK_SetTraceClock
                0x00002eb0       0x3c ./board/clock_config.o
 .text.CLOCK_SetClkOutClock
                0x00002eec       0x38 ./board/clock_config.o
 .text.CLOCK_SetSimSafeDivs
                0x00002f24       0x20 ./board/clock_config.o
 .text.CLOCK_SetXtal0Freq
                0x00002f44       0x20 ./board/clock_config.o
 .text.CLOCK_CONFIG_SetFllExtRefDiv
                0x00002f64       0x3c ./board/clock_config.o
 .text.BOARD_BootClockRUN
                0x00002fa0       0x88 ./board/clock_config.o
                0x00002fa0                BOARD_BootClockRUN
 .text.DMAMUX_EnableChannel
                0x00003028       0x3c ./board/peripherals.o
 .text.DMAMUX_SetSource
                0x00003064       0x4c ./board/peripherals.o
 .text.I2C0_init
                0x000030b0       0x24 ./board/peripherals.o
 .text.I2S0_init
                0x000030d4       0x88 ./board/peripherals.o
 .text.BOARD_InitPeripherals
                0x0000315c       0x2c ./board/peripherals.o
                0x0000315c                BOARD_InitPeripherals
 .text.PORT_SetPinConfig
                0x00003188       0x38 ./board/pin_mux.o
 .text.BOARD_InitPins
                0x000031c0       0x8c ./board/pin_mux.o
                0x000031c0                BOARD_InitPins
 .text.BOARD_InitDEBUG_UARTPins
                0x0000324c       0x6c ./board/pin_mux.o
                0x0000324c                BOARD_InitDEBUG_UARTPins
 .text.__assertion_failed
                0x000032b8       0x4c c:/nxp/mcuxpressoide_11.3.0_5222/ide/plugins/com.nxp.mcuxpresso.tools.win32_11.3.0.202008311133/tools/bin/../lib/gcc/arm-none-eabi/9.3.1/../../../../arm-none-eabi/lib/thumb/v7e-m+fp/hard\libcr_semihost_nf.a(_cr_assert.o)
                0x000032b8                __assertion_failed
 .text.__sys_appexit
                0x00003304        0xc c:/nxp/mcuxpressoide_11.3.0_5222/ide/plugins/com.nxp.mcuxpresso.tools.win32_11.3.0.202008311133/tools/bin/../lib/gcc/arm-none-eabi/9.3.1/../../../../arm-none-eabi/lib/thumb/v7e-m+fp/hard\libcr_semihost_nf.a(__sys_appexit.o)
                0x00003304                __sys_appexit
                0x00003304                __exit
 .text._Cwritebuf
                0x00003310       0x6c c:/nxp/mcuxpressoide_11.3.0_5222/ide/plugins/com.nxp.mcuxpresso.tools.win32_11.3.0.202008311133/tools/bin/../lib/gcc/arm-none-eabi/9.3.1/../../../../arm-none-eabi/lib/thumb/v7e-m+fp/hard\libcr_c.a(_writebuf.o)
                0x00003310                _Cwritebuf
 .text.malloc   0x0000337c       0xc8 c:/nxp/mcuxpressoide_11.3.0_5222/ide/plugins/com.nxp.mcuxpresso.tools.win32_11.3.0.202008311133/tools/bin/../lib/gcc/arm-none-eabi/9.3.1/../../../../arm-none-eabi/lib/thumb/v7e-m+fp/hard\libcr_c.a(alloc.o)
                0x0000337c                malloc
 .text._Csys_alloc
                0x00003444       0x20 c:/nxp/mcuxpressoide_11.3.0_5222/ide/plugins/com.nxp.mcuxpresso.tools.win32_11.3.0.202008311133/tools/bin/../lib/gcc/arm-none-eabi/9.3.1/../../../../arm-none-eabi/lib/thumb/v7e-m+fp/hard\libcr_c.a(alloc.o)
                0x00003444                _Csys_alloc
 .text.fseek    0x00003464      0x100 c:/nxp/mcuxpressoide_11.3.0_5222/ide/plugins/com.nxp.mcuxpresso.tools.win32_11.3.0.202008311133/tools/bin/../lib/gcc/arm-none-eabi/9.3.1/../../../../arm-none-eabi/lib/thumb/v7e-m+fp/hard\libcr_c.a(fseek.o)
                0x00003464                fseek
 .text.ftell    0x00003564       0x44 c:/nxp/mcuxpressoide_11.3.0_5222/ide/plugins/com.nxp.mcuxpresso.tools.win32_11.3.0.202008311133/tools/bin/../lib/gcc/arm-none-eabi/9.3.1/../../../../arm-none-eabi/lib/thumb/v7e-m+fp/hard\libcr_c.a(ftell.o)
                0x00003564                ftell
 .text._initio  0x000035a8       0x78 c:/nxp/mcuxpressoide_11.3.0_5222/ide/plugins/com.nxp.mcuxpresso.tools.win32_11.3.0.202008311133/tools/bin/../lib/gcc/arm-none-eabi/9.3.1/../../../../arm-none-eabi/lib/thumb/v7e-m+fp/hard\libcr_c.a(initio.o)
                0x000035a8                _initio
 .text.__vfprintf
                0x00003620      0xce8 c:/nxp/mcuxpressoide_11.3.0_5222/ide/plugins/com.nxp.mcuxpresso.tools.win32_11.3.0.202008311133/tools/bin/../lib/gcc/arm-none-eabi/9.3.1/../../../../arm-none-eabi/lib/thumb/v7e-m+fp/hard\libcr_c.a(printf.o)
                0x00003620                __vfprintf
 .text._vsnprintf
                0x00004308       0x68 c:/nxp/mcuxpressoide_11.3.0_5222/ide/plugins/com.nxp.mcuxpresso.tools.win32_11.3.0.202008311133/tools/bin/../lib/gcc/arm-none-eabi/9.3.1/../../../../arm-none-eabi/lib/thumb/v7e-m+fp/hard\libcr_c.a(printf.o)
                0x00004308                _vsnprintf
 .text._printf  0x00004370       0x54 c:/nxp/mcuxpressoide_11.3.0_5222/ide/plugins/com.nxp.mcuxpresso.tools.win32_11.3.0.202008311133/tools/bin/../lib/gcc/arm-none-eabi/9.3.1/../../../../arm-none-eabi/lib/thumb/v7e-m+fp/hard\libcr_c.a(printf.o)
                0x00004370                _printf
 .text._sbrk    0x000043c4       0x3c c:/nxp/mcuxpressoide_11.3.0_5222/ide/plugins/com.nxp.mcuxpresso.tools.win32_11.3.0.202008311133/tools/bin/../lib/gcc/arm-none-eabi/9.3.1/../../../../arm-none-eabi/lib/thumb/v7e-m+fp/hard\libcr_c.a(_cr_sbrk.o)
                0x000043c4                _sbrk
 .text.fflush   0x00004400       0x44 c:/nxp/mcuxpressoide_11.3.0_5222/ide/plugins/com.nxp.mcuxpresso.tools.win32_11.3.0.202008311133/tools/bin/../lib/gcc/arm-none-eabi/9.3.1/../../../../arm-none-eabi/lib/thumb/v7e-m+fp/hard\libcr_c.a(fflush.o)
                0x00004400                fflush
 .text.__check_heap_overflow
                0x00004444       0x18 c:/nxp/mcuxpressoide_11.3.0_5222/ide/plugins/com.nxp.mcuxpresso.tools.win32_11.3.0.202008311133/tools/bin/../lib/gcc/arm-none-eabi/9.3.1/../../../../arm-none-eabi/lib/thumb/v7e-m+fp/hard\libcr_c.a(_cr_check_heap.o)
                0x00004444                __check_heap_overflow
 .text.DMA0_IRQHandler
                0x0000445c        0x8 ./startup/startup_mk64f12.o
                0x0000445c                DMA0_IRQHandler
 .text.DMA1_IRQHandler
                0x00004464        0x8 ./startup/startup_mk64f12.o
                0x00004464                DMA1_IRQHandler
 .text.DMA2_IRQHandler
                0x0000446c        0x8 ./startup/startup_mk64f12.o
                0x0000446c                DMA2_IRQHandler
 .text.DMA3_IRQHandler
                0x00004474        0x8 ./startup/startup_mk64f12.o
                0x00004474                DMA3_IRQHandler
 .text.DMA4_IRQHandler
                0x0000447c        0x8 ./startup/startup_mk64f12.o
                0x0000447c                DMA4_IRQHandler
 .text.DMA5_IRQHandler
                0x00004484        0x8 ./startup/startup_mk64f12.o
                0x00004484                DMA5_IRQHandler
 .text.DMA6_IRQHandler
                0x0000448c        0x8 ./startup/startup_mk64f12.o
                0x0000448c                DMA6_IRQHandler
 .text.DMA7_IRQHandler
                0x00004494        0x8 ./startup/startup_mk64f12.o
                0x00004494                DMA7_IRQHandler
 .text.DMA8_IRQHandler
                0x0000449c        0x8 ./startup/startup_mk64f12.o
                0x0000449c                DMA8_IRQHandler
 .text.DMA9_IRQHandler
                0x000044a4        0x8 ./startup/startup_mk64f12.o
                0x000044a4                DMA9_IRQHandler
 .text.DMA10_IRQHandler
                0x000044ac        0x8 ./startup/startup_mk64f12.o
                0x000044ac                DMA10_IRQHandler
 .text.DMA11_IRQHandler
                0x000044b4        0x8 ./startup/startup_mk64f12.o
                0x000044b4                DMA11_IRQHandler
 .text.DMA12_IRQHandler
                0x000044bc        0x8 ./startup/startup_mk64f12.o
                0x000044bc                DMA12_IRQHandler
 .text.DMA13_IRQHandler
                0x000044c4        0x8 ./startup/startup_mk64f12.o
                0x000044c4                DMA13_IRQHandler
 .text.DMA14_IRQHandler
                0x000044cc        0x8 ./startup/startup_mk64f12.o
                0x000044cc                DMA14_IRQHandler
 .text.DMA15_IRQHandler
                0x000044d4        0x8 ./startup/startup_mk64f12.o
                0x000044d4                DMA15_IRQHandler
 .text.DMA_Error_IRQHandler
                0x000044dc        0x8 ./startup/startup_mk64f12.o
                0x000044dc                DMA_Error_IRQHandler
 .text.MCM_IRQHandler
                0x000044e4        0x8 ./startup/startup_mk64f12.o
                0x000044e4                MCM_IRQHandler
 .text.FTFE_IRQHandler
                0x000044ec        0x8 ./startup/startup_mk64f12.o
                0x000044ec                FTFE_IRQHandler
 .text.Read_Collision_IRQHandler
                0x000044f4        0x8 ./startup/startup_mk64f12.o
                0x000044f4                Read_Collision_IRQHandler
 .text.LVD_LVW_IRQHandler
                0x000044fc        0x8 ./startup/startup_mk64f12.o
                0x000044fc                LVD_LVW_IRQHandler
 .text.LLWU_IRQHandler
                0x00004504        0x8 ./startup/startup_mk64f12.o
                0x00004504                LLWU_IRQHandler
 .text.WDOG_EWM_IRQHandler
                0x0000450c        0x8 ./startup/startup_mk64f12.o
                0x0000450c                WDOG_EWM_IRQHandler
 .text.RNG_IRQHandler
                0x00004514        0x8 ./startup/startup_mk64f12.o
                0x00004514                RNG_IRQHandler
 .text.I2C0_IRQHandler
                0x0000451c        0x8 ./startup/startup_mk64f12.o
                0x0000451c                I2C0_IRQHandler
 .text.I2C1_IRQHandler
                0x00004524        0x8 ./startup/startup_mk64f12.o
                0x00004524                I2C1_IRQHandler
 .text.SPI0_IRQHandler
                0x0000452c        0x8 ./startup/startup_mk64f12.o
                0x0000452c                SPI0_IRQHandler
 .text.SPI1_IRQHandler
                0x00004534        0x8 ./startup/startup_mk64f12.o
                0x00004534                SPI1_IRQHandler
 .text.I2S0_Tx_IRQHandler
                0x0000453c        0x8 ./startup/startup_mk64f12.o
                0x0000453c                I2S0_Tx_IRQHandler
 .text.I2S0_Rx_IRQHandler
                0x00004544        0x8 ./startup/startup_mk64f12.o
                0x00004544                I2S0_Rx_IRQHandler
 .text.UART0_LON_IRQHandler
                0x0000454c        0x8 ./startup/startup_mk64f12.o
                0x0000454c                UART0_LON_IRQHandler
 .text.UART0_RX_TX_IRQHandler
                0x00004554        0x8 ./startup/startup_mk64f12.o
                0x00004554                UART0_RX_TX_IRQHandler
 .text.UART0_ERR_IRQHandler
                0x0000455c        0x8 ./startup/startup_mk64f12.o
                0x0000455c                UART0_ERR_IRQHandler
 .text.UART1_RX_TX_IRQHandler
                0x00004564        0x8 ./startup/startup_mk64f12.o
                0x00004564                UART1_RX_TX_IRQHandler
 .text.UART1_ERR_IRQHandler
                0x0000456c        0x8 ./startup/startup_mk64f12.o
                0x0000456c                UART1_ERR_IRQHandler
 .text.UART2_RX_TX_IRQHandler
                0x00004574        0x8 ./startup/startup_mk64f12.o
                0x00004574                UART2_RX_TX_IRQHandler
 .text.UART2_ERR_IRQHandler
                0x0000457c        0x8 ./startup/startup_mk64f12.o
                0x0000457c                UART2_ERR_IRQHandler
 .text.UART3_RX_TX_IRQHandler
                0x00004584        0x8 ./startup/startup_mk64f12.o
                0x00004584                UART3_RX_TX_IRQHandler
 .text.UART3_ERR_IRQHandler
                0x0000458c        0x8 ./startup/startup_mk64f12.o
                0x0000458c                UART3_ERR_IRQHandler
 .text.ADC0_IRQHandler
                0x00004594        0x8 ./startup/startup_mk64f12.o
                0x00004594                ADC0_IRQHandler
 .text.CMP0_IRQHandler
                0x0000459c        0x8 ./startup/startup_mk64f12.o
                0x0000459c                CMP0_IRQHandler
 .text.CMP1_IRQHandler
                0x000045a4        0x8 ./startup/startup_mk64f12.o
                0x000045a4                CMP1_IRQHandler
 .text.FTM0_IRQHandler
                0x000045ac        0x8 ./startup/startup_mk64f12.o
                0x000045ac                FTM0_IRQHandler
 .text.FTM1_IRQHandler
                0x000045b4        0x8 ./startup/startup_mk64f12.o
                0x000045b4                FTM1_IRQHandler
 .text.FTM2_IRQHandler
                0x000045bc        0x8 ./startup/startup_mk64f12.o
                0x000045bc                FTM2_IRQHandler
 .text.CMT_IRQHandler
                0x000045c4        0x8 ./startup/startup_mk64f12.o
                0x000045c4                CMT_IRQHandler
 .text.RTC_IRQHandler
                0x000045cc        0x8 ./startup/startup_mk64f12.o
                0x000045cc                RTC_IRQHandler
 .text.RTC_Seconds_IRQHandler
                0x000045d4        0x8 ./startup/startup_mk64f12.o
                0x000045d4                RTC_Seconds_IRQHandler
 .text.PIT0_IRQHandler
                0x000045dc        0x8 ./startup/startup_mk64f12.o
                0x000045dc                PIT0_IRQHandler
 .text.PIT1_IRQHandler
                0x000045e4        0x8 ./startup/startup_mk64f12.o
                0x000045e4                PIT1_IRQHandler
 .text.PIT2_IRQHandler
                0x000045ec        0x8 ./startup/startup_mk64f12.o
                0x000045ec                PIT2_IRQHandler
 .text.PIT3_IRQHandler
                0x000045f4        0x8 ./startup/startup_mk64f12.o
                0x000045f4                PIT3_IRQHandler
 .text.PDB0_IRQHandler
                0x000045fc        0x8 ./startup/startup_mk64f12.o
                0x000045fc                PDB0_IRQHandler
 .text.USB0_IRQHandler
                0x00004604        0x8 ./startup/startup_mk64f12.o
                0x00004604                USB0_IRQHandler
 .text.USBDCD_IRQHandler
                0x0000460c        0x8 ./startup/startup_mk64f12.o
                0x0000460c                USBDCD_IRQHandler
 .text.Reserved71_IRQHandler
                0x00004614        0x8 ./startup/startup_mk64f12.o
                0x00004614                Reserved71_IRQHandler
 .text.DAC0_IRQHandler
                0x0000461c        0x8 ./startup/startup_mk64f12.o
                0x0000461c                DAC0_IRQHandler
 .text.MCG_IRQHandler
                0x00004624        0x8 ./startup/startup_mk64f12.o
                0x00004624                MCG_IRQHandler
 .text.LPTMR0_IRQHandler
                0x0000462c        0x8 ./startup/startup_mk64f12.o
                0x0000462c                LPTMR0_IRQHandler
 .text.PORTA_IRQHandler
                0x00004634        0x8 ./startup/startup_mk64f12.o
                0x00004634                PORTA_IRQHandler
 .text.PORTB_IRQHandler
                0x0000463c        0x8 ./startup/startup_mk64f12.o
                0x0000463c                PORTB_IRQHandler
 .text.PORTC_IRQHandler
                0x00004644        0x8 ./startup/startup_mk64f12.o
                0x00004644                PORTC_IRQHandler
 .text.PORTD_IRQHandler
                0x0000464c        0x8 ./startup/startup_mk64f12.o
                0x0000464c                PORTD_IRQHandler
 .text.PORTE_IRQHandler
                0x00004654        0x8 ./startup/startup_mk64f12.o
                0x00004654                PORTE_IRQHandler
 .text.SWI_IRQHandler
                0x0000465c        0x8 ./startup/startup_mk64f12.o
                0x0000465c                SWI_IRQHandler
 .text.SPI2_IRQHandler
                0x00004664        0x8 ./startup/startup_mk64f12.o
                0x00004664                SPI2_IRQHandler
 .text.UART4_RX_TX_IRQHandler
                0x0000466c        0x8 ./startup/startup_mk64f12.o
                0x0000466c                UART4_RX_TX_IRQHandler
 .text.UART4_ERR_IRQHandler
                0x00004674        0x8 ./startup/startup_mk64f12.o
                0x00004674                UART4_ERR_IRQHandler
 .text.UART5_RX_TX_IRQHandler
                0x0000467c        0x8 ./startup/startup_mk64f12.o
                0x0000467c                UART5_RX_TX_IRQHandler
 .text.UART5_ERR_IRQHandler
                0x00004684        0x8 ./startup/startup_mk64f12.o
                0x00004684                UART5_ERR_IRQHandler
 .text.CMP2_IRQHandler
                0x0000468c        0x8 ./startup/startup_mk64f12.o
                0x0000468c                CMP2_IRQHandler
 .text.FTM3_IRQHandler
                0x00004694        0x8 ./startup/startup_mk64f12.o
                0x00004694                FTM3_IRQHandler
 .text.DAC1_IRQHandler
                0x0000469c        0x8 ./startup/startup_mk64f12.o
                0x0000469c                DAC1_IRQHandler
 .text.ADC1_IRQHandler
                0x000046a4        0x8 ./startup/startup_mk64f12.o
                0x000046a4                ADC1_IRQHandler
 .text.I2C2_IRQHandler
                0x000046ac        0x8 ./startup/startup_mk64f12.o
                0x000046ac                I2C2_IRQHandler
 .text.CAN0_ORed_Message_buffer_IRQHandler
                0x000046b4        0x8 ./startup/startup_mk64f12.o
                0x000046b4                CAN0_ORed_Message_buffer_IRQHandler
 .text.CAN0_Bus_Off_IRQHandler
                0x000046bc        0x8 ./startup/startup_mk64f12.o
                0x000046bc                CAN0_Bus_Off_IRQHandler
 .text.CAN0_Error_IRQHandler
                0x000046c4        0x8 ./startup/startup_mk64f12.o
                0x000046c4                CAN0_Error_IRQHandler
 .text.CAN0_Tx_Warning_IRQHandler
                0x000046cc        0x8 ./startup/startup_mk64f12.o
                0x000046cc                CAN0_Tx_Warning_IRQHandler
 .text.CAN0_Rx_Warning_IRQHandler
                0x000046d4        0x8 ./startup/startup_mk64f12.o
                0x000046d4                CAN0_Rx_Warning_IRQHandler
 .text.CAN0_Wake_Up_IRQHandler
                0x000046dc        0x8 ./startup/startup_mk64f12.o
                0x000046dc                CAN0_Wake_Up_IRQHandler
 .text.SDHC_IRQHandler
                0x000046e4        0x8 ./startup/startup_mk64f12.o
                0x000046e4                SDHC_IRQHandler
 .text.ENET_1588_Timer_IRQHandler
                0x000046ec        0x8 ./startup/startup_mk64f12.o
                0x000046ec                ENET_1588_Timer_IRQHandler
 .text.ENET_Transmit_IRQHandler
                0x000046f4        0x8 ./startup/startup_mk64f12.o
                0x000046f4                ENET_Transmit_IRQHandler
 .text.ENET_Receive_IRQHandler
                0x000046fc        0x8 ./startup/startup_mk64f12.o
                0x000046fc                ENET_Receive_IRQHandler
 .text.ENET_Error_IRQHandler
                0x00004704        0x8 ./startup/startup_mk64f12.o
                0x00004704                ENET_Error_IRQHandler
 .text.I2C_EnableDMA
                0x0000470c       0x40 ./source/UDA.o
 .text.init_UDA
                0x0000474c       0xb0 ./source/UDA.o
                0x0000474c                init_UDA
 .text.HardFault_Handler
                0x000047fc       0x2c ./source/semihost_hardfault.o
                0x000047fc                HardFault_Handler
 .text.CLOCK_EnableClock
                0x00004828       0x34 ./drivers/fsl_clock.o
 .text.CLOCK_DisableClock
                0x0000485c       0x38 ./drivers/fsl_clock.o
 .text.OSC_SetExtRefClkConfig
                0x00004894       0x34 ./drivers/fsl_clock.o
 .text.OSC_SetCapLoad
                0x000048c8       0x34 ./drivers/fsl_clock.o
 .text.CLOCK_GetPll0RefFreq
                0x000048fc        0xe ./drivers/fsl_clock.o
 .text.CLOCK_GetFixedFreqClkFreq
                0x0000490a       0x34 ./drivers/fsl_clock.o
                0x0000490a                CLOCK_GetFixedFreqClkFreq
 .text.CLOCK_EnableClock
                0x0000493e       0x34 ./drivers/fsl_dmamux.o
 .text.CLOCK_EnableClock
                0x00004972       0x34 ./drivers/fsl_edma.o
 .text.EnableIRQ
                0x000049a6       0x2c ./drivers/fsl_edma.o
 .text.DisableGlobalIRQ
                0x000049d2       0x22 ./drivers/fsl_edma.o
 .text.EnableGlobalIRQ
                0x000049f4       0x20 ./drivers/fsl_edma.o
 .text.EDMA_AbortTransfer
                0x00004a14       0x6a ./drivers/fsl_edma.o
                0x00004a14                EDMA_AbortTransfer
 .text.CLOCK_EnableClock
                0x00004a7e       0x34 ./drivers/fsl_i2c.o
 .text.I2C_MasterClearStatusFlags
                0x00004ab2       0x5a ./drivers/fsl_i2c.o
 .text.I2C_MasterStart
                0x00004b0c       0x62 ./drivers/fsl_i2c.o
                0x00004b0c                I2C_MasterStart
 .text.I2C_MasterStop
                0x00004b6e       0x3a ./drivers/fsl_i2c.o
                0x00004b6e                I2C_MasterStop
 .text.I2C_MasterGetStatusFlags
                0x00004ba8       0x4a ./drivers/fsl_i2c.o
                0x00004ba8                I2C_MasterGetStatusFlags
 .text.I2C_MasterWriteBlocking
                0x00004bf2       0xdc ./drivers/fsl_i2c.o
                0x00004bf2                I2C_MasterWriteBlocking
 .text.CLOCK_EnableClock
                0x00004cce       0x34 ./drivers/fsl_sai.o
 .text.SAI_TxClearStatusFlags
                0x00004d02       0x26 ./drivers/fsl_sai.o
 .text.SAI_TxReset
                0x00004d28       0x46 ./drivers/fsl_sai.o
                0x00004d28                SAI_TxReset
 .text.SAI_TxEnable
                0x00004d6e       0x80 ./drivers/fsl_sai.o
                0x00004d6e                SAI_TxEnable
 .text.SAI_TxEnableDMA
                0x00004dee       0x44 ./drivers/fsl_sai_edma.o
 .text.SAI_TxGetDataRegisterAddress
                0x00004e32       0x20 ./drivers/fsl_sai_edma.o
 .text.SAI_TxEDMACallback
                0x00004e52       0x9c ./drivers/fsl_sai_edma.o
 .text.UART0_RX_TX_DriverIRQHandler
                0x00004eee       0x12 ./drivers/fsl_uart.o
                0x00004eee                UART0_RX_TX_DriverIRQHandler
 .text.UART1_RX_TX_DriverIRQHandler
                0x00004f00       0x12 ./drivers/fsl_uart.o
                0x00004f00                UART1_RX_TX_DriverIRQHandler
 .text.UART2_RX_TX_DriverIRQHandler
                0x00004f12       0x12 ./drivers/fsl_uart.o
                0x00004f12                UART2_RX_TX_DriverIRQHandler
 .text.UART3_RX_TX_DriverIRQHandler
                0x00004f24       0x12 ./drivers/fsl_uart.o
                0x00004f24                UART3_RX_TX_DriverIRQHandler
 .text.UART4_RX_TX_DriverIRQHandler
                0x00004f36       0x12 ./drivers/fsl_uart.o
                0x00004f36                UART4_RX_TX_DriverIRQHandler
 .text.UART5_RX_TX_DriverIRQHandler
                0x00004f48       0x12 ./drivers/fsl_uart.o
                0x00004f48                UART5_RX_TX_DriverIRQHandler
 .text.SystemInitHook
                0x00004f5a        0xe ./device/system_MK64F12.o
                0x00004f5a                SystemInitHook
 .text.DbgConsole_Init
                0x00004f68       0x20 ./board/board.o
 .text.BOARD_InitDebugConsole
                0x00004f88       0x22 ./board/board.o
                0x00004f88                BOARD_InitDebugConsole
 .text.BOARD_InitBootClocks
                0x00004faa        0xc ./board/clock_config.o
                0x00004faa                BOARD_InitBootClocks
 .text.BOARD_InitBootPeripherals
                0x00004fb6        0xc ./board/peripherals.o
                0x00004fb6                BOARD_InitBootPeripherals
 .text.CLOCK_EnableClock
                0x00004fc2       0x34 ./board/pin_mux.o
 .text.PORT_SetPinMux
                0x00004ff6       0x3a ./board/pin_mux.o
 .text.BOARD_InitBootPins
                0x00005030       0x10 ./board/pin_mux.o
                0x00005030                BOARD_InitBootPins
 .text.__main   0x00005040        0xe c:/nxp/mcuxpressoide_11.3.0_5222/ide/plugins/com.nxp.mcuxpresso.tools.win32_11.3.0.202008311133/tools/bin/../lib/gcc/arm-none-eabi/9.3.1/../../../../arm-none-eabi/lib/thumb/v7e-m+fp/hard\libcr_semihost_nf.a(_cr__main.o)
                0x00005040                __CR_SEMIHOST
                0x00005040                __main
 .text.memset   0x0000504e        0x4 c:/nxp/mcuxpressoide_11.3.0_5222/ide/plugins/com.nxp.mcuxpresso.tools.win32_11.3.0.202008311133/tools/bin/../lib/gcc/arm-none-eabi/9.3.1/../../../../arm-none-eabi/lib/thumb/v7e-m+fp/hard\libcr_c.a(memset.o)
                0x0000504e                memset
 .text._deferredlazyseek
                0x00005052       0x40 c:/nxp/mcuxpressoide_11.3.0_5222/ide/plugins/com.nxp.mcuxpresso.tools.win32_11.3.0.202008311133/tools/bin/../lib/gcc/arm-none-eabi/9.3.1/../../../../arm-none-eabi/lib/thumb/v7e-m+fp/hard\libcr_c.a(_deferredlazyseek.o)
                0x00005052                _deferredlazyseek
 .text.__flsbuf
                0x00005092      0x140 c:/nxp/mcuxpressoide_11.3.0_5222/ide/plugins/com.nxp.mcuxpresso.tools.win32_11.3.0.202008311133/tools/bin/../lib/gcc/arm-none-eabi/9.3.1/../../../../arm-none-eabi/lib/thumb/v7e-m+fp/hard\libcr_c.a(_deferredlazyseek.o)
                0x00005092                __flsbuf
 .text._fflush  0x000051d2       0x52 c:/nxp/mcuxpressoide_11.3.0_5222/ide/plugins/com.nxp.mcuxpresso.tools.win32_11.3.0.202008311133/tools/bin/../lib/gcc/arm-none-eabi/9.3.1/../../../../arm-none-eabi/lib/thumb/v7e-m+fp/hard\libcr_c.a(_fflush.o)
                0x000051d2                _fflush
 .text.free     0x00005224       0x30 c:/nxp/mcuxpressoide_11.3.0_5222/ide/plugins/com.nxp.mcuxpresso.tools.win32_11.3.0.202008311133/tools/bin/../lib/gcc/arm-none-eabi/9.3.1/../../../../arm-none-eabi/lib/thumb/v7e-m+fp/hard\libcr_c.a(alloc.o)
                0x00005224                free
 .text.fputs    0x00005254       0x2c c:/nxp/mcuxpressoide_11.3.0_5222/ide/plugins/com.nxp.mcuxpresso.tools.win32_11.3.0.202008311133/tools/bin/../lib/gcc/arm-none-eabi/9.3.1/../../../../arm-none-eabi/lib/thumb/v7e-m+fp/hard\libcr_c.a(fputs.o)
                0x00005254                fputs
 .text.no_fp_display
                0x00005280        0x4 c:/nxp/mcuxpressoide_11.3.0_5222/ide/plugins/com.nxp.mcuxpresso.tools.win32_11.3.0.202008311133/tools/bin/../lib/gcc/arm-none-eabi/9.3.1/../../../../arm-none-eabi/lib/thumb/v7e-m+fp/hard\libcr_c.a(printf.o)
 .text.setvbuf  0x00005284       0x3e c:/nxp/mcuxpressoide_11.3.0_5222/ide/plugins/com.nxp.mcuxpresso.tools.win32_11.3.0.202008311133/tools/bin/../lib/gcc/arm-none-eabi/9.3.1/../../../../arm-none-eabi/lib/thumb/v7e-m+fp/hard\libcr_c.a(setvbuf.o)
                0x00005284                setvbuf
 .text.strlen   0x000052c2       0x4c c:/nxp/mcuxpressoide_11.3.0_5222/ide/plugins/com.nxp.mcuxpresso.tools.win32_11.3.0.202008311133/tools/bin/../lib/gcc/arm-none-eabi/9.3.1/../../../../arm-none-eabi/lib/thumb/v7e-m+fp/hard\libcr_c.a(strlen.o)
                0x000052c2                strlen
 .text._fdopen  0x0000530e       0x68 c:/nxp/mcuxpressoide_11.3.0_5222/ide/plugins/com.nxp.mcuxpresso.tools.win32_11.3.0.202008311133/tools/bin/../lib/gcc/arm-none-eabi/9.3.1/../../../../arm-none-eabi/lib/thumb/v7e-m+fp/hard\libcr_c.a(_fdopen.o)
                0x0000530e                _fdopen
 .text.fclose   0x00005376       0x58 c:/nxp/mcuxpressoide_11.3.0_5222/ide/plugins/com.nxp.mcuxpresso.tools.win32_11.3.0.202008311133/tools/bin/../lib/gcc/arm-none-eabi/9.3.1/../../../../arm-none-eabi/lib/thumb/v7e-m+fp/hard\libcr_c.a(fclose.o)
                0x00005376                fclose
 .text.remove   0x000053ce       0x14 c:/nxp/mcuxpressoide_11.3.0_5222/ide/plugins/com.nxp.mcuxpresso.tools.win32_11.3.0.202008311133/tools/bin/../lib/gcc/arm-none-eabi/9.3.1/../../../../arm-none-eabi/lib/thumb/v7e-m+fp/hard\libcr_c.a(remove.o)
                0x000053ce                remove
 .text._do_fflush
                0x000053e2       0x40 c:/nxp/mcuxpressoide_11.3.0_5222/ide/plugins/com.nxp.mcuxpresso.tools.win32_11.3.0.202008311133/tools/bin/../lib/gcc/arm-none-eabi/9.3.1/../../../../arm-none-eabi/lib/thumb/v7e-m+fp/hard\libcr_c.a(_do_fflush.o)
                0x000053e2                _do_fflush
 .text.__aeabi_memset_lowlevel
                0x00005422       0x32 c:/nxp/mcuxpressoide_11.3.0_5222/ide/plugins/com.nxp.mcuxpresso.tools.win32_11.3.0.202008311133/tools/bin/../lib/gcc/arm-none-eabi/9.3.1/thumb/v7e-m+fp/hard\libcr_eabihelpers.a(memcpy.o)
                0x00005422                __aeabi_lowlevel_memset
 .text.__sys_close
                0x00005454        0xc c:/nxp/mcuxpressoide_11.3.0_5222/ide/plugins/com.nxp.mcuxpresso.tools.win32_11.3.0.202008311133/tools/bin/../lib/gcc/arm-none-eabi/9.3.1/../../../../arm-none-eabi/lib/thumb/v7e-m+fp/hard\libcr_semihost_nf.a(__sys_close.o)
                0x00005454                __sys_close
 .text.__sys_flen
                0x00005460        0xc c:/nxp/mcuxpressoide_11.3.0_5222/ide/plugins/com.nxp.mcuxpresso.tools.win32_11.3.0.202008311133/tools/bin/../lib/gcc/arm-none-eabi/9.3.1/../../../../arm-none-eabi/lib/thumb/v7e-m+fp/hard\libcr_semihost_nf.a(__sys_flen.o)
                0x00005460                __sys_flen
 .text.__sys_istty
                0x0000546c        0xc c:/nxp/mcuxpressoide_11.3.0_5222/ide/plugins/com.nxp.mcuxpresso.tools.win32_11.3.0.202008311133/tools/bin/../lib/gcc/arm-none-eabi/9.3.1/../../../../arm-none-eabi/lib/thumb/v7e-m+fp/hard\libcr_semihost_nf.a(__sys_istty.o)
                0x0000546c                __sys_istty
 .text.__sys_remove
                0x00005478        0xc c:/nxp/mcuxpressoide_11.3.0_5222/ide/plugins/com.nxp.mcuxpresso.tools.win32_11.3.0.202008311133/tools/bin/../lib/gcc/arm-none-eabi/9.3.1/../../../../arm-none-eabi/lib/thumb/v7e-m+fp/hard\libcr_semihost_nf.a(__sys_remove.o)
                0x00005478                __sys_remove
 .text.__sys_seek
                0x00005484        0xc c:/nxp/mcuxpressoide_11.3.0_5222/ide/plugins/com.nxp.mcuxpresso.tools.win32_11.3.0.202008311133/tools/bin/../lib/gcc/arm-none-eabi/9.3.1/../../../../arm-none-eabi/lib/thumb/v7e-m+fp/hard\libcr_semihost_nf.a(__sys_seek.o)
                0x00005484                __sys_seek
 .text.__sys_tmpnam
                0x00005490        0xc c:/nxp/mcuxpressoide_11.3.0_5222/ide/plugins/com.nxp.mcuxpresso.tools.win32_11.3.0.202008311133/tools/bin/../lib/gcc/arm-none-eabi/9.3.1/../../../../arm-none-eabi/lib/thumb/v7e-m+fp/hard\libcr_semihost_nf.a(__sys_tmpnam.o)
                0x00005490                __sys_tmpnam
 .text.__sys_write
                0x0000549c        0xc c:/nxp/mcuxpressoide_11.3.0_5222/ide/plugins/com.nxp.mcuxpresso.tools.win32_11.3.0.202008311133/tools/bin/../lib/gcc/arm-none-eabi/9.3.1/../../../../arm-none-eabi/lib/thumb/v7e-m+fp/hard\libcr_semihost_nf.a(__sys_write.o)
                0x0000549c                __sys_write
 *(SORT_BY_ALIGNMENT(.rodata) SORT_BY_ALIGNMENT(.rodata.*) SORT_BY_ALIGNMENT(.constdata) SORT_BY_ALIGNMENT(.constdata.*))
 .rodata.EDMA_TriggerChannelStart.str1.4
                0x000054a8       0xa7 ./source/MK64F12_Project.o
 *fill*         0x0000554f        0x1 ff
 .rodata.main.str1.4
                0x00005550       0x1b ./source/MK64F12_Project.o
                                 0x20 (size before relaxing)
 *fill*         0x0000556b        0x1 ff
 .rodata        0x0000556c       0x10 ./source/MK64F12_Project.o
 .rodata.major_callback.str1.4
                0x0000557c       0x28 ./source/MK64F12_Project.o
 .rodata.CLOCK_GetMcgExtClkFreq.str1.4
                0x000055a4       0x4e ./drivers/fsl_clock.o
 *fill*         0x000055f2        0x2 ff
 .rodata.CLOCK_GetOsc0ErClkFreq.str1.4
                0x000055f4       0x1f ./drivers/fsl_clock.o
 *fill*         0x00005613        0x1 ff
 .rodata.CLOCK_GetEr32kClkFreq.str1.4
                0x00005614       0x20 ./drivers/fsl_clock.o
 .rodata.CLOCK_GetPll0Freq.str1.4
                0x00005634       0x1e ./drivers/fsl_clock.o
 *fill*         0x00005652        0x2 ff
 .rodata.CLOCK_EnablePll0.str1.4
                0x00005654       0x1b ./drivers/fsl_clock.o
 *fill*         0x0000566f        0x1 ff
 .rodata.CLOCK_SetPbeMode.str1.4
                0x00005670       0x1b ./drivers/fsl_clock.o
 *fill*         0x0000568b        0x1 ff
 .rodata.CLOCK_BootToPeeMode.str1.4
                0x0000568c       0x1b ./drivers/fsl_clock.o
 *fill*         0x000056a7        0x1 ff
 .rodata.fllFactorTable.7941
                0x000056a8       0x10 ./drivers/fsl_clock.o
 .rodata.DMAMUX_GetInstance.str1.4
                0x000056b8       0x38 ./drivers/fsl_dmamux.o
 .rodata.s_edmaIRQNumber
                0x000056f0       0x10 ./drivers/fsl_edma.o
 .rodata.EDMA_GetInstance.str1.4
                0x00005700       0x34 ./drivers/fsl_edma.o
 .rodata.EDMA_InstallTCD.str1.4
                0x00005734       0x97 ./drivers/fsl_edma.o
 *fill*         0x000057cb        0x1 ff
 .rodata.EDMA_Init.str1.4
                0x000057cc       0x21 ./drivers/fsl_edma.o
 *fill*         0x000057ed        0x3 ff
 .rodata.EDMA_SetTransferConfig.str1.4
                0x000057f0       0xa0 ./drivers/fsl_edma.o
 .rodata.EDMA_TcdReset.str1.4
                0x00005890       0x50 ./drivers/fsl_edma.o
 .rodata.EDMA_TcdSetTransferConfig.str1.4
                0x000058e0      0x159 ./drivers/fsl_edma.o
 *fill*         0x00005a39        0x3 ff
 .rodata.EDMA_GetInstanceOffset.str1.4
                0x00005a3c       0x2f ./drivers/fsl_edma.o
 *fill*         0x00005a6b        0x1 ff
 .rodata.EDMA_CreateHandle.str1.4
                0x00005a6c       0x6a ./drivers/fsl_edma.o
 *fill*         0x00005ad6        0x2 ff
 .rodata.EDMA_InstallTCDMemory.str1.4
                0x00005ad8       0x58 ./drivers/fsl_edma.o
 .rodata.EDMA_SetCallback.str1.4
                0x00005b30       0x21 ./drivers/fsl_edma.o
 *fill*         0x00005b51        0x3 ff
 .rodata.EDMA_TransferWidthMapping.str1.4
                0x00005b54       0x18 ./drivers/fsl_edma.o
 .rodata.EDMA_PrepareTransferConfig.str1.4
                0x00005b6c      0x1fb ./drivers/fsl_edma.o
 *fill*         0x00005d67        0x1 ff
 .rodata.EDMA_PrepareTransfer.str1.4
                0x00005d68       0x3d ./drivers/fsl_edma.o
 *fill*         0x00005da5        0x3 ff
 .rodata.EDMA_SubmitTransfer.str1.4
                0x00005da8       0x46 ./drivers/fsl_edma.o
 *fill*         0x00005dee        0x2 ff
 .rodata.EDMA_StartTransfer.str1.4
                0x00005df0       0x22 ./drivers/fsl_edma.o
 *fill*         0x00005e12        0x2 ff
 .rodata.EDMA_HandleIRQ.str1.4
                0x00005e14       0x22 ./drivers/fsl_edma.o
 *fill*         0x00005e36        0x2 ff
 .rodata.s_i2cDividerTable
                0x00005e38       0x80 ./drivers/fsl_i2c.o
 .rodata.s_i2cClocks
                0x00005eb8        0xc ./drivers/fsl_i2c.o
 .rodata.s_i2cBases
                0x00005ec4        0xc ./drivers/fsl_i2c.o
 .rodata.I2C_GetInstance.str1.4
                0x00005ed0       0x33 ./drivers/fsl_i2c.o
 *fill*         0x00005f03        0x1 ff
 .rodata.I2C_MasterInit.str1.4
                0x00005f04       0x4b ./drivers/fsl_i2c.o
 *fill*         0x00005f4f        0x1 ff
 .rodata.SAI_SetMasterClockDivider.str1.4
                0x00005f50       0x2c ./drivers/fsl_sai.o
 .rodata.SAI_GetInstance.str1.4
                0x00005f7c       0x33 ./drivers/fsl_sai.o
 *fill*         0x00005faf        0x1 ff
 .rodata.SAI_TxSetBitClockRate.str1.4
                0x00005fb0       0x30 ./drivers/fsl_sai.o
 .rodata.SAI_TxSetBitclockConfig.str1.4
                0x00005fe0       0x21 ./drivers/fsl_sai.o
 *fill*         0x00006001        0x3 ff
 .rodata.SAI_SetMasterClockConfig.str1.4
                0x00006004       0x21 ./drivers/fsl_sai.o
 *fill*         0x00006025        0x3 ff
 .rodata.SAI_TxSetFifoConfig.str1.4
                0x00006028       0x79 ./drivers/fsl_sai.o
 *fill*         0x000060a1        0x3 ff
 .rodata.SAI_TxSetFrameSyncConfig.str1.4
                0x000060a4       0x84 ./drivers/fsl_sai.o
 .rodata.SAI_TxSetSerialDataConfig.str1.4
                0x00006128       0x21 ./drivers/fsl_sai.o
 *fill*         0x00006149        0x3 ff
 .rodata.SAI_TxSetConfig.str1.4
                0x0000614c       0x21 ./drivers/fsl_sai.o
 *fill*         0x0000616d        0x3 ff
 .rodata.I2S0_Tx_DriverIRQHandler.str1.4
                0x00006170       0x2c ./drivers/fsl_sai.o
 .rodata.I2S0_Rx_DriverIRQHandler.str1.4
                0x0000619c       0x2c ./drivers/fsl_sai.o
 .rodata.SAI_GetInstance.str1.4
                0x000061c8       0x37 ./drivers/fsl_sai_edma.o
 *fill*         0x000061ff        0x1 ff
 .rodata.SAI_TransferTxCreateHandleEDMA.str1.4
                0x00006200       0x40 ./drivers/fsl_sai_edma.o
 .rodata.SAI_TransferTxSetConfigEDMA.str1.4
                0x00006240       0x3e ./drivers/fsl_sai_edma.o
 *fill*         0x0000627e        0x2 ff
 .rodata.SAI_TransferSendEDMA.str1.4
                0x00006280       0x39 ./drivers/fsl_sai_edma.o
 *fill*         0x000062b9        0x3 ff
 .rodata.mcgConfig_BOARD_BootClockRUN
                0x000062bc        0xb ./board/clock_config.o
                0x000062bc                mcgConfig_BOARD_BootClockRUN
 *fill*         0x000062c7        0x1 ff
 .rodata.simConfig_BOARD_BootClockRUN
                0x000062c8        0x8 ./board/clock_config.o
                0x000062c8                simConfig_BOARD_BootClockRUN
 .rodata.oscConfig_BOARD_BootClockRUN
                0x000062d0        0x8 ./board/clock_config.o
                0x000062d0                oscConfig_BOARD_BootClockRUN
 .rodata.DMAMUX_EnableChannel.str1.4
                0x000062d8       0xa8 ./board/peripherals.o
 .rodata.DMAMUX_SetSource.str1.4
                0x00006380       0xa9 ./board/peripherals.o
 *fill*         0x00006429        0x3 ff
 .rodata.DMA_config
                0x0000642c        0x4 ./board/peripherals.o
                0x0000642c                DMA_config
 .rodata.I2C0_config
                0x00006430        0xc ./board/peripherals.o
                0x00006430                I2C0_config
 .rodata.PORT_SetPinConfig.str1.4
                0x0000643c       0x78 ./board/pin_mux.o
 .rodata.__num_Ciob_streams
                0x000064b4        0x4 c:/nxp/mcuxpressoide_11.3.0_5222/ide/plugins/com.nxp.mcuxpresso.tools.win32_11.3.0.202008311133/tools/bin/../lib/gcc/arm-none-eabi/9.3.1/../../../../arm-none-eabi/lib/thumb/v7e-m+fp/hard\libcr_semihost_nf.a(__ciob.o)
                0x000064b4                __num_Ciob_streams
 .rodata.__assertion_failed.str1.1
                0x000064b8       0x15 c:/nxp/mcuxpressoide_11.3.0_5222/ide/plugins/com.nxp.mcuxpresso.tools.win32_11.3.0.202008311133/tools/bin/../lib/gcc/arm-none-eabi/9.3.1/../../../../arm-none-eabi/lib/thumb/v7e-m+fp/hard\libcr_semihost_nf.a(_cr_assert.o)
 .rodata._Csys_alloc.str1.1
                0x000064cd       0x18 c:/nxp/mcuxpressoide_11.3.0_5222/ide/plugins/com.nxp.mcuxpresso.tools.win32_11.3.0.202008311133/tools/bin/../lib/gcc/arm-none-eabi/9.3.1/../../../../arm-none-eabi/lib/thumb/v7e-m+fp/hard\libcr_c.a(alloc.o)
 .rodata._initio.str1.1
                0x000064e5        0x4 c:/nxp/mcuxpressoide_11.3.0_5222/ide/plugins/com.nxp.mcuxpresso.tools.win32_11.3.0.202008311133/tools/bin/../lib/gcc/arm-none-eabi/9.3.1/../../../../arm-none-eabi/lib/thumb/v7e-m+fp/hard\libcr_c.a(initio.o)
 .rodata.__vfprintf.str1.1
                0x000064e9       0x35 c:/nxp/mcuxpressoide_11.3.0_5222/ide/plugins/com.nxp.mcuxpresso.tools.win32_11.3.0.202008311133/tools/bin/../lib/gcc/arm-none-eabi/9.3.1/../../../../arm-none-eabi/lib/thumb/v7e-m+fp/hard\libcr_c.a(printf.o)
                                 0x38 (size before relaxing)
                0x00006520                . = ALIGN (0x8)
 *fill*         0x0000651e        0x2 ff

.glue_7         0x00006520        0x0
 .glue_7        0x00006520        0x0 linker stubs

.glue_7t        0x00006520        0x0
 .glue_7t       0x00006520        0x0 linker stubs

.vfp11_veneer   0x00006520        0x0
 .vfp11_veneer  0x00006520        0x0 linker stubs

.v4_bx          0x00006520        0x0
 .v4_bx         0x00006520        0x0 linker stubs

.iplt           0x00006520        0x0
 .iplt          0x00006520        0x0 ./startup/startup_mk64f12.o

.rel.dyn        0x00006520        0x0
 .rel.iplt      0x00006520        0x0 ./startup/startup_mk64f12.o

.ARM.extab
 *(SORT_BY_ALIGNMENT(.ARM.extab*) SORT_BY_ALIGNMENT(.gnu.linkonce.armextab.*))

.ARM.exidx      0x00006520        0x0
                0x00006520                __exidx_start = .
 *(SORT_BY_ALIGNMENT(.ARM.exidx*) SORT_BY_ALIGNMENT(.gnu.linkonce.armexidx.*))
                0x00006520                __exidx_end = .
                0x00006520                _etext = .

.m_usb_data
 *(SORT_BY_ALIGNMENT(m_usb_bdt))

.data_RAM2      0x1fff0000        0x0 load address 0x00006520
 FILL mask 0xff
                [!provide]                PROVIDE (__start_data_RAM2 = .)
                [!provide]                PROVIDE (__start_data_SRAM_LOWER = .)
 *(SORT_BY_ALIGNMENT(.ramfunc.$RAM2))
 *(SORT_BY_ALIGNMENT(.ramfunc.$SRAM_LOWER))
 *(SORT_BY_ALIGNMENT(.data.$RAM2))
 *(SORT_BY_ALIGNMENT(.data.$SRAM_LOWER))
 *(SORT_BY_ALIGNMENT(.data.$RAM2.*))
 *(SORT_BY_ALIGNMENT(.data.$SRAM_LOWER.*))
                0x1fff0000                . = ALIGN (0x8)
                [!provide]                PROVIDE (__end_data_RAM2 = .)
                [!provide]                PROVIDE (__end_data_SRAM_LOWER = .)

.data_RAM3      0x14000000        0x0 load address 0x00006520
 FILL mask 0xff
                [!provide]                PROVIDE (__start_data_RAM3 = .)
                [!provide]                PROVIDE (__start_data_FLEX_RAM = .)
 *(SORT_BY_ALIGNMENT(.ramfunc.$RAM3))
 *(SORT_BY_ALIGNMENT(.ramfunc.$FLEX_RAM))
 *(SORT_BY_ALIGNMENT(.data.$RAM3))
 *(SORT_BY_ALIGNMENT(.data.$FLEX_RAM))
 *(SORT_BY_ALIGNMENT(.data.$RAM3.*))
 *(SORT_BY_ALIGNMENT(.data.$FLEX_RAM.*))
                0x14000000                . = ALIGN (0x8)
                [!provide]                PROVIDE (__end_data_RAM3 = .)
                [!provide]                PROVIDE (__end_data_FLEX_RAM = .)

.uninit_RESERVED
                0x20000000        0x0
                0x20000000                _start_uninit_RESERVED = .
 *(SORT_BY_ALIGNMENT(.bss.$RESERVED*))
                0x20000000                . = ALIGN (0x8)
                0x20000000                _end_uninit_RESERVED = .

.data           0x20000000       0x38 load address 0x00006520
 FILL mask 0xff
                0x20000000                _data = .
                [!provide]                PROVIDE (__start_data_RAM = .)
                [!provide]                PROVIDE (__start_data_SRAM_UPPER = .)
 *(SORT_BY_ALIGNMENT(vtable))
 *(SORT_BY_ALIGNMENT(.ramfunc*))
 *(SORT_BY_ALIGNMENT(CodeQuickAccess))
 *(SORT_BY_ALIGNMENT(DataQuickAccess))
 *(SORT_BY_ALIGNMENT(RamFunction))
 *(SORT_BY_ALIGNMENT(.data*))
 .data.s_slowIrcFreq
                0x20000000        0x4 ./drivers/fsl_clock.o
 .data.s_fastIrcFreq
                0x20000004        0x4 ./drivers/fsl_clock.o
 .data.SystemCoreClock
                0x20000008        0x4 ./device/system_MK64F12.o
                0x20000008                SystemCoreClock
 .data.I2S0_Tx_config
                0x2000000c       0x1c ./board/peripherals.o
                0x2000000c                I2S0_Tx_config
 .data.I2S0_MCLK_config
                0x20000028        0xc ./board/peripherals.o
                0x20000028                I2S0_MCLK_config
                0x20000038                . = ALIGN (0x8)
 *fill*         0x20000034        0x4 ff
                0x20000038                _edata = .
                [!provide]                PROVIDE (__end_data_RAM = .)
                [!provide]                PROVIDE (__end_data_SRAM_UPPER = .)

.igot.plt       0x20000038        0x0 load address 0x00006558
 .igot.plt      0x20000038        0x0 ./startup/startup_mk64f12.o

.bss_RAM2       0x1fff0000        0x0
                [!provide]                PROVIDE (__start_bss_RAM2 = .)
                [!provide]                PROVIDE (__start_bss_SRAM_LOWER = .)
 *(SORT_BY_ALIGNMENT(.bss.$RAM2))
 *(SORT_BY_ALIGNMENT(.bss.$SRAM_LOWER))
 *(SORT_BY_ALIGNMENT(.bss.$RAM2.*))
 *(SORT_BY_ALIGNMENT(.bss.$SRAM_LOWER.*))
                0x1fff0000                . = ALIGN ((. != 0x0)?0x8:0x1)
                [!provide]                PROVIDE (__end_bss_RAM2 = .)
                [!provide]                PROVIDE (__end_bss_SRAM_LOWER = .)

.bss_RAM3       0x14000000        0x0
                [!provide]                PROVIDE (__start_bss_RAM3 = .)
                [!provide]                PROVIDE (__start_bss_FLEX_RAM = .)
 *(SORT_BY_ALIGNMENT(.bss.$RAM3))
 *(SORT_BY_ALIGNMENT(.bss.$FLEX_RAM))
 *(SORT_BY_ALIGNMENT(.bss.$RAM3.*))
 *(SORT_BY_ALIGNMENT(.bss.$FLEX_RAM.*))
                0x14000000                . = ALIGN ((. != 0x0)?0x8:0x1)
                [!provide]                PROVIDE (__end_bss_RAM3 = .)
                [!provide]                PROVIDE (__end_bss_FLEX_RAM = .)

.bss            0x20000038      0x260
                0x20000038                _bss = .
                [!provide]                PROVIDE (__start_bss_RAM = .)
                [!provide]                PROVIDE (__start_bss_SRAM_UPPER = .)
 *(SORT_BY_ALIGNMENT(.bss*))
 .bss.i.9432    0x20000038        0x4 ./source/MK64F12_Project.o
 .bss.g_xtal0Freq
                0x2000003c        0x4 ./drivers/fsl_clock.o
                0x2000003c                g_xtal0Freq
 .bss.g_xtal32Freq
                0x20000040        0x4 ./drivers/fsl_clock.o
                0x20000040                g_xtal32Freq
 .bss.s_EDMAHandle
                0x20000044       0x40 ./drivers/fsl_edma.o
 .bss.s_i2cHandle
                0x20000084        0xc ./drivers/fsl_i2c.o
 .bss.s_i2cMasterIsr
                0x20000090        0x4 ./drivers/fsl_i2c.o
 .bss.s_i2cSlaveIsr
                0x20000094        0x4 ./drivers/fsl_i2c.o
 .bss.s_saiHandle
                0x20000098        0x8 ./drivers/fsl_sai.o
 .bss.s_saiTxIsr
                0x200000a0        0x4 ./drivers/fsl_sai.o
 .bss.s_saiRxIsr
                0x200000a4        0x4 ./drivers/fsl_sai.o
 .bss.s_edmaPrivateHandle
                0x200000a8       0x10 ./drivers/fsl_sai_edma.o
 .bss.s_uartHandle
                0x200000b8       0x18 ./drivers/fsl_uart.o
 .bss.s_uartIsr
                0x200000d0        0x4 ./drivers/fsl_uart.o
 .bss.I2S0_TX_Handle
                0x200000d4       0x18 ./board/peripherals.o
                0x200000d4                I2S0_TX_Handle
 .bss.I2S0_SAI_Tx_eDMA_Handle
                0x200000ec       0xe8 ./board/peripherals.o
                0x200000ec                I2S0_SAI_Tx_eDMA_Handle
 .bss.__Ciob    0x200001d4       0xb4 c:/nxp/mcuxpressoide_11.3.0_5222/ide/plugins/com.nxp.mcuxpresso.tools.win32_11.3.0.202008311133/tools/bin/../lib/gcc/arm-none-eabi/9.3.1/../../../../arm-none-eabi/lib/thumb/v7e-m+fp/hard\libcr_semihost_nf.a(__ciob.o)
                0x200001d4                __Ciob
 .bss.__end_of_heap
                0x20000288        0x4 c:/nxp/mcuxpressoide_11.3.0_5222/ide/plugins/com.nxp.mcuxpresso.tools.win32_11.3.0.202008311133/tools/bin/../lib/gcc/arm-none-eabi/9.3.1/../../../../arm-none-eabi/lib/thumb/v7e-m+fp/hard\libcr_c.a(__init_alloc.o)
                0x20000288                __end_of_heap
 .bss.__heaps   0x2000028c        0x4 c:/nxp/mcuxpressoide_11.3.0_5222/ide/plugins/com.nxp.mcuxpresso.tools.win32_11.3.0.202008311133/tools/bin/../lib/gcc/arm-none-eabi/9.3.1/../../../../arm-none-eabi/lib/thumb/v7e-m+fp/hard\libcr_c.a(__init_alloc.o)
                0x2000028c                __heaps
 .bss.errno     0x20000290        0x4 c:/nxp/mcuxpressoide_11.3.0_5222/ide/plugins/com.nxp.mcuxpresso.tools.win32_11.3.0.202008311133/tools/bin/../lib/gcc/arm-none-eabi/9.3.1/../../../../arm-none-eabi/lib/thumb/v7e-m+fp/hard\libcr_c.a(errno.o)
                0x20000290                errno
 .bss.startInstanceNum.8217
                0x20000294        0x1 ./drivers/fsl_edma.o
 *(SORT_BY_ALIGNMENT(COMMON))
                0x20000298                . = ALIGN (0x8)
 *fill*         0x20000295        0x3 
                0x20000298                _ebss = .
                [!provide]                PROVIDE (__end_bss_RAM = .)
                [!provide]                PROVIDE (__end_bss_SRAM_UPPER = .)
                [!provide]                PROVIDE (end = .)

.noinit_RAM2    0x1fff0000        0x0
                [!provide]                PROVIDE (__start_noinit_RAM2 = .)
                [!provide]                PROVIDE (__start_noinit_SRAM_LOWER = .)
 *(SORT_BY_ALIGNMENT(.noinit.$RAM2))
 *(SORT_BY_ALIGNMENT(.noinit.$SRAM_LOWER))
 *(SORT_BY_ALIGNMENT(.noinit.$RAM2.*))
 *(SORT_BY_ALIGNMENT(.noinit.$SRAM_LOWER.*))
                0x1fff0000                . = ALIGN (0x8)
                [!provide]                PROVIDE (__end_noinit_RAM2 = .)
                [!provide]                PROVIDE (__end_noinit_SRAM_LOWER = .)

.noinit_RAM3    0x14000000        0x0
                [!provide]                PROVIDE (__start_noinit_RAM3 = .)
                [!provide]                PROVIDE (__start_noinit_FLEX_RAM = .)
 *(SORT_BY_ALIGNMENT(.noinit.$RAM3))
 *(SORT_BY_ALIGNMENT(.noinit.$FLEX_RAM))
 *(SORT_BY_ALIGNMENT(.noinit.$RAM3.*))
 *(SORT_BY_ALIGNMENT(.noinit.$FLEX_RAM.*))
                0x14000000                . = ALIGN (0x8)
                [!provide]                PROVIDE (__end_noinit_RAM3 = .)
                [!provide]                PROVIDE (__end_noinit_FLEX_RAM = .)

.noinit         0x20000298        0x0
                0x20000298                _noinit = .
                [!provide]                PROVIDE (__start_noinit_RAM = .)
                [!provide]                PROVIDE (__start_noinit_SRAM_UPPER = .)
 *(SORT_BY_ALIGNMENT(.noinit*))
                0x20000298                . = ALIGN (0x8)
                0x20000298                _end_noinit = .
                [!provide]                PROVIDE (__end_noinit_RAM = .)
                [!provide]                PROVIDE (__end_noinit_SRAM_UPPER = .)
                0x00001000                _HeapSize = 0x1000

.heap           0x20000298     0x1000
                0x20000298                _pvHeapStart = .
                0x20001298                . = (. + _HeapSize)
 *fill*         0x20000298     0x1000 
                0x20001298                . = ALIGN (0x8)
                0x20001298                _pvHeapLimit = .
                0x00001000                _StackSize = 0x1000

.heap2stackfill
                0x20001298     0x1000
                0x20002298                . = (. + _StackSize)
 *fill*         0x20001298     0x1000 

.stack          0x2002f000        0x0
                0x2002f000                _vStackBase = .
                0x2002f000                . = ALIGN (0x8)
                0x20030000                _vStackTop = (. + _StackSize)
                0x00000000                _image_start = LOADADDR (.text)
                0x00006558                _image_end = (LOADADDR (.data) + SIZEOF (.data))
                0x00006558                _image_size = (_image_end - _image_start)
OUTPUT(MK64F12_Project.axf elf32-littlearm)
LOAD linker stubs

.debug_info     0x00000000    0x13967
 .debug_info    0x00000000      0x92e ./startup/startup_mk64f12.o
 .debug_info    0x0000092e     0x1343 ./source/MK64F12_Project.o
 .debug_info    0x00001c71      0xfc4 ./source/UDA.o
 .debug_info    0x00002c35       0x3c ./source/semihost_hardfault.o
 .debug_info    0x00002c71     0x21ca ./drivers/fsl_clock.o
 .debug_info    0x00004e3b      0x6de ./drivers/fsl_dmamux.o
 .debug_info    0x00005519     0x230f ./drivers/fsl_edma.o
 .debug_info    0x00007828     0x1f08 ./drivers/fsl_i2c.o
 .debug_info    0x00009730     0x2f25 ./drivers/fsl_sai.o
 .debug_info    0x0000c655     0x1992 ./drivers/fsl_sai_edma.o
 .debug_info    0x0000dfe7     0x1cbb ./drivers/fsl_uart.o
 .debug_info    0x0000fca2      0x69f ./device/system_MK64F12.o
 .debug_info    0x00010341      0x672 ./board/board.o
 .debug_info    0x000109b3      0xcf0 ./board/clock_config.o
 .debug_info    0x000116a3     0x1616 ./board/peripherals.o
 .debug_info    0x00012cb9      0xcae ./board/pin_mux.o

.debug_abbrev   0x00000000     0x2737
 .debug_abbrev  0x00000000      0x17a ./startup/startup_mk64f12.o
 .debug_abbrev  0x0000017a      0x265 ./source/MK64F12_Project.o
 .debug_abbrev  0x000003df      0x22d ./source/UDA.o
 .debug_abbrev  0x0000060c       0x31 ./source/semihost_hardfault.o
 .debug_abbrev  0x0000063d      0x371 ./drivers/fsl_clock.o
 .debug_abbrev  0x000009ae      0x1b0 ./drivers/fsl_dmamux.o
 .debug_abbrev  0x00000b5e      0x3fd ./drivers/fsl_edma.o
 .debug_abbrev  0x00000f5b      0x395 ./drivers/fsl_i2c.o
 .debug_abbrev  0x000012f0      0x309 ./drivers/fsl_sai.o
 .debug_abbrev  0x000015f9      0x2eb ./drivers/fsl_sai_edma.o
 .debug_abbrev  0x000018e4      0x358 ./drivers/fsl_uart.o
 .debug_abbrev  0x00001c3c      0x170 ./device/system_MK64F12.o
 .debug_abbrev  0x00001dac      0x1a0 ./board/board.o
 .debug_abbrev  0x00001f4c      0x265 ./board/clock_config.o
 .debug_abbrev  0x000021b1      0x2a0 ./board/peripherals.o
 .debug_abbrev  0x00002451      0x2e6 ./board/pin_mux.o

.debug_aranges  0x00000000      0xfd0
 .debug_aranges
                0x00000000      0x330 ./startup/startup_mk64f12.o
 .debug_aranges
                0x00000330       0x30 ./source/MK64F12_Project.o
 .debug_aranges
                0x00000360       0x30 ./source/UDA.o
 .debug_aranges
                0x00000390       0x20 ./source/semihost_hardfault.o
 .debug_aranges
                0x000003b0      0x1f8 ./drivers/fsl_clock.o
 .debug_aranges
                0x000005a8       0x40 ./drivers/fsl_dmamux.o
 .debug_aranges
                0x000005e8      0x1e8 ./drivers/fsl_edma.o
 .debug_aranges
                0x000007d0      0x180 ./drivers/fsl_i2c.o
 .debug_aranges
                0x00000950      0x298 ./drivers/fsl_sai.o
 .debug_aranges
                0x00000be8       0xc0 ./drivers/fsl_sai_edma.o
 .debug_aranges
                0x00000ca8      0x180 ./drivers/fsl_uart.o
 .debug_aranges
                0x00000e28       0x30 ./device/system_MK64F12.o
 .debug_aranges
                0x00000e58       0x28 ./board/board.o
 .debug_aranges
                0x00000e80       0x80 ./board/clock_config.o
 .debug_aranges
                0x00000f00       0x48 ./board/peripherals.o
 .debug_aranges
                0x00000f48       0x88 ./board/pin_mux.o

.debug_ranges   0x00000000      0xed0
 .debug_ranges  0x00000000      0x320 ./startup/startup_mk64f12.o
 .debug_ranges  0x00000320       0x20 ./source/MK64F12_Project.o
 .debug_ranges  0x00000340       0x20 ./source/UDA.o
 .debug_ranges  0x00000360       0x10 ./source/semihost_hardfault.o
 .debug_ranges  0x00000370      0x1e8 ./drivers/fsl_clock.o
 .debug_ranges  0x00000558       0x30 ./drivers/fsl_dmamux.o
 .debug_ranges  0x00000588      0x1d8 ./drivers/fsl_edma.o
 .debug_ranges  0x00000760      0x170 ./drivers/fsl_i2c.o
 .debug_ranges  0x000008d0      0x288 ./drivers/fsl_sai.o
 .debug_ranges  0x00000b58       0xb0 ./drivers/fsl_sai_edma.o
 .debug_ranges  0x00000c08      0x170 ./drivers/fsl_uart.o
 .debug_ranges  0x00000d78       0x20 ./device/system_MK64F12.o
 .debug_ranges  0x00000d98       0x18 ./board/board.o
 .debug_ranges  0x00000db0       0x70 ./board/clock_config.o
 .debug_ranges  0x00000e20       0x38 ./board/peripherals.o
 .debug_ranges  0x00000e58       0x78 ./board/pin_mux.o

.debug_macro    0x00000000     0x185c
 .debug_macro   0x00000000       0x29 ./startup/startup_mk64f12.o
 .debug_macro   0x00000029      0x1d1 ./source/MK64F12_Project.o
 .debug_macro   0x000001fa       0xd8 ./source/MK64F12_Project.o
 .debug_macro   0x000002d2       0x22 ./source/MK64F12_Project.o
 .debug_macro   0x000002f4       0x16 ./source/MK64F12_Project.o
 .debug_macro   0x0000030a       0x16 ./source/MK64F12_Project.o
 .debug_macro   0x00000320       0x16 ./source/MK64F12_Project.o
 .debug_macro   0x00000336      0x1a4 ./source/MK64F12_Project.o
 .debug_macro   0x000004da       0x16 ./source/MK64F12_Project.o
 .debug_macro   0x000004f0       0x10 ./source/MK64F12_Project.o
 .debug_macro   0x00000500       0x22 ./source/MK64F12_Project.o
 .debug_macro   0x00000522       0x1e ./source/MK64F12_Project.o
 .debug_macro   0x00000540       0x64 ./source/MK64F12_Project.o
 .debug_macro   0x000005a4      0x2df ./source/MK64F12_Project.o
 .debug_macro   0x00000883       0x2e ./source/MK64F12_Project.o
 .debug_macro   0x000008b1      0x163 ./source/UDA.o
 .debug_macro   0x00000a14       0x1c ./source/UDA.o
 .debug_macro   0x00000a30       0x10 ./source/UDA.o
 .debug_macro   0x00000a40       0x11 ./source/semihost_hardfault.o
 .debug_macro   0x00000a51      0x1ba ./drivers/fsl_clock.o
 .debug_macro   0x00000c0b      0x104 ./drivers/fsl_dmamux.o
 .debug_macro   0x00000d0f      0x109 ./drivers/fsl_edma.o
 .debug_macro   0x00000e18      0x103 ./drivers/fsl_i2c.o
 .debug_macro   0x00000f1b       0x1c ./drivers/fsl_i2c.o
 .debug_macro   0x00000f37      0x109 ./drivers/fsl_sai.o
 .debug_macro   0x00001040       0x18 ./drivers/fsl_sai.o
 .debug_macro   0x00001058      0x122 ./drivers/fsl_sai_edma.o
 .debug_macro   0x0000117a      0x109 ./drivers/fsl_uart.o
 .debug_macro   0x00001283       0x10 ./drivers/fsl_uart.o
 .debug_macro   0x00001293       0x98 ./device/system_MK64F12.o
 .debug_macro   0x0000132b      0x16c ./board/board.o
 .debug_macro   0x00001497       0x16 ./board/board.o
 .debug_macro   0x000014ad      0x15f ./board/clock_config.o
 .debug_macro   0x0000160c      0x147 ./board/peripherals.o
 .debug_macro   0x00001753      0x109 ./board/pin_mux.o

.debug_line     0x00000000     0xa770
 .debug_line    0x00000000      0x90e ./startup/startup_mk64f12.o
 .debug_line    0x0000090e      0x698 ./source/MK64F12_Project.o
 .debug_line    0x00000fa6      0x4bb ./source/UDA.o
 .debug_line    0x00001461       0x59 ./source/semihost_hardfault.o
 .debug_line    0x000014ba     0x14e0 ./drivers/fsl_clock.o
 .debug_line    0x0000299a      0x3e5 ./drivers/fsl_dmamux.o
 .debug_line    0x00002d7f     0x1313 ./drivers/fsl_edma.o
 .debug_line    0x00004092     0x1413 ./drivers/fsl_i2c.o
 .debug_line    0x000054a5     0x1c39 ./drivers/fsl_sai.o
 .debug_line    0x000070de      0x983 ./drivers/fsl_sai_edma.o
 .debug_line    0x00007a61     0x135a ./drivers/fsl_uart.o
 .debug_line    0x00008dbb      0x3fd ./device/system_MK64F12.o
 .debug_line    0x000091b8      0x560 ./board/board.o
 .debug_line    0x00009718      0x553 ./board/clock_config.o
 .debug_line    0x00009c6b      0x486 ./board/peripherals.o
 .debug_line    0x0000a0f1      0x67f ./board/pin_mux.o

.debug_str      0x00000000    0x84268
 .debug_str     0x00000000     0x3696 ./startup/startup_mk64f12.o
                               0x3742 (size before relaxing)
 .debug_str     0x00003696    0x794d4 ./source/MK64F12_Project.o
                              0x7c49f (size before relaxing)
 .debug_str     0x0007cb6a      0x1c0 ./source/UDA.o
                              0x7a081 (size before relaxing)
 .debug_str     0x0007cd2a       0x1f ./source/semihost_hardfault.o
                               0x2ed3 (size before relaxing)
 .debug_str     0x0007cd49     0x22e6 ./drivers/fsl_clock.o
                              0x7b944 (size before relaxing)
 .debug_str     0x0007f02f       0xab ./drivers/fsl_dmamux.o
                              0x79dd7 (size before relaxing)
 .debug_str     0x0007f0da     0x12d8 ./drivers/fsl_edma.o
                              0x7b451 (size before relaxing)
 .debug_str     0x000803b2      0xb10 ./drivers/fsl_i2c.o
                              0x7b052 (size before relaxing)
 .debug_str     0x00080ec2      0xd54 ./drivers/fsl_sai.o
                              0x7b690 (size before relaxing)
 .debug_str     0x00081c16      0x34a ./drivers/fsl_sai_edma.o
                              0x7aaee (size before relaxing)
 .debug_str     0x00081f60      0xe0b ./drivers/fsl_uart.o
                              0x7b1b8 (size before relaxing)
 .debug_str     0x00082d6b      0x10f ./device/system_MK64F12.o
                              0x78384 (size before relaxing)
 .debug_str     0x00082e7a       0xc4 ./board/board.o
                              0x7ad30 (size before relaxing)
 .debug_str     0x00082f3e      0x455 ./board/clock_config.o
                              0x7a452 (size before relaxing)
 .debug_str     0x00083393      0x765 ./board/peripherals.o
                              0x7b259 (size before relaxing)
 .debug_str     0x00083af8      0x770 ./board/pin_mux.o
                              0x7aa49 (size before relaxing)

.comment        0x00000000       0x4c
 .comment       0x00000000       0x4c ./startup/startup_mk64f12.o
                                 0x4d (size before relaxing)
 .comment       0x0000004c       0x4d ./source/MK64F12_Project.o
 .comment       0x0000004c       0x4d ./source/UDA.o
 .comment       0x0000004c       0x4d ./source/semihost_hardfault.o
 .comment       0x0000004c       0x4d ./drivers/fsl_clock.o
 .comment       0x0000004c       0x4d ./drivers/fsl_dmamux.o
 .comment       0x0000004c       0x4d ./drivers/fsl_edma.o
 .comment       0x0000004c       0x4d ./drivers/fsl_i2c.o
 .comment       0x0000004c       0x4d ./drivers/fsl_sai.o
 .comment       0x0000004c       0x4d ./drivers/fsl_sai_edma.o
 .comment       0x0000004c       0x4d ./drivers/fsl_uart.o
 .comment       0x0000004c       0x4d ./device/system_MK64F12.o
 .comment       0x0000004c       0x4d ./board/board.o
 .comment       0x0000004c       0x4d ./board/clock_config.o
 .comment       0x0000004c       0x4d ./board/peripherals.o
 .comment       0x0000004c       0x4d ./board/pin_mux.o
 .comment       0x0000004c       0x4d c:/nxp/mcuxpressoide_11.3.0_5222/ide/plugins/com.nxp.mcuxpresso.tools.win32_11.3.0.202008311133/tools/bin/../lib/gcc/arm-none-eabi/9.3.1/../../../../arm-none-eabi/lib/thumb/v7e-m+fp/hard\libcr_semihost_nf.a(_cr__main.o)
 .comment       0x0000004c       0x4d c:/nxp/mcuxpressoide_11.3.0_5222/ide/plugins/com.nxp.mcuxpresso.tools.win32_11.3.0.202008311133/tools/bin/../lib/gcc/arm-none-eabi/9.3.1/../../../../arm-none-eabi/lib/thumb/v7e-m+fp/hard\libcr_semihost_nf.a(_cr_assert.o)
 .comment       0x0000004c       0x4d c:/nxp/mcuxpressoide_11.3.0_5222/ide/plugins/com.nxp.mcuxpresso.tools.win32_11.3.0.202008311133/tools/bin/../lib/gcc/arm-none-eabi/9.3.1/../../../../arm-none-eabi/lib/thumb/v7e-m+fp/hard\libcr_semihost_nf.a(__ciob.o)
 .comment       0x0000004c       0x4d c:/nxp/mcuxpressoide_11.3.0_5222/ide/plugins/com.nxp.mcuxpresso.tools.win32_11.3.0.202008311133/tools/bin/../lib/gcc/arm-none-eabi/9.3.1/../../../../arm-none-eabi/lib/thumb/v7e-m+fp/hard\libcr_c.a(memset.o)
 .comment       0x0000004c       0x4d c:/nxp/mcuxpressoide_11.3.0_5222/ide/plugins/com.nxp.mcuxpresso.tools.win32_11.3.0.202008311133/tools/bin/../lib/gcc/arm-none-eabi/9.3.1/../../../../arm-none-eabi/lib/thumb/v7e-m+fp/hard\libcr_c.a(_deferredlazyseek.o)
 .comment       0x0000004c       0x4d c:/nxp/mcuxpressoide_11.3.0_5222/ide/plugins/com.nxp.mcuxpresso.tools.win32_11.3.0.202008311133/tools/bin/../lib/gcc/arm-none-eabi/9.3.1/../../../../arm-none-eabi/lib/thumb/v7e-m+fp/hard\libcr_c.a(_fflush.o)
 .comment       0x0000004c       0x4d c:/nxp/mcuxpressoide_11.3.0_5222/ide/plugins/com.nxp.mcuxpresso.tools.win32_11.3.0.202008311133/tools/bin/../lib/gcc/arm-none-eabi/9.3.1/../../../../arm-none-eabi/lib/thumb/v7e-m+fp/hard\libcr_c.a(_writebuf.o)
 .comment       0x0000004c       0x4d c:/nxp/mcuxpressoide_11.3.0_5222/ide/plugins/com.nxp.mcuxpresso.tools.win32_11.3.0.202008311133/tools/bin/../lib/gcc/arm-none-eabi/9.3.1/../../../../arm-none-eabi/lib/thumb/v7e-m+fp/hard\libcr_c.a(alloc.o)
 .comment       0x0000004c       0x4d c:/nxp/mcuxpressoide_11.3.0_5222/ide/plugins/com.nxp.mcuxpresso.tools.win32_11.3.0.202008311133/tools/bin/../lib/gcc/arm-none-eabi/9.3.1/../../../../arm-none-eabi/lib/thumb/v7e-m+fp/hard\libcr_c.a(fputs.o)
 .comment       0x0000004c       0x4d c:/nxp/mcuxpressoide_11.3.0_5222/ide/plugins/com.nxp.mcuxpresso.tools.win32_11.3.0.202008311133/tools/bin/../lib/gcc/arm-none-eabi/9.3.1/../../../../arm-none-eabi/lib/thumb/v7e-m+fp/hard\libcr_c.a(fseek.o)
 .comment       0x0000004c       0x4d c:/nxp/mcuxpressoide_11.3.0_5222/ide/plugins/com.nxp.mcuxpresso.tools.win32_11.3.0.202008311133/tools/bin/../lib/gcc/arm-none-eabi/9.3.1/../../../../arm-none-eabi/lib/thumb/v7e-m+fp/hard\libcr_c.a(ftell.o)
 .comment       0x0000004c       0x4d c:/nxp/mcuxpressoide_11.3.0_5222/ide/plugins/com.nxp.mcuxpresso.tools.win32_11.3.0.202008311133/tools/bin/../lib/gcc/arm-none-eabi/9.3.1/../../../../arm-none-eabi/lib/thumb/v7e-m+fp/hard\libcr_c.a(initio.o)
 .comment       0x0000004c       0x4d c:/nxp/mcuxpressoide_11.3.0_5222/ide/plugins/com.nxp.mcuxpresso.tools.win32_11.3.0.202008311133/tools/bin/../lib/gcc/arm-none-eabi/9.3.1/../../../../arm-none-eabi/lib/thumb/v7e-m+fp/hard\libcr_c.a(printf.o)
 .comment       0x0000004c       0x4d c:/nxp/mcuxpressoide_11.3.0_5222/ide/plugins/com.nxp.mcuxpresso.tools.win32_11.3.0.202008311133/tools/bin/../lib/gcc/arm-none-eabi/9.3.1/../../../../arm-none-eabi/lib/thumb/v7e-m+fp/hard\libcr_c.a(setvbuf.o)
 .comment       0x0000004c       0x4d c:/nxp/mcuxpressoide_11.3.0_5222/ide/plugins/com.nxp.mcuxpresso.tools.win32_11.3.0.202008311133/tools/bin/../lib/gcc/arm-none-eabi/9.3.1/../../../../arm-none-eabi/lib/thumb/v7e-m+fp/hard\libcr_c.a(strlen.o)
 .comment       0x0000004c       0x4d c:/nxp/mcuxpressoide_11.3.0_5222/ide/plugins/com.nxp.mcuxpresso.tools.win32_11.3.0.202008311133/tools/bin/../lib/gcc/arm-none-eabi/9.3.1/../../../../arm-none-eabi/lib/thumb/v7e-m+fp/hard\libcr_c.a(__init_alloc.o)
 .comment       0x0000004c       0x4d c:/nxp/mcuxpressoide_11.3.0_5222/ide/plugins/com.nxp.mcuxpresso.tools.win32_11.3.0.202008311133/tools/bin/../lib/gcc/arm-none-eabi/9.3.1/../../../../arm-none-eabi/lib/thumb/v7e-m+fp/hard\libcr_c.a(_cr_sbrk.o)
 .comment       0x0000004c       0x4d c:/nxp/mcuxpressoide_11.3.0_5222/ide/plugins/com.nxp.mcuxpresso.tools.win32_11.3.0.202008311133/tools/bin/../lib/gcc/arm-none-eabi/9.3.1/../../../../arm-none-eabi/lib/thumb/v7e-m+fp/hard\libcr_c.a(_fdopen.o)
 .comment       0x0000004c       0x4d c:/nxp/mcuxpressoide_11.3.0_5222/ide/plugins/com.nxp.mcuxpresso.tools.win32_11.3.0.202008311133/tools/bin/../lib/gcc/arm-none-eabi/9.3.1/../../../../arm-none-eabi/lib/thumb/v7e-m+fp/hard\libcr_c.a(errno.o)
 .comment       0x0000004c       0x4d c:/nxp/mcuxpressoide_11.3.0_5222/ide/plugins/com.nxp.mcuxpresso.tools.win32_11.3.0.202008311133/tools/bin/../lib/gcc/arm-none-eabi/9.3.1/../../../../arm-none-eabi/lib/thumb/v7e-m+fp/hard\libcr_c.a(fclose.o)
 .comment       0x0000004c       0x4d c:/nxp/mcuxpressoide_11.3.0_5222/ide/plugins/com.nxp.mcuxpresso.tools.win32_11.3.0.202008311133/tools/bin/../lib/gcc/arm-none-eabi/9.3.1/../../../../arm-none-eabi/lib/thumb/v7e-m+fp/hard\libcr_c.a(fflush.o)
 .comment       0x0000004c       0x4d c:/nxp/mcuxpressoide_11.3.0_5222/ide/plugins/com.nxp.mcuxpresso.tools.win32_11.3.0.202008311133/tools/bin/../lib/gcc/arm-none-eabi/9.3.1/../../../../arm-none-eabi/lib/thumb/v7e-m+fp/hard\libcr_c.a(remove.o)
 .comment       0x0000004c       0x4d c:/nxp/mcuxpressoide_11.3.0_5222/ide/plugins/com.nxp.mcuxpresso.tools.win32_11.3.0.202008311133/tools/bin/../lib/gcc/arm-none-eabi/9.3.1/../../../../arm-none-eabi/lib/thumb/v7e-m+fp/hard\libcr_c.a(_cr_check_heap.o)
 .comment       0x0000004c       0x4d c:/nxp/mcuxpressoide_11.3.0_5222/ide/plugins/com.nxp.mcuxpresso.tools.win32_11.3.0.202008311133/tools/bin/../lib/gcc/arm-none-eabi/9.3.1/../../../../arm-none-eabi/lib/thumb/v7e-m+fp/hard\libcr_c.a(_do_fflush.o)

.ARM.attributes
                0x00000000       0x32
 .ARM.attributes
                0x00000000       0x34 ./startup/startup_mk64f12.o
 .ARM.attributes
                0x00000034       0x34 ./source/MK64F12_Project.o
 .ARM.attributes
                0x00000068       0x34 ./source/UDA.o
 .ARM.attributes
                0x0000009c       0x34 ./source/semihost_hardfault.o
 .ARM.attributes
                0x000000d0       0x34 ./drivers/fsl_clock.o
 .ARM.attributes
                0x00000104       0x34 ./drivers/fsl_dmamux.o
 .ARM.attributes
                0x00000138       0x34 ./drivers/fsl_edma.o
 .ARM.attributes
                0x0000016c       0x34 ./drivers/fsl_i2c.o
 .ARM.attributes
                0x000001a0       0x34 ./drivers/fsl_sai.o
 .ARM.attributes
                0x000001d4       0x34 ./drivers/fsl_sai_edma.o
 .ARM.attributes
                0x00000208       0x34 ./drivers/fsl_uart.o
 .ARM.attributes
                0x0000023c       0x34 ./device/system_MK64F12.o
 .ARM.attributes
                0x00000270       0x34 ./board/board.o
 .ARM.attributes
                0x000002a4       0x34 ./board/clock_config.o
 .ARM.attributes
                0x000002d8       0x34 ./board/peripherals.o
 .ARM.attributes
                0x0000030c       0x34 ./board/pin_mux.o
 .ARM.attributes
                0x00000340       0x34 c:/nxp/mcuxpressoide_11.3.0_5222/ide/plugins/com.nxp.mcuxpresso.tools.win32_11.3.0.202008311133/tools/bin/../lib/gcc/arm-none-eabi/9.3.1/../../../../arm-none-eabi/lib/thumb/v7e-m+fp/hard\libcr_semihost_nf.a(_cr__main.o)
 .ARM.attributes
                0x00000374       0x34 c:/nxp/mcuxpressoide_11.3.0_5222/ide/plugins/com.nxp.mcuxpresso.tools.win32_11.3.0.202008311133/tools/bin/../lib/gcc/arm-none-eabi/9.3.1/../../../../arm-none-eabi/lib/thumb/v7e-m+fp/hard\libcr_semihost_nf.a(_cr_assert.o)
 .ARM.attributes
                0x000003a8       0x39 c:/nxp/mcuxpressoide_11.3.0_5222/ide/plugins/com.nxp.mcuxpresso.tools.win32_11.3.0.202008311133/tools/bin/../lib/gcc/arm-none-eabi/9.3.1/../../../../arm-none-eabi/lib/thumb/v7e-m+fp/hard\libcr_semihost_nf.a(__ciob.o)
 .ARM.attributes
                0x000003e1       0x20 c:/nxp/mcuxpressoide_11.3.0_5222/ide/plugins/com.nxp.mcuxpresso.tools.win32_11.3.0.202008311133/tools/bin/../lib/gcc/arm-none-eabi/9.3.1/../../../../arm-none-eabi/lib/thumb/v7e-m+fp/hard\libcr_semihost_nf.a(__sys_appexit.o)
 .ARM.attributes
                0x00000401       0x34 c:/nxp/mcuxpressoide_11.3.0_5222/ide/plugins/com.nxp.mcuxpresso.tools.win32_11.3.0.202008311133/tools/bin/../lib/gcc/arm-none-eabi/9.3.1/../../../../arm-none-eabi/lib/thumb/v7e-m+fp/hard\libcr_c.a(memset.o)
 .ARM.attributes
                0x00000435       0x34 c:/nxp/mcuxpressoide_11.3.0_5222/ide/plugins/com.nxp.mcuxpresso.tools.win32_11.3.0.202008311133/tools/bin/../lib/gcc/arm-none-eabi/9.3.1/../../../../arm-none-eabi/lib/thumb/v7e-m+fp/hard\libcr_c.a(_deferredlazyseek.o)
 .ARM.attributes
                0x00000469       0x34 c:/nxp/mcuxpressoide_11.3.0_5222/ide/plugins/com.nxp.mcuxpresso.tools.win32_11.3.0.202008311133/tools/bin/../lib/gcc/arm-none-eabi/9.3.1/../../../../arm-none-eabi/lib/thumb/v7e-m+fp/hard\libcr_c.a(_fflush.o)
 .ARM.attributes
                0x0000049d       0x34 c:/nxp/mcuxpressoide_11.3.0_5222/ide/plugins/com.nxp.mcuxpresso.tools.win32_11.3.0.202008311133/tools/bin/../lib/gcc/arm-none-eabi/9.3.1/../../../../arm-none-eabi/lib/thumb/v7e-m+fp/hard\libcr_c.a(_writebuf.o)
 .ARM.attributes
                0x000004d1       0x34 c:/nxp/mcuxpressoide_11.3.0_5222/ide/plugins/com.nxp.mcuxpresso.tools.win32_11.3.0.202008311133/tools/bin/../lib/gcc/arm-none-eabi/9.3.1/../../../../arm-none-eabi/lib/thumb/v7e-m+fp/hard\libcr_c.a(alloc.o)
 .ARM.attributes